Partition of a set of 125297 objects. Total size = 16870670 bytes.
 Index  Count   %     Size   % Cumulative  % Kind (class / dict of class)
     0  30589  24  4635736  27   4635736  27 str
     1  29243  23  2224280  13   6860016  41 tuple
     2   7742   6  1858080  11   8718096  52 dict of evaluateFuncs.Cell
     3  14757  12  1123926   7   9842022  58 bytes
     4   7400   6  1069592   6  10911614  65 types.CodeType
     5   6913   6   940168   6  11851782  70 function
     6    993   1   856264   5  12708046  75 type
     7    308   0   562568   3  13270614  79 dict of module
     8   1326   1   533784   3  13804398  82 dict (no owner)
     9    993   1   533448   3  14337846  85 dict of type
<287 more rows. Type e.g. '_.more' to view.>
Partition of a set of 125295 objects. Total size = 16870568 bytes.
 Index  Count   %     Size   % Cumulative  % Kind (class / dict of class)
     0  30587  24  4635634  27   4635634  27 str
     1  29243  23  2224280  13   6859914  41 tuple
     2   7742   6  1858080  11   8717994  52 dict of evaluateFuncs.Cell
     3  14757  12  1123926   7   9841920  58 bytes
     4   7400   6  1069592   6  10911512  65 types.CodeType
     5   6913   6   940168   6  11851680  70 function
     6    993   1   856264   5  12707944  75 type
     7    308   0   562568   3  13270512  79 dict of module
     8   1326   1   533784   3  13804296  82 dict (no owner)
     9    993   1   533448   3  14337744  85 dict of type
<287 more rows. Type e.g. '_.more' to view.>
Partition of a set of 125297 objects. Total size = 16870668 bytes.
 Index  Count   %     Size   % Cumulative  % Kind (class / dict of class)
     0  30589  24  4635734  27   4635734  27 str
     1  29243  23  2224280  13   6860014  41 tuple
     2   7742   6  1858080  11   8718094  52 dict of evaluateFuncs.Cell
     3  14757  12  1123926   7   9842020  58 bytes
     4   7400   6  1069592   6  10911612  65 types.CodeType
     5   6913   6   940168   6  11851780  70 function
     6    993   1   856264   5  12708044  75 type
     7    308   0   562568   3  13270612  79 dict of module
     8   1326   1   533784   3  13804396  82 dict (no owner)
     9    993   1   533448   3  14337844  85 dict of type
<287 more rows. Type e.g. '_.more' to view.>
Partition of a set of 131339 objects. Total size = 17500787 bytes.
 Index  Count   %     Size   % Cumulative  % Kind (class / dict of class)
     0  32132  24  4764509  27   4764509  27 str
     1  31340  24  2392080  14   7156589  41 tuple
     2   7742   6  1858080  11   9014669  52 dict of evaluateFuncs.Cell
     3  15634  12  1201994   7  10216663  58 bytes
     4   7778   6  1124152   6  11340815  65 types.CodeType
     5   7301   6   992936   6  12333751  70 function
     6   1018   1   883480   5  13217231  76 type
     7    323   0   581984   3  13799215  79 dict of module
     8   1361   1   554608   3  14353823  82 dict (no owner)
     9   1018   1   547080   3  14900903  85 dict of type
<291 more rows. Type e.g. '_.more' to view.>Partition of a set of 139254 objects. Total size = 18732831 bytes.
 Index  Count   %     Size   % Cumulative  % Kind (class / dict of class)
     0  32132  23  4764509  25   4764509  25 str
     1  11613   8  2787120  15   7551629  40 dict of evaluateFuncs.Cell
     2  31343  23  2392264  13   9943893  53 tuple
     3  15634  11  1201994   6  11145887  59 bytes
     4   7778   6  1124152   6  12270039  66 types.CodeType
     5   7301   5   992936   5  13262975  71 function
     6   1018   1   883480   5  14146455  76 type
     7  11613   8   650328   3  14796783  79 evaluateFuncs.Cell
     8    323   0   581984   3  15378767  82 dict of module
     9   1361   1   554888   3  15933655  85 dict (no owner)
<291 more rows. Type e.g. '_.more' to view.>Partition of a set of 139253 objects. Total size = 18732423 bytes.
 Index  Count   %     Size   % Cumulative  % Kind (class / dict of class)
     0  32132  23  4764509  25   4764509  25 str
     1  11613   8  2787120  15   7551629  40 dict of evaluateFuncs.Cell
     2  31343  23  2392264  13   9943893  53 tuple
     3  15634  11  1201994   6  11145887  60 bytes
     4   7778   6  1124152   6  12270039  66 types.CodeType
     5   7301   5   992936   5  13262975  71 function
     6   1018   1   883480   5  14146455  76 type
     7  11613   8   650328   3  14796783  79 evaluateFuncs.Cell
     8    323   0   581984   3  15378767  82 dict of module
     9   1361   1   554608   3  15933375  85 dict (no owner)
<291 more rows. Type e.g. '_.more' to view.>Partition of a set of 139252 objects. Total size = 18732199 bytes.
 Index  Count   %     Size   % Cumulative  % Kind (class / dict of class)
     0  32132  23  4764509  25   4764509  25 str
     1  11613   8  2787120  15   7551629  40 dict of evaluateFuncs.Cell
     2  31343  23  2392264  13   9943893  53 tuple
     3  15634  11  1201994   6  11145887  60 bytes
     4   7778   6  1124152   6  12270039  66 types.CodeType
     5   7301   5   992936   5  13262975  71 function
     6   1018   1   883480   5  14146455  76 type
     7  11613   8   650328   3  14796783  79 evaluateFuncs.Cell
     8    323   0   581984   3  15378767  82 dict of module
     9   1361   1   554480   3  15933247  85 dict (no owner)
<291 more rows. Type e.g. '_.more' to view.>Partition of a set of 139252 objects. Total size = 18732199 bytes.
 Index  Count   %     Size   % Cumulative  % Kind (class / dict of class)
     0  32132  23  4764509  25   4764509  25 str
     1  11613   8  2787120  15   7551629  40 dict of evaluateFuncs.Cell
     2  31343  23  2392264  13   9943893  53 tuple
     3  15634  11  1201994   6  11145887  60 bytes
     4   7778   6  1124152   6  12270039  66 types.CodeType
     5   7301   5   992936   5  13262975  71 function
     6   1018   1   883480   5  14146455  76 type
     7  11613   8   650328   3  14796783  79 evaluateFuncs.Cell
     8    323   0   581984   3  15378767  82 dict of module
     9   1361   1   554480   3  15933247  85 dict (no owner)
<291 more rows. Type e.g. '_.more' to view.>Partition of a set of 139253 objects. Total size = 18732295 bytes.
 Index  Count   %     Size   % Cumulative  % Kind (class / dict of class)
     0  32132  23  4764509  25   4764509  25 str
     1  11613   8  2787120  15   7551629  40 dict of evaluateFuncs.Cell
     2  31343  23  2392264  13   9943893  53 tuple
     3  15634  11  1201994   6  11145887  60 bytes
     4   7778   6  1124152   6  12270039  66 types.CodeType
     5   7301   5   992936   5  13262975  71 function
     6   1018   1   883480   5  14146455  76 type
     7  11613   8   650328   3  14796783  79 evaluateFuncs.Cell
     8    323   0   581984   3  15378767  82 dict of module
     9   1361   1   554480   3  15933247  85 dict (no owner)
<291 more rows. Type e.g. '_.more' to view.>Partition of a set of 139254 objects. Total size = 18732423 bytes.
 Index  Count   %     Size   % Cumulative  % Kind (class / dict of class)
     0  32132  23  4764509  25   4764509  25 str
     1  11613   8  2787120  15   7551629  40 dict of evaluateFuncs.Cell
     2  31343  23  2392264  13   9943893  53 tuple
     3  15634  11  1201994   6  11145887  60 bytes
     4   7778   6  1124152   6  12270039  66 types.CodeType
     5   7301   5   992936   5  13262975  71 function
     6   1018   1   883480   5  14146455  76 type
     7  11613   8   650328   3  14796783  79 evaluateFuncs.Cell
     8    323   0   581984   3  15378767  82 dict of module
     9   1361   1   554480   3  15933247  85 dict (no owner)
<291 more rows. Type e.g. '_.more' to view.>Partition of a set of 139254 objects. Total size = 18732423 bytes.
 Index  Count   %     Size   % Cumulative  % Kind (class / dict of class)
     0  32132  23  4764509  25   4764509  25 str
     1  11613   8  2787120  15   7551629  40 dict of evaluateFuncs.Cell
     2  31343  23  2392264  13   9943893  53 tuple
     3  15634  11  1201994   6  11145887  60 bytes
     4   7778   6  1124152   6  12270039  66 types.CodeType
     5   7301   5   992936   5  13262975  71 function
     6   1018   1   883480   5  14146455  76 type
     7  11613   8   650328   3  14796783  79 evaluateFuncs.Cell
     8    323   0   581984   3  15378767  82 dict of module
     9   1361   1   554480   3  15933247  85 dict (no owner)
<291 more rows. Type e.g. '_.more' to view.>Partition of a set of 139255 objects. Total size = 18732519 bytes.
 Index  Count   %     Size   % Cumulative  % Kind (class / dict of class)
     0  32132  23  4764509  25   4764509  25 str
     1  11613   8  2787120  15   7551629  40 dict of evaluateFuncs.Cell
     2  31343  23  2392264  13   9943893  53 tuple
     3  15634  11  1201994   6  11145887  60 bytes
     4   7778   6  1124152   6  12270039  66 types.CodeType
     5   7301   5   992936   5  13262975  71 function
     6   1018   1   883480   5  14146455  76 type
     7  11613   8   650328   3  14796783  79 evaluateFuncs.Cell
     8    323   0   581984   3  15378767  82 dict of module
     9   1361   1   554480   3  15933247  85 dict (no owner)
<291 more rows. Type e.g. '_.more' to view.>Partition of a set of 131338 objects. Total size = 17500531 bytes.
 Index  Count   %     Size   % Cumulative  % Kind (class / dict of class)
     0  32132  24  4764509  27   4764509  27 str
     1  31340  24  2392080  14   7156589  41 tuple
     2   7742   6  1858080  11   9014669  52 dict of evaluateFuncs.Cell
     3  15634  12  1201994   7  10216663  58 bytes
     4   7778   6  1124152   6  11340815  65 types.CodeType
     5   7301   6   992936   6  12333751  70 function
     6   1018   1   883480   5  13217231  76 type
     7    323   0   581984   3  13799215  79 dict of module
     8   1361   1   554480   3  14353695  82 dict (no owner)
     9   1018   1   547080   3  14900775  85 dict of type
<291 more rows. Type e.g. '_.more' to view.>Partition of a set of 139254 objects. Total size = 18732423 bytes.
 Index  Count   %     Size   % Cumulative  % Kind (class / dict of class)
     0  32132  23  4764509  25   4764509  25 str
     1  11613   8  2787120  15   7551629  40 dict of evaluateFuncs.Cell
     2  31343  23  2392264  13   9943893  53 tuple
     3  15634  11  1201994   6  11145887  60 bytes
     4   7778   6  1124152   6  12270039  66 types.CodeType
     5   7301   5   992936   5  13262975  71 function
     6   1018   1   883480   5  14146455  76 type
     7  11613   8   650328   3  14796783  79 evaluateFuncs.Cell
     8    323   0   581984   3  15378767  82 dict of module
     9   1361   1   554480   3  15933247  85 dict (no owner)
<291 more rows. Type e.g. '_.more' to view.>Partition of a set of 131483 objects. Total size = 17515885 bytes.
 Index  Count   %     Size   % Cumulative  % Kind (class / dict of class)
     0  32211  24  4770372  27   4770372  27 str
     1  31367  24  2394584  14   7164956  41 tuple
     2   7742   6  1858080  11   9023036  52 dict of evaluateFuncs.Cell
     3  15649  12  1203793   7  10226829  58 bytes
     4   7785   6  1125160   6  11351989  65 types.CodeType
     5   7307   6   993752   6  12345741  70 function
     6   1018   1   883480   5  13229221  76 type
     7    325   0   582184   3  13811405  79 dict of module
     8   1361   1   555016   3  14366421  82 dict (no owner)
     9   1018   1   547080   3  14913501  85 dict of type
<287 more rows. Type e.g. '_.more' to view.>Partition of a set of 139345 objects. Total size = 18745073 bytes.
 Index  Count   %     Size   % Cumulative  % Kind (class / dict of class)
     0  32211  23  4770372  25   4770372  25 str
     1  11613   8  2787120  15   7557492  40 dict of evaluateFuncs.Cell
     2  31370  23  2394768  13   9952260  53 tuple
     3  15649  11  1203793   6  11156053  60 bytes
     4   7785   6  1125160   6  12281213  66 types.CodeType
     5   7307   5   993752   5  13274965  71 function
     6   1018   1   883480   5  14158445  76 type
     7  11613   8   650328   3  14808773  79 evaluateFuncs.Cell
     8    325   0   582184   3  15390957  82 dict of module
     9   1361   1   555016   3  15945973  85 dict (no owner)
<287 more rows. Type e.g. '_.more' to view.>Partition of a set of 139346 objects. Total size = 18744633 bytes.
 Index  Count   %     Size   % Cumulative  % Kind (class / dict of class)
     0  32211  23  4770372  25   4770372  25 str
     1  11613   8  2787120  15   7557492  40 dict of evaluateFuncs.Cell
     2  31370  23  2394768  13   9952260  53 tuple
     3  15649  11  1203793   6  11156053  60 bytes
     4   7785   6  1125160   6  12281213  66 types.CodeType
     5   7307   5   993752   5  13274965  71 function
     6   1018   1   883480   5  14158445  76 type
     7  11613   8   650328   3  14808773  79 evaluateFuncs.Cell
     8    325   0   582184   3  15390957  82 dict of module
     9   1361   1   554480   3  15945437  85 dict (no owner)
<287 more rows. Type e.g. '_.more' to view.>Partition of a set of 139345 objects. Total size = 18744537 bytes.
 Index  Count   %     Size   % Cumulative  % Kind (class / dict of class)
     0  32211  23  4770372  25   4770372  25 str
     1  11613   8  2787120  15   7557492  40 dict of evaluateFuncs.Cell
     2  31370  23  2394768  13   9952260  53 tuple
     3  15649  11  1203793   6  11156053  60 bytes
     4   7785   6  1125160   6  12281213  66 types.CodeType
     5   7307   5   993752   5  13274965  71 function
     6   1018   1   883480   5  14158445  76 type
     7  11613   8   650328   3  14808773  79 evaluateFuncs.Cell
     8    325   0   582184   3  15390957  82 dict of module
     9   1361   1   554480   3  15945437  85 dict (no owner)
<287 more rows. Type e.g. '_.more' to view.>Partition of a set of 139347 objects. Total size = 18744761 bytes.
 Index  Count   %     Size   % Cumulative  % Kind (class / dict of class)
     0  32211  23  4770372  25   4770372  25 str
     1  11613   8  2787120  15   7557492  40 dict of evaluateFuncs.Cell
     2  31370  23  2394768  13   9952260  53 tuple
     3  15649  11  1203793   6  11156053  60 bytes
     4   7785   6  1125160   6  12281213  66 types.CodeType
     5   7307   5   993752   5  13274965  71 function
     6   1018   1   883480   5  14158445  76 type
     7  11613   8   650328   3  14808773  79 evaluateFuncs.Cell
     8    325   0   582184   3  15390957  82 dict of module
     9   1361   1   554480   3  15945437  85 dict (no owner)
<287 more rows. Type e.g. '_.more' to view.>Partition of a set of 139351 objects. Total size = 18745177 bytes.
 Index  Count   %     Size   % Cumulative  % Kind (class / dict of class)
     0  32211  23  4770372  25   4770372  25 str
     1  11613   8  2787120  15   7557492  40 dict of evaluateFuncs.Cell
     2  31370  23  2394768  13   9952260  53 tuple
     3  15649  11  1203793   6  11156053  60 bytes
     4   7785   6  1125160   6  12281213  66 types.CodeType
     5   7307   5   993752   5  13274965  71 function
     6   1018   1   883480   5  14158445  76 type
     7  11613   8   650328   3  14808773  79 evaluateFuncs.Cell
     8    325   0   582184   3  15390957  82 dict of module
     9   1361   1   554480   3  15945437  85 dict (no owner)
<287 more rows. Type e.g. '_.more' to view.>Partition of a set of 139348 objects. Total size = 18744577 bytes.
 Index  Count   %     Size   % Cumulative  % Kind (class / dict of class)
     0  32211  23  4770372  25   4770372  25 str
     1  11613   8  2787120  15   7557492  40 dict of evaluateFuncs.Cell
     2  31370  23  2394768  13   9952260  53 tuple
     3  15649  11  1203793   6  11156053  60 bytes
     4   7785   6  1125160   6  12281213  66 types.CodeType
     5   7307   5   993752   5  13274965  71 function
     6   1018   1   883480   5  14158445  76 type
     7  11613   8   650328   3  14808773  79 evaluateFuncs.Cell
     8    325   0   582184   3  15390957  82 dict of module
     9   1361   1   554200   3  15945157  85 dict (no owner)
<287 more rows. Type e.g. '_.more' to view.>Partition of a set of 139346 objects. Total size = 18744225 bytes.
 Index  Count   %     Size   % Cumulative  % Kind (class / dict of class)
     0  32211  23  4770372  25   4770372  25 str
     1  11613   8  2787120  15   7557492  40 dict of evaluateFuncs.Cell
     2  31370  23  2394768  13   9952260  53 tuple
     3  15649  11  1203793   6  11156053  60 bytes
     4   7785   6  1125160   6  12281213  66 types.CodeType
     5   7307   5   993752   5  13274965  71 function
     6   1018   1   883480   5  14158445  76 type
     7  11613   8   650328   3  14808773  79 evaluateFuncs.Cell
     8    325   0   582184   3  15390957  82 dict of module
     9   1361   1   554072   3  15945029  85 dict (no owner)
<287 more rows. Type e.g. '_.more' to view.>Partition of a set of 139350 objects. Total size = 18744641 bytes.
 Index  Count   %     Size   % Cumulative  % Kind (class / dict of class)
     0  32211  23  4770372  25   4770372  25 str
     1  11613   8  2787120  15   7557492  40 dict of evaluateFuncs.Cell
     2  31370  23  2394768  13   9952260  53 tuple
     3  15649  11  1203793   6  11156053  60 bytes
     4   7785   6  1125160   6  12281213  66 types.CodeType
     5   7307   5   993752   5  13274965  71 function
     6   1018   1   883480   5  14158445  76 type
     7  11613   8   650328   3  14808773  79 evaluateFuncs.Cell
     8    325   0   582184   3  15390957  82 dict of module
     9   1361   1   554072   3  15945029  85 dict (no owner)
<287 more rows. Type e.g. '_.more' to view.>Partition of a set of 139351 objects. Total size = 18744769 bytes.
 Index  Count   %     Size   % Cumulative  % Kind (class / dict of class)
     0  32211  23  4770372  25   4770372  25 str
     1  11613   8  2787120  15   7557492  40 dict of evaluateFuncs.Cell
     2  31370  23  2394768  13   9952260  53 tuple
     3  15649  11  1203793   6  11156053  60 bytes
     4   7785   6  1125160   6  12281213  66 types.CodeType
     5   7307   5   993752   5  13274965  71 function
     6   1018   1   883480   5  14158445  76 type
     7  11613   8   650328   3  14808773  79 evaluateFuncs.Cell
     8    325   0   582184   3  15390957  82 dict of module
     9   1361   1   554072   3  15945029  85 dict (no owner)
<287 more rows. Type e.g. '_.more' to view.>Partition of a set of 131431 objects. Total size = 17512461 bytes.
 Index  Count   %     Size   % Cumulative  % Kind (class / dict of class)
     0  32211  25  4770372  27   4770372  27 str
     1  31367  24  2394584  14   7164956  41 tuple
     2   7742   6  1858080  11   9023036  52 dict of evaluateFuncs.Cell
     3  15649  12  1203793   7  10226829  58 bytes
     4   7785   6  1125160   6  11351989  65 types.CodeType
     5   7307   6   993752   6  12345741  70 function
     6   1018   1   883480   5  13229221  76 type
     7    325   0   582184   3  13811405  79 dict of module
     8   1361   1   554072   3  14365477  82 dict (no owner)
     9   1018   1   547080   3  14912557  85 dict of type
<287 more rows. Type e.g. '_.more' to view.>Partition of a set of 139345 objects. Total size = 18744129 bytes.
 Index  Count   %     Size   % Cumulative  % Kind (class / dict of class)
     0  32211  23  4770372  25   4770372  25 str
     1  11613   8  2787120  15   7557492  40 dict of evaluateFuncs.Cell
     2  31370  23  2394768  13   9952260  53 tuple
     3  15649  11  1203793   6  11156053  60 bytes
     4   7785   6  1125160   6  12281213  66 types.CodeType
     5   7307   5   993752   5  13274965  71 function
     6   1018   1   883480   5  14158445  76 type
     7  11613   8   650328   3  14808773  79 evaluateFuncs.Cell
     8    325   0   582184   3  15390957  82 dict of module
     9   1361   1   554072   3  15945029  85 dict (no owner)
<287 more rows. Type e.g. '_.more' to view.>Partition of a set of 139343 objects. Total size = 18744005 bytes.
 Index  Count   %     Size   % Cumulative  % Kind (class / dict of class)
     0  32211  23  4770372  25   4770372  25 str
     1  11613   8  2787120  15   7557492  40 dict of evaluateFuncs.Cell
     2  31370  23  2394768  13   9952260  53 tuple
     3  15649  11  1203793   6  11156053  60 bytes
     4   7785   6  1125160   6  12281213  66 types.CodeType
     5   7307   5   993752   5  13274965  71 function
     6   1018   1   883480   5  14158445  76 type
     7  11613   8   650328   3  14808773  79 evaluateFuncs.Cell
     8    325   0   582184   3  15390957  82 dict of module
     9   1361   1   554072   3  15945029  85 dict (no owner)
<287 more rows. Type e.g. '_.more' to view.>Partition of a set of 139341 objects. Total size = 18743881 bytes.
 Index  Count   %     Size   % Cumulative  % Kind (class / dict of class)
     0  32211  23  4770372  25   4770372  25 str
     1  11613   8  2787120  15   7557492  40 dict of evaluateFuncs.Cell
     2  31370  23  2394768  13   9952260  53 tuple
     3  15649  11  1203793   6  11156053  60 bytes
     4   7785   6  1125160   6  12281213  66 types.CodeType
     5   7307   5   993752   5  13274965  71 function
     6   1018   1   883480   5  14158445  76 type
     7  11613   8   650328   3  14808773  79 evaluateFuncs.Cell
     8    325   0   582184   3  15390957  82 dict of module
     9   1361   1   554072   3  15945029  85 dict (no owner)
<287 more rows. Type e.g. '_.more' to view.>Partition of a set of 131490 objects. Total size = 17516718 bytes.
 Index  Count   %     Size   % Cumulative  % Kind (class / dict of class)
     0  32208  24  4770253  27   4770253  27 str
     1  31368  24  2394536  14   7164789  41 tuple
     2   7742   6  1858080  11   9022869  52 dict of evaluateFuncs.Cell
     3  15649  12  1203689   7  10226558  58 bytes
     4   7785   6  1125160   6  11351718  65 types.CodeType
     5   7307   6   993752   6  12345470  70 function
     6   1018   1   883480   5  13228950  76 type
     7    325   0   582184   3  13811134  79 dict of module
     8   1361   1   555016   3  14366150  82 dict (no owner)
     9   1018   1   547080   3  14913230  85 dict of type
<287 more rows. Type e.g. '_.more' to view.>Partition of a set of 139354 objects. Total size = 18746130 bytes.
 Index  Count   %     Size   % Cumulative  % Kind (class / dict of class)
     0  32208  23  4770253  25   4770253  25 str
     1  11613   8  2787120  15   7557373  40 dict of evaluateFuncs.Cell
     2  31371  23  2394720  13   9952093  53 tuple
     3  15649  11  1203689   6  11155782  60 bytes
     4   7785   6  1125160   6  12280942  66 types.CodeType
     5   7307   5   993752   5  13274694  71 function
     6   1018   1   883480   5  14158174  76 type
     7  11613   8   650328   3  14808502  79 evaluateFuncs.Cell
     8    325   0   582184   3  15390686  82 dict of module
     9   1361   1   555016   3  15945702  85 dict (no owner)
<287 more rows. Type e.g. '_.more' to view.>Partition of a set of 139352 objects. Total size = 18745370 bytes.
 Index  Count   %     Size   % Cumulative  % Kind (class / dict of class)
     0  32208  23  4770253  25   4770253  25 str
     1  11613   8  2787120  15   7557373  40 dict of evaluateFuncs.Cell
     2  31371  23  2394720  13   9952093  53 tuple
     3  15649  11  1203689   6  11155782  60 bytes
     4   7785   6  1125160   6  12280942  66 types.CodeType
     5   7307   5   993752   5  13274694  71 function
     6   1018   1   883480   5  14158174  76 type
     7  11613   8   650328   3  14808502  79 evaluateFuncs.Cell
     8    325   0   582184   3  15390686  82 dict of module
     9   1361   1   554480   3  15945166  85 dict (no owner)
<287 more rows. Type e.g. '_.more' to view.>Partition of a set of 139351 objects. Total size = 18745242 bytes.
 Index  Count   %     Size   % Cumulative  % Kind (class / dict of class)
     0  32208  23  4770253  25   4770253  25 str
     1  11613   8  2787120  15   7557373  40 dict of evaluateFuncs.Cell
     2  31371  23  2394720  13   9952093  53 tuple
     3  15649  11  1203689   6  11155782  60 bytes
     4   7785   6  1125160   6  12280942  66 types.CodeType
     5   7307   5   993752   5  13274694  71 function
     6   1018   1   883480   5  14158174  76 type
     7  11613   8   650328   3  14808502  79 evaluateFuncs.Cell
     8    325   0   582184   3  15390686  82 dict of module
     9   1361   1   554480   3  15945166  85 dict (no owner)
<287 more rows. Type e.g. '_.more' to view.>Partition of a set of 139352 objects. Total size = 18745338 bytes.
 Index  Count   %     Size   % Cumulative  % Kind (class / dict of class)
     0  32208  23  4770253  25   4770253  25 str
     1  11613   8  2787120  15   7557373  40 dict of evaluateFuncs.Cell
     2  31371  23  2394720  13   9952093  53 tuple
     3  15649  11  1203689   6  11155782  60 bytes
     4   7785   6  1125160   6  12280942  66 types.CodeType
     5   7307   5   993752   5  13274694  71 function
     6   1018   1   883480   5  14158174  76 type
     7  11613   8   650328   3  14808502  79 evaluateFuncs.Cell
     8    325   0   582184   3  15390686  82 dict of module
     9   1361   1   554480   3  15945166  85 dict (no owner)
<287 more rows. Type e.g. '_.more' to view.>Partition of a set of 139350 objects. Total size = 18745146 bytes.
 Index  Count   %     Size   % Cumulative  % Kind (class / dict of class)
     0  32208  23  4770253  25   4770253  25 str
     1  11613   8  2787120  15   7557373  40 dict of evaluateFuncs.Cell
     2  31371  23  2394720  13   9952093  53 tuple
     3  15649  11  1203689   6  11155782  60 bytes
     4   7785   6  1125160   6  12280942  66 types.CodeType
     5   7307   5   993752   5  13274694  71 function
     6   1018   1   883480   5  14158174  76 type
     7  11613   8   650328   3  14808502  79 evaluateFuncs.Cell
     8    325   0   582184   3  15390686  82 dict of module
     9   1361   1   554480   3  15945166  85 dict (no owner)
<287 more rows. Type e.g. '_.more' to view.>Partition of a set of 139349 objects. Total size = 18744770 bytes.
 Index  Count   %     Size   % Cumulative  % Kind (class / dict of class)
     0  32208  23  4770253  25   4770253  25 str
     1  11613   8  2787120  15   7557373  40 dict of evaluateFuncs.Cell
     2  31371  23  2394720  13   9952093  53 tuple
     3  15649  11  1203689   6  11155782  60 bytes
     4   7785   6  1125160   6  12280942  66 types.CodeType
     5   7307   5   993752   5  13274694  71 function
     6   1018   1   883480   5  14158174  76 type
     7  11613   8   650328   3  14808502  79 evaluateFuncs.Cell
     8    325   0   582184   3  15390686  82 dict of module
     9   1361   1   554200   3  15944886  85 dict (no owner)
<287 more rows. Type e.g. '_.more' to view.>Partition of a set of 139350 objects. Total size = 18744738 bytes.
 Index  Count   %     Size   % Cumulative  % Kind (class / dict of class)
     0  32208  23  4770253  25   4770253  25 str
     1  11613   8  2787120  15   7557373  40 dict of evaluateFuncs.Cell
     2  31371  23  2394720  13   9952093  53 tuple
     3  15649  11  1203689   6  11155782  60 bytes
     4   7785   6  1125160   6  12280942  66 types.CodeType
     5   7307   5   993752   5  13274694  71 function
     6   1018   1   883480   5  14158174  76 type
     7  11613   8   650328   3  14808502  79 evaluateFuncs.Cell
     8    325   0   582184   3  15390686  82 dict of module
     9   1361   1   554072   3  15944758  85 dict (no owner)
<287 more rows. Type e.g. '_.more' to view.>Partition of a set of 139351 objects. Total size = 18744834 bytes.
 Index  Count   %     Size   % Cumulative  % Kind (class / dict of class)
     0  32208  23  4770253  25   4770253  25 str
     1  11613   8  2787120  15   7557373  40 dict of evaluateFuncs.Cell
     2  31371  23  2394720  13   9952093  53 tuple
     3  15649  11  1203689   6  11155782  60 bytes
     4   7785   6  1125160   6  12280942  66 types.CodeType
     5   7307   5   993752   5  13274694  71 function
     6   1018   1   883480   5  14158174  76 type
     7  11613   8   650328   3  14808502  79 evaluateFuncs.Cell
     8    325   0   582184   3  15390686  82 dict of module
     9   1361   1   554072   3  15944758  85 dict (no owner)
<287 more rows. Type e.g. '_.more' to view.>Partition of a set of 139351 objects. Total size = 18744834 bytes.
 Index  Count   %     Size   % Cumulative  % Kind (class / dict of class)
     0  32208  23  4770253  25   4770253  25 str
     1  11613   8  2787120  15   7557373  40 dict of evaluateFuncs.Cell
     2  31371  23  2394720  13   9952093  53 tuple
     3  15649  11  1203689   6  11155782  60 bytes
     4   7785   6  1125160   6  12280942  66 types.CodeType
     5   7307   5   993752   5  13274694  71 function
     6   1018   1   883480   5  14158174  76 type
     7  11613   8   650328   3  14808502  79 evaluateFuncs.Cell
     8    325   0   582184   3  15390686  82 dict of module
     9   1361   1   554072   3  15944758  85 dict (no owner)
<287 more rows. Type e.g. '_.more' to view.>Partition of a set of 131437 objects. Total size = 17513166 bytes.
 Index  Count   %     Size   % Cumulative  % Kind (class / dict of class)
     0  32208  25  4770253  27   4770253  27 str
     1  31368  24  2394536  14   7164789  41 tuple
     2   7742   6  1858080  11   9022869  52 dict of evaluateFuncs.Cell
     3  15649  12  1203689   7  10226558  58 bytes
     4   7785   6  1125160   6  11351718  65 types.CodeType
     5   7307   6   993752   6  12345470  70 function
     6   1018   1   883480   5  13228950  76 type
     7    325   0   582184   3  13811134  79 dict of module
     8   1361   1   554072   3  14365206  82 dict (no owner)
     9   1018   1   547080   3  14912286  85 dict of type
<287 more rows. Type e.g. '_.more' to view.>Partition of a set of 139353 objects. Total size = 18745058 bytes.
 Index  Count   %     Size   % Cumulative  % Kind (class / dict of class)
     0  32208  23  4770253  25   4770253  25 str
     1  11613   8  2787120  15   7557373  40 dict of evaluateFuncs.Cell
     2  31371  23  2394720  13   9952093  53 tuple
     3  15649  11  1203689   6  11155782  60 bytes
     4   7785   6  1125160   6  12280942  66 types.CodeType
     5   7307   5   993752   5  13274694  71 function
     6   1018   1   883480   5  14158174  76 type
     7  11613   8   650328   3  14808502  79 evaluateFuncs.Cell
     8    325   0   582184   3  15390686  82 dict of module
     9   1361   1   554072   3  15944758  85 dict (no owner)
<287 more rows. Type e.g. '_.more' to view.>Partition of a set of 139351 objects. Total size = 18744866 bytes.
 Index  Count   %     Size   % Cumulative  % Kind (class / dict of class)
     0  32208  23  4770253  25   4770253  25 str
     1  11613   8  2787120  15   7557373  40 dict of evaluateFuncs.Cell
     2  31371  23  2394720  13   9952093  53 tuple
     3  15649  11  1203689   6  11155782  60 bytes
     4   7785   6  1125160   6  12280942  66 types.CodeType
     5   7307   5   993752   5  13274694  71 function
     6   1018   1   883480   5  14158174  76 type
     7  11613   8   650328   3  14808502  79 evaluateFuncs.Cell
     8    325   0   582184   3  15390686  82 dict of module
     9   1361   1   554072   3  15944758  85 dict (no owner)
<287 more rows. Type e.g. '_.more' to view.>Partition of a set of 139351 objects. Total size = 18744866 bytes.
 Index  Count   %     Size   % Cumulative  % Kind (class / dict of class)
     0  32208  23  4770253  25   4770253  25 str
     1  11613   8  2787120  15   7557373  40 dict of evaluateFuncs.Cell
     2  31371  23  2394720  13   9952093  53 tuple
     3  15649  11  1203689   6  11155782  60 bytes
     4   7785   6  1125160   6  12280942  66 types.CodeType
     5   7307   5   993752   5  13274694  71 function
     6   1018   1   883480   5  14158174  76 type
     7  11613   8   650328   3  14808502  79 evaluateFuncs.Cell
     8    325   0   582184   3  15390686  82 dict of module
     9   1361   1   554072   3  15944758  85 dict (no owner)
<287 more rows. Type e.g. '_.more' to view.>Partition of a set of 139351 objects. Total size = 18744866 bytes.
 Index  Count   %     Size   % Cumulative  % Kind (class / dict of class)
     0  32208  23  4770253  25   4770253  25 str
     1  11613   8  2787120  15   7557373  40 dict of evaluateFuncs.Cell
     2  31371  23  2394720  13   9952093  53 tuple
     3  15649  11  1203689   6  11155782  60 bytes
     4   7785   6  1125160   6  12280942  66 types.CodeType
     5   7307   5   993752   5  13274694  71 function
     6   1018   1   883480   5  14158174  76 type
     7  11613   8   650328   3  14808502  79 evaluateFuncs.Cell
     8    325   0   582184   3  15390686  82 dict of module
     9   1361   1   554072   3  15944758  85 dict (no owner)
<287 more rows. Type e.g. '_.more' to view.>Partition of a set of 131540 objects. Total size = 17522697 bytes.
 Index  Count   %     Size   % Cumulative  % Kind (class / dict of class)
     0  32210  24  4770446  27   4770446  27 str
     1  31375  24  2394920  14   7165366  41 tuple
     2   7742   6  1858080  11   9023446  51 dict of evaluateFuncs.Cell
     3  15649  12  1203683   7  10227129  58 bytes
     4   7785   6  1125160   6  11352289  65 types.CodeType
     5   7307   6   993752   6  12346041  70 function
     6   1018   1   883480   5  13229521  75 type
     7    325   0   582184   3  13811705  79 dict of module
     8   1361   1   555016   3  14366721  82 dict (no owner)
     9   1018   1   547080   3  14913801  85 dict of type
<287 more rows. Type e.g. '_.more' to view.>Partition of a set of 139401 objects. Total size = 18751789 bytes.
 Index  Count   %     Size   % Cumulative  % Kind (class / dict of class)
     0  32210  23  4770446  25   4770446  25 str
     1  11613   8  2787120  15   7557566  40 dict of evaluateFuncs.Cell
     2  31378  23  2395104  13   9952670  53 tuple
     3  15649  11  1203683   6  11156353  59 bytes
     4   7785   6  1125160   6  12281513  65 types.CodeType
     5   7307   5   993752   5  13275265  71 function
     6   1018   1   883480   5  14158745  76 type
     7  11613   8   650328   3  14809073  79 evaluateFuncs.Cell
     8    325   0   582184   3  15391257  82 dict of module
     9   1361   1   555016   3  15946273  85 dict (no owner)
<287 more rows. Type e.g. '_.more' to view.>Partition of a set of 139401 objects. Total size = 18751253 bytes.
 Index  Count   %     Size   % Cumulative  % Kind (class / dict of class)
     0  32210  23  4770446  25   4770446  25 str
     1  11613   8  2787120  15   7557566  40 dict of evaluateFuncs.Cell
     2  31378  23  2395104  13   9952670  53 tuple
     3  15649  11  1203683   6  11156353  59 bytes
     4   7785   6  1125160   6  12281513  65 types.CodeType
     5   7307   5   993752   5  13275265  71 function
     6   1018   1   883480   5  14158745  76 type
     7  11613   8   650328   3  14809073  79 evaluateFuncs.Cell
     8    325   0   582184   3  15391257  82 dict of module
     9   1361   1   554480   3  15945737  85 dict (no owner)
<287 more rows. Type e.g. '_.more' to view.>Partition of a set of 139402 objects. Total size = 18751349 bytes.
 Index  Count   %     Size   % Cumulative  % Kind (class / dict of class)
     0  32210  23  4770446  25   4770446  25 str
     1  11613   8  2787120  15   7557566  40 dict of evaluateFuncs.Cell
     2  31378  23  2395104  13   9952670  53 tuple
     3  15649  11  1203683   6  11156353  59 bytes
     4   7785   6  1125160   6  12281513  65 types.CodeType
     5   7307   5   993752   5  13275265  71 function
     6   1018   1   883480   5  14158745  76 type
     7  11613   8   650328   3  14809073  79 evaluateFuncs.Cell
     8    325   0   582184   3  15391257  82 dict of module
     9   1361   1   554480   3  15945737  85 dict (no owner)
<287 more rows. Type e.g. '_.more' to view.>Partition of a set of 139403 objects. Total size = 18751477 bytes.
 Index  Count   %     Size   % Cumulative  % Kind (class / dict of class)
     0  32210  23  4770446  25   4770446  25 str
     1  11613   8  2787120  15   7557566  40 dict of evaluateFuncs.Cell
     2  31378  23  2395104  13   9952670  53 tuple
     3  15649  11  1203683   6  11156353  59 bytes
     4   7785   6  1125160   6  12281513  65 types.CodeType
     5   7307   5   993752   5  13275265  71 function
     6   1018   1   883480   5  14158745  76 type
     7  11613   8   650328   3  14809073  79 evaluateFuncs.Cell
     8    325   0   582184   3  15391257  82 dict of module
     9   1361   1   554480   3  15945737  85 dict (no owner)
<287 more rows. Type e.g. '_.more' to view.>Partition of a set of 139403 objects. Total size = 18751477 bytes.
 Index  Count   %     Size   % Cumulative  % Kind (class / dict of class)
     0  32210  23  4770446  25   4770446  25 str
     1  11613   8  2787120  15   7557566  40 dict of evaluateFuncs.Cell
     2  31378  23  2395104  13   9952670  53 tuple
     3  15649  11  1203683   6  11156353  59 bytes
     4   7785   6  1125160   6  12281513  65 types.CodeType
     5   7307   5   993752   5  13275265  71 function
     6   1018   1   883480   5  14158745  76 type
     7  11613   8   650328   3  14809073  79 evaluateFuncs.Cell
     8    325   0   582184   3  15391257  82 dict of module
     9   1361   1   554480   3  15945737  85 dict (no owner)
<287 more rows. Type e.g. '_.more' to view.>Partition of a set of 139401 objects. Total size = 18750973 bytes.
 Index  Count   %     Size   % Cumulative  % Kind (class / dict of class)
     0  32210  23  4770446  25   4770446  25 str
     1  11613   8  2787120  15   7557566  40 dict of evaluateFuncs.Cell
     2  31378  23  2395104  13   9952670  53 tuple
     3  15649  11  1203683   6  11156353  59 bytes
     4   7785   6  1125160   6  12281513  65 types.CodeType
     5   7307   5   993752   5  13275265  71 function
     6   1018   1   883480   5  14158745  76 type
     7  11613   8   650328   3  14809073  79 evaluateFuncs.Cell
     8    325   0   582184   3  15391257  82 dict of module
     9   1361   1   554200   3  15945457  85 dict (no owner)
<287 more rows. Type e.g. '_.more' to view.>Partition of a set of 139404 objects. Total size = 18751165 bytes.
 Index  Count   %     Size   % Cumulative  % Kind (class / dict of class)
     0  32210  23  4770446  25   4770446  25 str
     1  11613   8  2787120  15   7557566  40 dict of evaluateFuncs.Cell
     2  31378  23  2395104  13   9952670  53 tuple
     3  15649  11  1203683   6  11156353  59 bytes
     4   7785   6  1125160   6  12281513  65 types.CodeType
     5   7307   5   993752   5  13275265  71 function
     6   1018   1   883480   5  14158745  76 type
     7  11613   8   650328   3  14809073  79 evaluateFuncs.Cell
     8    325   0   582184   3  15391257  82 dict of module
     9   1361   1   554072   3  15945329  85 dict (no owner)
<287 more rows. Type e.g. '_.more' to view.>Partition of a set of 139408 objects. Total size = 18751581 bytes.
 Index  Count   %     Size   % Cumulative  % Kind (class / dict of class)
     0  32210  23  4770446  25   4770446  25 str
     1  11613   8  2787120  15   7557566  40 dict of evaluateFuncs.Cell
     2  31378  23  2395104  13   9952670  53 tuple
     3  15649  11  1203683   6  11156353  59 bytes
     4   7785   6  1125160   6  12281513  65 types.CodeType
     5   7307   5   993752   5  13275265  71 function
     6   1018   1   883480   5  14158745  76 type
     7  11613   8   650328   3  14809073  79 evaluateFuncs.Cell
     8    325   0   582184   3  15391257  82 dict of module
     9   1361   1   554072   3  15945329  85 dict (no owner)
<287 more rows. Type e.g. '_.more' to view.>Partition of a set of 139407 objects. Total size = 18751485 bytes.
 Index  Count   %     Size   % Cumulative  % Kind (class / dict of class)
     0  32210  23  4770446  25   4770446  25 str
     1  11613   8  2787120  15   7557566  40 dict of evaluateFuncs.Cell
     2  31378  23  2395104  13   9952670  53 tuple
     3  15649  11  1203683   6  11156353  59 bytes
     4   7785   6  1125160   6  12281513  65 types.CodeType
     5   7307   5   993752   5  13275265  71 function
     6   1018   1   883480   5  14158745  76 type
     7  11613   8   650328   3  14809073  79 evaluateFuncs.Cell
     8    325   0   582184   3  15391257  82 dict of module
     9   1361   1   554072   3  15945329  85 dict (no owner)
<287 more rows. Type e.g. '_.more' to view.>Partition of a set of 131488 objects. Total size = 17519273 bytes.
 Index  Count   %     Size   % Cumulative  % Kind (class / dict of class)
     0  32210  24  4770446  27   4770446  27 str
     1  31375  24  2394920  14   7165366  41 tuple
     2   7742   6  1858080  11   9023446  52 dict of evaluateFuncs.Cell
     3  15649  12  1203683   7  10227129  58 bytes
     4   7785   6  1125160   6  11352289  65 types.CodeType
     5   7307   6   993752   6  12346041  70 function
     6   1018   1   883480   5  13229521  76 type
     7    325   0   582184   3  13811705  79 dict of module
     8   1361   1   554072   3  14365777  82 dict (no owner)
     9   1018   1   547080   3  14912857  85 dict of type
<287 more rows. Type e.g. '_.more' to view.>Partition of a set of 139403 objects. Total size = 18751037 bytes.
 Index  Count   %     Size   % Cumulative  % Kind (class / dict of class)
     0  32210  23  4770446  25   4770446  25 str
     1  11613   8  2787120  15   7557566  40 dict of evaluateFuncs.Cell
     2  31378  23  2395104  13   9952670  53 tuple
     3  15649  11  1203683   6  11156353  59 bytes
     4   7785   6  1125160   6  12281513  65 types.CodeType
     5   7307   5   993752   5  13275265  71 function
     6   1018   1   883480   5  14158745  76 type
     7  11613   8   650328   3  14809073  79 evaluateFuncs.Cell
     8    325   0   582184   3  15391257  82 dict of module
     9   1361   1   554072   3  15945329  85 dict (no owner)
<287 more rows. Type e.g. '_.more' to view.>Partition of a set of 139404 objects. Total size = 18751165 bytes.
 Index  Count   %     Size   % Cumulative  % Kind (class / dict of class)
     0  32210  23  4770446  25   4770446  25 str
     1  11613   8  2787120  15   7557566  40 dict of evaluateFuncs.Cell
     2  31378  23  2395104  13   9952670  53 tuple
     3  15649  11  1203683   6  11156353  59 bytes
     4   7785   6  1125160   6  12281513  65 types.CodeType
     5   7307   5   993752   5  13275265  71 function
     6   1018   1   883480   5  14158745  76 type
     7  11613   8   650328   3  14809073  79 evaluateFuncs.Cell
     8    325   0   582184   3  15391257  82 dict of module
     9   1361   1   554072   3  15945329  85 dict (no owner)
<287 more rows. Type e.g. '_.more' to view.>Partition of a set of 139405 objects. Total size = 18751293 bytes.
 Index  Count   %     Size   % Cumulative  % Kind (class / dict of class)
     0  32210  23  4770446  25   4770446  25 str
     1  11613   8  2787120  15   7557566  40 dict of evaluateFuncs.Cell
     2  31378  23  2395104  13   9952670  53 tuple
     3  15649  11  1203683   6  11156353  59 bytes
     4   7785   6  1125160   6  12281513  65 types.CodeType
     5   7307   5   993752   5  13275265  71 function
     6   1018   1   883480   5  14158745  76 type
     7  11613   8   650328   3  14809073  79 evaluateFuncs.Cell
     8    325   0   582184   3  15391257  82 dict of module
     9   1361   1   554072   3  15945329  85 dict (no owner)
<287 more rows. Type e.g. '_.more' to view.>Partition of a set of 139402 objects. Total size = 18750973 bytes.
 Index  Count   %     Size   % Cumulative  % Kind (class / dict of class)
     0  32210  23  4770446  25   4770446  25 str
     1  11613   8  2787120  15   7557566  40 dict of evaluateFuncs.Cell
     2  31378  23  2395104  13   9952670  53 tuple
     3  15649  11  1203683   6  11156353  59 bytes
     4   7785   6  1125160   6  12281513  65 types.CodeType
     5   7307   5   993752   5  13275265  71 function
     6   1018   1   883480   5  14158745  76 type
     7  11613   8   650328   3  14809073  79 evaluateFuncs.Cell
     8    325   0   582184   3  15391257  82 dict of module
     9   1361   1   554072   3  15945329  85 dict (no owner)
<287 more rows. Type e.g. '_.more' to view.>Partition of a set of 139399 objects. Total size = 18750653 bytes.
 Index  Count   %     Size   % Cumulative  % Kind (class / dict of class)
     0  32210  23  4770446  25   4770446  25 str
     1  11613   8  2787120  15   7557566  40 dict of evaluateFuncs.Cell
     2  31378  23  2395104  13   9952670  53 tuple
     3  15649  11  1203683   6  11156353  59 bytes
     4   7785   6  1125160   6  12281513  65 types.CodeType
     5   7307   5   993752   5  13275265  71 function
     6   1018   1   883480   5  14158745  76 type
     7  11613   8   650328   3  14809073  79 evaluateFuncs.Cell
     8    325   0   582184   3  15391257  82 dict of module
     9   1361   1   554072   3  15945329  85 dict (no owner)
<287 more rows. Type e.g. '_.more' to view.>Partition of a set of 139402 objects. Total size = 18750973 bytes.
 Index  Count   %     Size   % Cumulative  % Kind (class / dict of class)
     0  32210  23  4770446  25   4770446  25 str
     1  11613   8  2787120  15   7557566  40 dict of evaluateFuncs.Cell
     2  31378  23  2395104  13   9952670  53 tuple
     3  15649  11  1203683   6  11156353  59 bytes
     4   7785   6  1125160   6  12281513  65 types.CodeType
     5   7307   5   993752   5  13275265  71 function
     6   1018   1   883480   5  14158745  76 type
     7  11613   8   650328   3  14809073  79 evaluateFuncs.Cell
     8    325   0   582184   3  15391257  82 dict of module
     9   1361   1   554072   3  15945329  85 dict (no owner)
<287 more rows. Type e.g. '_.more' to view.>Partition of a set of 139404 objects. Total size = 18751165 bytes.
 Index  Count   %     Size   % Cumulative  % Kind (class / dict of class)
     0  32210  23  4770446  25   4770446  25 str
     1  11613   8  2787120  15   7557566  40 dict of evaluateFuncs.Cell
     2  31378  23  2395104  13   9952670  53 tuple
     3  15649  11  1203683   6  11156353  59 bytes
     4   7785   6  1125160   6  12281513  65 types.CodeType
     5   7307   5   993752   5  13275265  71 function
     6   1018   1   883480   5  14158745  76 type
     7  11613   8   650328   3  14809073  79 evaluateFuncs.Cell
     8    325   0   582184   3  15391257  82 dict of module
     9   1361   1   554072   3  15945329  85 dict (no owner)
<287 more rows. Type e.g. '_.more' to view.>Partition of a set of 139402 objects. Total size = 18750941 bytes.
 Index  Count   %     Size   % Cumulative  % Kind (class / dict of class)
     0  32210  23  4770446  25   4770446  25 str
     1  11613   8  2787120  15   7557566  40 dict of evaluateFuncs.Cell
     2  31378  23  2395104  13   9952670  53 tuple
     3  15649  11  1203683   6  11156353  59 bytes
     4   7785   6  1125160   6  12281513  65 types.CodeType
     5   7307   5   993752   5  13275265  71 function
     6   1018   1   883480   5  14158745  76 type
     7  11613   8   650328   3  14809073  79 evaluateFuncs.Cell
     8    325   0   582184   3  15391257  82 dict of module
     9   1361   1   554072   3  15945329  85 dict (no owner)
<287 more rows. Type e.g. '_.more' to view.>Partition of a set of 139400 objects. Total size = 18750749 bytes.
 Index  Count   %     Size   % Cumulative  % Kind (class / dict of class)
     0  32210  23  4770446  25   4770446  25 str
     1  11613   8  2787120  15   7557566  40 dict of evaluateFuncs.Cell
     2  31378  23  2395104  13   9952670  53 tuple
     3  15649  11  1203683   6  11156353  59 bytes
     4   7785   6  1125160   6  12281513  65 types.CodeType
     5   7307   5   993752   5  13275265  71 function
     6   1018   1   883480   5  14158745  76 type
     7  11613   8   650328   3  14809073  79 evaluateFuncs.Cell
     8    325   0   582184   3  15391257  82 dict of module
     9   1361   1   554072   3  15945329  85 dict (no owner)
<287 more rows. Type e.g. '_.more' to view.>Partition of a set of 139402 objects. Total size = 18750973 bytes.
 Index  Count   %     Size   % Cumulative  % Kind (class / dict of class)
     0  32210  23  4770446  25   4770446  25 str
     1  11613   8  2787120  15   7557566  40 dict of evaluateFuncs.Cell
     2  31378  23  2395104  13   9952670  53 tuple
     3  15649  11  1203683   6  11156353  59 bytes
     4   7785   6  1125160   6  12281513  65 types.CodeType
     5   7307   5   993752   5  13275265  71 function
     6   1018   1   883480   5  14158745  76 type
     7  11613   8   650328   3  14809073  79 evaluateFuncs.Cell
     8    325   0   582184   3  15391257  82 dict of module
     9   1361   1   554072   3  15945329  85 dict (no owner)
<287 more rows. Type e.g. '_.more' to view.>Partition of a set of 139407 objects. Total size = 18751485 bytes.
 Index  Count   %     Size   % Cumulative  % Kind (class / dict of class)
     0  32210  23  4770446  25   4770446  25 str
     1  11613   8  2787120  15   7557566  40 dict of evaluateFuncs.Cell
     2  31378  23  2395104  13   9952670  53 tuple
     3  15649  11  1203683   6  11156353  59 bytes
     4   7785   6  1125160   6  12281513  65 types.CodeType
     5   7307   5   993752   5  13275265  71 function
     6   1018   1   883480   5  14158745  76 type
     7  11613   8   650328   3  14809073  79 evaluateFuncs.Cell
     8    325   0   582184   3  15391257  82 dict of module
     9   1361   1   554072   3  15945329  85 dict (no owner)
<287 more rows. Type e.g. '_.more' to view.>Partition of a set of 131488 objects. Total size = 17518817 bytes.
 Index  Count   %     Size   % Cumulative  % Kind (class / dict of class)
     0  32210  24  4770446  27   4770446  27 str
     1  31375  24  2394920  14   7165366  41 tuple
     2   7742   6  1858080  11   9023446  52 dict of evaluateFuncs.Cell
     3  15649  12  1203683   7  10227129  58 bytes
     4   7785   6  1125160   6  11352289  65 types.CodeType
     5   7307   6   993752   6  12346041  70 function
     6   1018   1   883480   5  13229521  76 type
     7    325   0   582184   3  13811705  79 dict of module
     8   1361   1   554072   3  14365777  82 dict (no owner)
     9   1018   1   547080   3  14912857  85 dict of type
<287 more rows. Type e.g. '_.more' to view.>Partition of a set of 131517 objects. Total size = 17520142 bytes.
 Index  Count   %     Size   % Cumulative  % Kind (class / dict of class)
     0  32208  24  4770255  27   4770255  27 str
     1  31371  24  2394720  14   7164975  41 tuple
     2   7742   6  1858080  11   9023055  52 dict of evaluateFuncs.Cell
     3  15649  12  1203863   7  10226918  58 bytes
     4   7785   6  1125160   6  11352078  65 types.CodeType
     5   7307   6   993752   6  12345830  70 function
     6   1018   1   883480   5  13229310  76 type
     7    325   0   582184   3  13811494  79 dict of module
     8   1361   1   555016   3  14366510  82 dict (no owner)
     9   1018   1   547080   3  14913590  85 dict of type
<287 more rows. Type e.g. '_.more' to view.>Partition of a set of 139379 objects. Total size = 18749330 bytes.
 Index  Count   %     Size   % Cumulative  % Kind (class / dict of class)
     0  32208  23  4770255  25   4770255  25 str
     1  11613   8  2787120  15   7557375  40 dict of evaluateFuncs.Cell
     2  31374  23  2394904  13   9952279  53 tuple
     3  15649  11  1203863   6  11156142  60 bytes
     4   7785   6  1125160   6  12281302  66 types.CodeType
     5   7307   5   993752   5  13275054  71 function
     6   1018   1   883480   5  14158534  76 type
     7  11613   8   650328   3  14808862  79 evaluateFuncs.Cell
     8    325   0   582184   3  15391046  82 dict of module
     9   1361   1   555016   3  15946062  85 dict (no owner)
<287 more rows. Type e.g. '_.more' to view.>Partition of a set of 139380 objects. Total size = 18748922 bytes.
 Index  Count   %     Size   % Cumulative  % Kind (class / dict of class)
     0  32208  23  4770255  25   4770255  25 str
     1  11613   8  2787120  15   7557375  40 dict of evaluateFuncs.Cell
     2  31374  23  2394904  13   9952279  53 tuple
     3  15649  11  1203863   6  11156142  60 bytes
     4   7785   6  1125160   6  12281302  66 types.CodeType
     5   7307   5   993752   5  13275054  71 function
     6   1018   1   883480   5  14158534  76 type
     7  11613   8   650328   3  14808862  79 evaluateFuncs.Cell
     8    325   0   582184   3  15391046  82 dict of module
     9   1361   1   554480   3  15945526  85 dict (no owner)
<287 more rows. Type e.g. '_.more' to view.>Partition of a set of 139380 objects. Total size = 18748922 bytes.
 Index  Count   %     Size   % Cumulative  % Kind (class / dict of class)
     0  32208  23  4770255  25   4770255  25 str
     1  11613   8  2787120  15   7557375  40 dict of evaluateFuncs.Cell
     2  31374  23  2394904  13   9952279  53 tuple
     3  15649  11  1203863   6  11156142  60 bytes
     4   7785   6  1125160   6  12281302  66 types.CodeType
     5   7307   5   993752   5  13275054  71 function
     6   1018   1   883480   5  14158534  76 type
     7  11613   8   650328   3  14808862  79 evaluateFuncs.Cell
     8    325   0   582184   3  15391046  82 dict of module
     9   1361   1   554480   3  15945526  85 dict (no owner)
<287 more rows. Type e.g. '_.more' to view.>Partition of a set of 139378 objects. Total size = 18748698 bytes.
 Index  Count   %     Size   % Cumulative  % Kind (class / dict of class)
     0  32208  23  4770255  25   4770255  25 str
     1  11613   8  2787120  15   7557375  40 dict of evaluateFuncs.Cell
     2  31374  23  2394904  13   9952279  53 tuple
     3  15649  11  1203863   6  11156142  60 bytes
     4   7785   6  1125160   6  12281302  66 types.CodeType
     5   7307   5   993752   5  13275054  71 function
     6   1018   1   883480   5  14158534  76 type
     7  11613   8   650328   3  14808862  79 evaluateFuncs.Cell
     8    325   0   582184   3  15391046  82 dict of module
     9   1361   1   554480   3  15945526  85 dict (no owner)
<287 more rows. Type e.g. '_.more' to view.>Partition of a set of 139381 objects. Total size = 18749018 bytes.
 Index  Count   %     Size   % Cumulative  % Kind (class / dict of class)
     0  32208  23  4770255  25   4770255  25 str
     1  11613   8  2787120  15   7557375  40 dict of evaluateFuncs.Cell
     2  31374  23  2394904  13   9952279  53 tuple
     3  15649  11  1203863   6  11156142  60 bytes
     4   7785   6  1125160   6  12281302  66 types.CodeType
     5   7307   5   993752   5  13275054  71 function
     6   1018   1   883480   5  14158534  76 type
     7  11613   8   650328   3  14808862  79 evaluateFuncs.Cell
     8    325   0   582184   3  15391046  82 dict of module
     9   1361   1   554480   3  15945526  85 dict (no owner)
<287 more rows. Type e.g. '_.more' to view.>Partition of a set of 139382 objects. Total size = 18748834 bytes.
 Index  Count   %     Size   % Cumulative  % Kind (class / dict of class)
     0  32208  23  4770255  25   4770255  25 str
     1  11613   8  2787120  15   7557375  40 dict of evaluateFuncs.Cell
     2  31374  23  2394904  13   9952279  53 tuple
     3  15649  11  1203863   6  11156142  60 bytes
     4   7785   6  1125160   6  12281302  66 types.CodeType
     5   7307   5   993752   5  13275054  71 function
     6   1018   1   883480   5  14158534  76 type
     7  11613   8   650328   3  14808862  79 evaluateFuncs.Cell
     8    325   0   582184   3  15391046  82 dict of module
     9   1361   1   554200   3  15945246  85 dict (no owner)
<287 more rows. Type e.g. '_.more' to view.>Partition of a set of 139378 objects. Total size = 18748290 bytes.
 Index  Count   %     Size   % Cumulative  % Kind (class / dict of class)
     0  32208  23  4770255  25   4770255  25 str
     1  11613   8  2787120  15   7557375  40 dict of evaluateFuncs.Cell
     2  31374  23  2394904  13   9952279  53 tuple
     3  15649  11  1203863   6  11156142  60 bytes
     4   7785   6  1125160   6  12281302  66 types.CodeType
     5   7307   5   993752   5  13275054  71 function
     6   1018   1   883480   5  14158534  76 type
     7  11613   8   650328   3  14808862  79 evaluateFuncs.Cell
     8    325   0   582184   3  15391046  82 dict of module
     9   1361   1   554072   3  15945118  85 dict (no owner)
<287 more rows. Type e.g. '_.more' to view.>Partition of a set of 139380 objects. Total size = 18748514 bytes.
 Index  Count   %     Size   % Cumulative  % Kind (class / dict of class)
     0  32208  23  4770255  25   4770255  25 str
     1  11613   8  2787120  15   7557375  40 dict of evaluateFuncs.Cell
     2  31374  23  2394904  13   9952279  53 tuple
     3  15649  11  1203863   6  11156142  60 bytes
     4   7785   6  1125160   6  12281302  66 types.CodeType
     5   7307   5   993752   5  13275054  71 function
     6   1018   1   883480   5  14158534  76 type
     7  11613   8   650328   3  14808862  79 evaluateFuncs.Cell
     8    325   0   582184   3  15391046  82 dict of module
     9   1361   1   554072   3  15945118  85 dict (no owner)
<287 more rows. Type e.g. '_.more' to view.>Partition of a set of 139382 objects. Total size = 18748706 bytes.
 Index  Count   %     Size   % Cumulative  % Kind (class / dict of class)
     0  32208  23  4770255  25   4770255  25 str
     1  11613   8  2787120  15   7557375  40 dict of evaluateFuncs.Cell
     2  31374  23  2394904  13   9952279  53 tuple
     3  15649  11  1203863   6  11156142  60 bytes
     4   7785   6  1125160   6  12281302  66 types.CodeType
     5   7307   5   993752   5  13275054  71 function
     6   1018   1   883480   5  14158534  76 type
     7  11613   8   650328   3  14808862  79 evaluateFuncs.Cell
     8    325   0   582184   3  15391046  82 dict of module
     9   1361   1   554072   3  15945118  85 dict (no owner)
<287 more rows. Type e.g. '_.more' to view.>Partition of a set of 131465 objects. Total size = 17516718 bytes.
 Index  Count   %     Size   % Cumulative  % Kind (class / dict of class)
     0  32208  24  4770255  27   4770255  27 str
     1  31371  24  2394720  14   7164975  41 tuple
     2   7742   6  1858080  11   9023055  52 dict of evaluateFuncs.Cell
     3  15649  12  1203863   7  10226918  58 bytes
     4   7785   6  1125160   6  11352078  65 types.CodeType
     5   7307   6   993752   6  12345830  70 function
     6   1018   1   883480   5  13229310  76 type
     7    325   0   582184   3  13811494  79 dict of module
     8   1361   1   554072   3  14365566  82 dict (no owner)
     9   1018   1   547080   3  14912646  85 dict of type
<287 more rows. Type e.g. '_.more' to view.>Partition of a set of 139379 objects. Total size = 18748386 bytes.
 Index  Count   %     Size   % Cumulative  % Kind (class / dict of class)
     0  32208  23  4770255  25   4770255  25 str
     1  11613   8  2787120  15   7557375  40 dict of evaluateFuncs.Cell
     2  31374  23  2394904  13   9952279  53 tuple
     3  15649  11  1203863   6  11156142  60 bytes
     4   7785   6  1125160   6  12281302  66 types.CodeType
     5   7307   5   993752   5  13275054  71 function
     6   1018   1   883480   5  14158534  76 type
     7  11613   8   650328   3  14808862  79 evaluateFuncs.Cell
     8    325   0   582184   3  15391046  82 dict of module
     9   1361   1   554072   3  15945118  85 dict (no owner)
<287 more rows. Type e.g. '_.more' to view.>Partition of a set of 139377 objects. Total size = 18748194 bytes.
 Index  Count   %     Size   % Cumulative  % Kind (class / dict of class)
     0  32208  23  4770255  25   4770255  25 str
     1  11613   8  2787120  15   7557375  40 dict of evaluateFuncs.Cell
     2  31374  23  2394904  13   9952279  53 tuple
     3  15649  11  1203863   6  11156142  60 bytes
     4   7785   6  1125160   6  12281302  66 types.CodeType
     5   7307   5   993752   5  13275054  71 function
     6   1018   1   883480   5  14158534  76 type
     7  11613   8   650328   3  14808862  79 evaluateFuncs.Cell
     8    325   0   582184   3  15391046  82 dict of module
     9   1361   1   554072   3  15945118  85 dict (no owner)
<287 more rows. Type e.g. '_.more' to view.>Partition of a set of 139378 objects. Total size = 18748290 bytes.
 Index  Count   %     Size   % Cumulative  % Kind (class / dict of class)
     0  32208  23  4770255  25   4770255  25 str
     1  11613   8  2787120  15   7557375  40 dict of evaluateFuncs.Cell
     2  31374  23  2394904  13   9952279  53 tuple
     3  15649  11  1203863   6  11156142  60 bytes
     4   7785   6  1125160   6  12281302  66 types.CodeType
     5   7307   5   993752   5  13275054  71 function
     6   1018   1   883480   5  14158534  76 type
     7  11613   8   650328   3  14808862  79 evaluateFuncs.Cell
     8    325   0   582184   3  15391046  82 dict of module
     9   1361   1   554072   3  15945118  85 dict (no owner)
<287 more rows. Type e.g. '_.more' to view.>Partition of a set of 139381 objects. Total size = 18748610 bytes.
 Index  Count   %     Size   % Cumulative  % Kind (class / dict of class)
     0  32208  23  4770255  25   4770255  25 str
     1  11613   8  2787120  15   7557375  40 dict of evaluateFuncs.Cell
     2  31374  23  2394904  13   9952279  53 tuple
     3  15649  11  1203863   6  11156142  60 bytes
     4   7785   6  1125160   6  12281302  66 types.CodeType
     5   7307   5   993752   5  13275054  71 function
     6   1018   1   883480   5  14158534  76 type
     7  11613   8   650328   3  14808862  79 evaluateFuncs.Cell
     8    325   0   582184   3  15391046  82 dict of module
     9   1361   1   554072   3  15945118  85 dict (no owner)
<287 more rows. Type e.g. '_.more' to view.>Partition of a set of 139383 objects. Total size = 18748834 bytes.
 Index  Count   %     Size   % Cumulative  % Kind (class / dict of class)
     0  32208  23  4770255  25   4770255  25 str
     1  11613   8  2787120  15   7557375  40 dict of evaluateFuncs.Cell
     2  31374  23  2394904  13   9952279  53 tuple
     3  15649  11  1203863   6  11156142  60 bytes
     4   7785   6  1125160   6  12281302  66 types.CodeType
     5   7307   5   993752   5  13275054  71 function
     6   1018   1   883480   5  14158534  76 type
     7  11613   8   650328   3  14808862  79 evaluateFuncs.Cell
     8    325   0   582184   3  15391046  82 dict of module
     9   1361   1   554072   3  15945118  85 dict (no owner)
<287 more rows. Type e.g. '_.more' to view.>Partition of a set of 139384 objects. Total size = 18748930 bytes.
 Index  Count   %     Size   % Cumulative  % Kind (class / dict of class)
     0  32208  23  4770255  25   4770255  25 str
     1  11613   8  2787120  15   7557375  40 dict of evaluateFuncs.Cell
     2  31374  23  2394904  13   9952279  53 tuple
     3  15649  11  1203863   6  11156142  60 bytes
     4   7785   6  1125160   6  12281302  66 types.CodeType
     5   7307   5   993752   5  13275054  71 function
     6   1018   1   883480   5  14158534  76 type
     7  11613   8   650328   3  14808862  79 evaluateFuncs.Cell
     8    325   0   582184   3  15391046  82 dict of module
     9   1361   1   554072   3  15945118  85 dict (no owner)
<287 more rows. Type e.g. '_.more' to view.>Partition of a set of 139379 objects. Total size = 18748486 bytes.
 Index  Count   %     Size   % Cumulative  % Kind (class / dict of class)
     0  32208  23  4770255  25   4770255  25 str
     1  11613   8  2787120  15   7557375  40 dict of evaluateFuncs.Cell
     2  31374  23  2394904  13   9952279  53 tuple
     3  15649  11  1203863   6  11156142  60 bytes
     4   7785   6  1125160   6  12281302  66 types.CodeType
     5   7307   5   993752   5  13275054  71 function
     6   1018   1   883480   5  14158534  76 type
     7  11613   8   650328   3  14808862  79 evaluateFuncs.Cell
     8    325   0   582184   3  15391046  82 dict of module
     9   1361   1   554072   3  15945118  85 dict (no owner)
<287 more rows. Type e.g. '_.more' to view.>Partition of a set of 139373 objects. Total size = 18747946 bytes.
 Index  Count   %     Size   % Cumulative  % Kind (class / dict of class)
     0  32208  23  4770255  25   4770255  25 str
     1  11613   8  2787120  15   7557375  40 dict of evaluateFuncs.Cell
     2  31374  23  2394904  13   9952279  53 tuple
     3  15649  11  1203863   6  11156142  60 bytes
     4   7785   6  1125160   6  12281302  66 types.CodeType
     5   7307   5   993752   5  13275054  71 function
     6   1018   1   883480   5  14158534  76 type
     7  11613   8   650328   3  14808862  79 evaluateFuncs.Cell
     8    325   0   582184   3  15391046  82 dict of module
     9   1361   1   554072   3  15945118  85 dict (no owner)
<287 more rows. Type e.g. '_.more' to view.>Partition of a set of 131465 objects. Total size = 17516262 bytes.
 Index  Count   %     Size   % Cumulative  % Kind (class / dict of class)
     0  32208  24  4770255  27   4770255  27 str
     1  31371  24  2394720  14   7164975  41 tuple
     2   7742   6  1858080  11   9023055  52 dict of evaluateFuncs.Cell
     3  15649  12  1203863   7  10226918  58 bytes
     4   7785   6  1125160   6  11352078  65 types.CodeType
     5   7307   6   993752   6  12345830  70 function
     6   1018   1   883480   5  13229310  76 type
     7    325   0   582184   3  13811494  79 dict of module
     8   1361   1   554072   3  14365566  82 dict (no owner)
     9   1018   1   547080   3  14912646  85 dict of type
<287 more rows. Type e.g. '_.more' to view.>Partition of a set of 131530 objects. Total size = 17521795 bytes.
 Index  Count   %     Size   % Cumulative  % Kind (class / dict of class)
     0  32208  24  4770266  27   4770266  27 str
     1  31373  24  2394848  14   7165114  41 tuple
     2   7742   6  1858080  11   9023194  51 dict of evaluateFuncs.Cell
     3  15649  12  1203889   7  10227083  58 bytes
     4   7785   6  1125160   6  11352243  65 types.CodeType
     5   7307   6   993752   6  12345995  70 function
     6   1018   1   883480   5  13229475  76 type
     7    325   0   582184   3  13811659  79 dict of module
     8   1361   1   555016   3  14366675  82 dict (no owner)
     9   1018   1   547080   3  14913755  85 dict of type
<287 more rows. Type e.g. '_.more' to view.>Partition of a set of 139391 objects. Total size = 18750887 bytes.
 Index  Count   %     Size   % Cumulative  % Kind (class / dict of class)
     0  32208  23  4770266  25   4770266  25 str
     1  11613   8  2787120  15   7557386  40 dict of evaluateFuncs.Cell
     2  31376  23  2395032  13   9952418  53 tuple
     3  15649  11  1203889   6  11156307  59 bytes
     4   7785   6  1125160   6  12281467  65 types.CodeType
     5   7307   5   993752   5  13275219  71 function
     6   1018   1   883480   5  14158699  76 type
     7  11613   8   650328   3  14809027  79 evaluateFuncs.Cell
     8    325   0   582184   3  15391211  82 dict of module
     9   1361   1   555016   3  15946227  85 dict (no owner)
<287 more rows. Type e.g. '_.more' to view.>Partition of a set of 139390 objects. Total size = 18750255 bytes.
 Index  Count   %     Size   % Cumulative  % Kind (class / dict of class)
     0  32208  23  4770266  25   4770266  25 str
     1  11613   8  2787120  15   7557386  40 dict of evaluateFuncs.Cell
     2  31376  23  2395032  13   9952418  53 tuple
     3  15649  11  1203889   6  11156307  59 bytes
     4   7785   6  1125160   6  12281467  66 types.CodeType
     5   7307   5   993752   5  13275219  71 function
     6   1018   1   883480   5  14158699  76 type
     7  11613   8   650328   3  14809027  79 evaluateFuncs.Cell
     8    325   0   582184   3  15391211  82 dict of module
     9   1361   1   554480   3  15945691  85 dict (no owner)
<287 more rows. Type e.g. '_.more' to view.>Partition of a set of 139391 objects. Total size = 18750351 bytes.
 Index  Count   %     Size   % Cumulative  % Kind (class / dict of class)
     0  32208  23  4770266  25   4770266  25 str
     1  11613   8  2787120  15   7557386  40 dict of evaluateFuncs.Cell
     2  31376  23  2395032  13   9952418  53 tuple
     3  15649  11  1203889   6  11156307  59 bytes
     4   7785   6  1125160   6  12281467  65 types.CodeType
     5   7307   5   993752   5  13275219  71 function
     6   1018   1   883480   5  14158699  76 type
     7  11613   8   650328   3  14809027  79 evaluateFuncs.Cell
     8    325   0   582184   3  15391211  82 dict of module
     9   1361   1   554480   3  15945691  85 dict (no owner)
<287 more rows. Type e.g. '_.more' to view.>Partition of a set of 139392 objects. Total size = 18750447 bytes.
 Index  Count   %     Size   % Cumulative  % Kind (class / dict of class)
     0  32208  23  4770266  25   4770266  25 str
     1  11613   8  2787120  15   7557386  40 dict of evaluateFuncs.Cell
     2  31376  23  2395032  13   9952418  53 tuple
     3  15649  11  1203889   6  11156307  59 bytes
     4   7785   6  1125160   6  12281467  65 types.CodeType
     5   7307   5   993752   5  13275219  71 function
     6   1018   1   883480   5  14158699  76 type
     7  11613   8   650328   3  14809027  79 evaluateFuncs.Cell
     8    325   0   582184   3  15391211  82 dict of module
     9   1361   1   554480   3  15945691  85 dict (no owner)
<287 more rows. Type e.g. '_.more' to view.>Partition of a set of 139393 objects. Total size = 18750543 bytes.
 Index  Count   %     Size   % Cumulative  % Kind (class / dict of class)
     0  32208  23  4770266  25   4770266  25 str
     1  11613   8  2787120  15   7557386  40 dict of evaluateFuncs.Cell
     2  31376  23  2395032  13   9952418  53 tuple
     3  15649  11  1203889   6  11156307  59 bytes
     4   7785   6  1125160   6  12281467  65 types.CodeType
     5   7307   5   993752   5  13275219  71 function
     6   1018   1   883480   5  14158699  76 type
     7  11613   8   650328   3  14809027  79 evaluateFuncs.Cell
     8    325   0   582184   3  15391211  82 dict of module
     9   1361   1   554480   3  15945691  85 dict (no owner)
<287 more rows. Type e.g. '_.more' to view.>Partition of a set of 139392 objects. Total size = 18750167 bytes.
 Index  Count   %     Size   % Cumulative  % Kind (class / dict of class)
     0  32208  23  4770266  25   4770266  25 str
     1  11613   8  2787120  15   7557386  40 dict of evaluateFuncs.Cell
     2  31376  23  2395032  13   9952418  53 tuple
     3  15649  11  1203889   6  11156307  59 bytes
     4   7785   6  1125160   6  12281467  66 types.CodeType
     5   7307   5   993752   5  13275219  71 function
     6   1018   1   883480   5  14158699  76 type
     7  11613   8   650328   3  14809027  79 evaluateFuncs.Cell
     8    325   0   582184   3  15391211  82 dict of module
     9   1361   1   554200   3  15945411  85 dict (no owner)
<287 more rows. Type e.g. '_.more' to view.>Partition of a set of 139393 objects. Total size = 18750167 bytes.
 Index  Count   %     Size   % Cumulative  % Kind (class / dict of class)
     0  32208  23  4770266  25   4770266  25 str
     1  11613   8  2787120  15   7557386  40 dict of evaluateFuncs.Cell
     2  31376  23  2395032  13   9952418  53 tuple
     3  15649  11  1203889   6  11156307  59 bytes
     4   7785   6  1125160   6  12281467  66 types.CodeType
     5   7307   5   993752   5  13275219  71 function
     6   1018   1   883480   5  14158699  76 type
     7  11613   8   650328   3  14809027  79 evaluateFuncs.Cell
     8    325   0   582184   3  15391211  82 dict of module
     9   1361   1   554072   3  15945283  85 dict (no owner)
<287 more rows. Type e.g. '_.more' to view.>Partition of a set of 139393 objects. Total size = 18750167 bytes.
 Index  Count   %     Size   % Cumulative  % Kind (class / dict of class)
     0  32208  23  4770266  25   4770266  25 str
     1  11613   8  2787120  15   7557386  40 dict of evaluateFuncs.Cell
     2  31376  23  2395032  13   9952418  53 tuple
     3  15649  11  1203889   6  11156307  59 bytes
     4   7785   6  1125160   6  12281467  66 types.CodeType
     5   7307   5   993752   5  13275219  71 function
     6   1018   1   883480   5  14158699  76 type
     7  11613   8   650328   3  14809027  79 evaluateFuncs.Cell
     8    325   0   582184   3  15391211  82 dict of module
     9   1361   1   554072   3  15945283  85 dict (no owner)
<287 more rows. Type e.g. '_.more' to view.>Partition of a set of 139391 objects. Total size = 18749943 bytes.
 Index  Count   %     Size   % Cumulative  % Kind (class / dict of class)
     0  32208  23  4770266  25   4770266  25 str
     1  11613   8  2787120  15   7557386  40 dict of evaluateFuncs.Cell
     2  31376  23  2395032  13   9952418  53 tuple
     3  15649  11  1203889   6  11156307  60 bytes
     4   7785   6  1125160   6  12281467  66 types.CodeType
     5   7307   5   993752   5  13275219  71 function
     6   1018   1   883480   5  14158699  76 type
     7  11613   8   650328   3  14809027  79 evaluateFuncs.Cell
     8    325   0   582184   3  15391211  82 dict of module
     9   1361   1   554072   3  15945283  85 dict (no owner)
<287 more rows. Type e.g. '_.more' to view.>Partition of a set of 131478 objects. Total size = 17518371 bytes.
 Index  Count   %     Size   % Cumulative  % Kind (class / dict of class)
     0  32208  24  4770266  27   4770266  27 str
     1  31373  24  2394848  14   7165114  41 tuple
     2   7742   6  1858080  11   9023194  52 dict of evaluateFuncs.Cell
     3  15649  12  1203889   7  10227083  58 bytes
     4   7785   6  1125160   6  11352243  65 types.CodeType
     5   7307   6   993752   6  12345995  70 function
     6   1018   1   883480   5  13229475  76 type
     7    325   0   582184   3  13811659  79 dict of module
     8   1361   1   554072   3  14365731  82 dict (no owner)
     9   1018   1   547080   3  14912811  85 dict of type
<287 more rows. Type e.g. '_.more' to view.>Partition of a set of 139392 objects. Total size = 18750039 bytes.
 Index  Count   %     Size   % Cumulative  % Kind (class / dict of class)
     0  32208  23  4770266  25   4770266  25 str
     1  11613   8  2787120  15   7557386  40 dict of evaluateFuncs.Cell
     2  31376  23  2395032  13   9952418  53 tuple
     3  15649  11  1203889   6  11156307  60 bytes
     4   7785   6  1125160   6  12281467  66 types.CodeType
     5   7307   5   993752   5  13275219  71 function
     6   1018   1   883480   5  14158699  76 type
     7  11613   8   650328   3  14809027  79 evaluateFuncs.Cell
     8    325   0   582184   3  15391211  82 dict of module
     9   1361   1   554072   3  15945283  85 dict (no owner)
<287 more rows. Type e.g. '_.more' to view.>Partition of a set of 139392 objects. Total size = 18750039 bytes.
 Index  Count   %     Size   % Cumulative  % Kind (class / dict of class)
     0  32208  23  4770266  25   4770266  25 str
     1  11613   8  2787120  15   7557386  40 dict of evaluateFuncs.Cell
     2  31376  23  2395032  13   9952418  53 tuple
     3  15649  11  1203889   6  11156307  60 bytes
     4   7785   6  1125160   6  12281467  66 types.CodeType
     5   7307   5   993752   5  13275219  71 function
     6   1018   1   883480   5  14158699  76 type
     7  11613   8   650328   3  14809027  79 evaluateFuncs.Cell
     8    325   0   582184   3  15391211  82 dict of module
     9   1361   1   554072   3  15945283  85 dict (no owner)
<287 more rows. Type e.g. '_.more' to view.>Partition of a set of 139391 objects. Total size = 18749943 bytes.
 Index  Count   %     Size   % Cumulative  % Kind (class / dict of class)
     0  32208  23  4770266  25   4770266  25 str
     1  11613   8  2787120  15   7557386  40 dict of evaluateFuncs.Cell
     2  31376  23  2395032  13   9952418  53 tuple
     3  15649  11  1203889   6  11156307  60 bytes
     4   7785   6  1125160   6  12281467  66 types.CodeType
     5   7307   5   993752   5  13275219  71 function
     6   1018   1   883480   5  14158699  76 type
     7  11613   8   650328   3  14809027  79 evaluateFuncs.Cell
     8    325   0   582184   3  15391211  82 dict of module
     9   1361   1   554072   3  15945283  85 dict (no owner)
<287 more rows. Type e.g. '_.more' to view.>Partition of a set of 139389 objects. Total size = 18749751 bytes.
 Index  Count   %     Size   % Cumulative  % Kind (class / dict of class)
     0  32208  23  4770266  25   4770266  25 str
     1  11613   8  2787120  15   7557386  40 dict of evaluateFuncs.Cell
     2  31376  23  2395032  13   9952418  53 tuple
     3  15649  11  1203889   6  11156307  60 bytes
     4   7785   6  1125160   6  12281467  66 types.CodeType
     5   7307   5   993752   5  13275219  71 function
     6   1018   1   883480   5  14158699  76 type
     7  11613   8   650328   3  14809027  79 evaluateFuncs.Cell
     8    325   0   582184   3  15391211  82 dict of module
     9   1361   1   554072   3  15945283  85 dict (no owner)
<287 more rows. Type e.g. '_.more' to view.>Partition of a set of 139389 objects. Total size = 18749751 bytes.
 Index  Count   %     Size   % Cumulative  % Kind (class / dict of class)
     0  32208  23  4770266  25   4770266  25 str
     1  11613   8  2787120  15   7557386  40 dict of evaluateFuncs.Cell
     2  31376  23  2395032  13   9952418  53 tuple
     3  15649  11  1203889   6  11156307  60 bytes
     4   7785   6  1125160   6  12281467  66 types.CodeType
     5   7307   5   993752   5  13275219  71 function
     6   1018   1   883480   5  14158699  76 type
     7  11613   8   650328   3  14809027  79 evaluateFuncs.Cell
     8    325   0   582184   3  15391211  82 dict of module
     9   1361   1   554072   3  15945283  85 dict (no owner)
<287 more rows. Type e.g. '_.more' to view.>Partition of a set of 139391 objects. Total size = 18749943 bytes.
 Index  Count   %     Size   % Cumulative  % Kind (class / dict of class)
     0  32208  23  4770266  25   4770266  25 str
     1  11613   8  2787120  15   7557386  40 dict of evaluateFuncs.Cell
     2  31376  23  2395032  13   9952418  53 tuple
     3  15649  11  1203889   6  11156307  60 bytes
     4   7785   6  1125160   6  12281467  66 types.CodeType
     5   7307   5   993752   5  13275219  71 function
     6   1018   1   883480   5  14158699  76 type
     7  11613   8   650328   3  14809027  79 evaluateFuncs.Cell
     8    325   0   582184   3  15391211  82 dict of module
     9   1361   1   554072   3  15945283  85 dict (no owner)
<287 more rows. Type e.g. '_.more' to view.>Partition of a set of 139393 objects. Total size = 18750135 bytes.
 Index  Count   %     Size   % Cumulative  % Kind (class / dict of class)
     0  32208  23  4770266  25   4770266  25 str
     1  11613   8  2787120  15   7557386  40 dict of evaluateFuncs.Cell
     2  31376  23  2395032  13   9952418  53 tuple
     3  15649  11  1203889   6  11156307  59 bytes
     4   7785   6  1125160   6  12281467  66 types.CodeType
     5   7307   5   993752   5  13275219  71 function
     6   1018   1   883480   5  14158699  76 type
     7  11613   8   650328   3  14809027  79 evaluateFuncs.Cell
     8    325   0   582184   3  15391211  82 dict of module
     9   1361   1   554072   3  15945283  85 dict (no owner)
<287 more rows. Type e.g. '_.more' to view.>Partition of a set of 139392 objects. Total size = 18750039 bytes.
 Index  Count   %     Size   % Cumulative  % Kind (class / dict of class)
     0  32208  23  4770266  25   4770266  25 str
     1  11613   8  2787120  15   7557386  40 dict of evaluateFuncs.Cell
     2  31376  23  2395032  13   9952418  53 tuple
     3  15649  11  1203889   6  11156307  60 bytes
     4   7785   6  1125160   6  12281467  66 types.CodeType
     5   7307   5   993752   5  13275219  71 function
     6   1018   1   883480   5  14158699  76 type
     7  11613   8   650328   3  14809027  79 evaluateFuncs.Cell
     8    325   0   582184   3  15391211  82 dict of module
     9   1361   1   554072   3  15945283  85 dict (no owner)
<287 more rows. Type e.g. '_.more' to view.>Partition of a set of 139392 objects. Total size = 18750039 bytes.
 Index  Count   %     Size   % Cumulative  % Kind (class / dict of class)
     0  32208  23  4770266  25   4770266  25 str
     1  11613   8  2787120  15   7557386  40 dict of evaluateFuncs.Cell
     2  31376  23  2395032  13   9952418  53 tuple
     3  15649  11  1203889   6  11156307  60 bytes
     4   7785   6  1125160   6  12281467  66 types.CodeType
     5   7307   5   993752   5  13275219  71 function
     6   1018   1   883480   5  14158699  76 type
     7  11613   8   650328   3  14809027  79 evaluateFuncs.Cell
     8    325   0   582184   3  15391211  82 dict of module
     9   1361   1   554072   3  15945283  85 dict (no owner)
<287 more rows. Type e.g. '_.more' to view.>Partition of a set of 139393 objects. Total size = 18750135 bytes.
 Index  Count   %     Size   % Cumulative  % Kind (class / dict of class)
     0  32208  23  4770266  25   4770266  25 str
     1  11613   8  2787120  15   7557386  40 dict of evaluateFuncs.Cell
     2  31376  23  2395032  13   9952418  53 tuple
     3  15649  11  1203889   6  11156307  59 bytes
     4   7785   6  1125160   6  12281467  66 types.CodeType
     5   7307   5   993752   5  13275219  71 function
     6   1018   1   883480   5  14158699  76 type
     7  11613   8   650328   3  14809027  79 evaluateFuncs.Cell
     8    325   0   582184   3  15391211  82 dict of module
     9   1361   1   554072   3  15945283  85 dict (no owner)
<287 more rows. Type e.g. '_.more' to view.>Partition of a set of 131478 objects. Total size = 17517915 bytes.
 Index  Count   %     Size   % Cumulative  % Kind (class / dict of class)
     0  32208  24  4770266  27   4770266  27 str
     1  31373  24  2394848  14   7165114  41 tuple
     2   7742   6  1858080  11   9023194  52 dict of evaluateFuncs.Cell
     3  15649  12  1203889   7  10227083  58 bytes
     4   7785   6  1125160   6  11352243  65 types.CodeType
     5   7307   6   993752   6  12345995  70 function
     6   1018   1   883480   5  13229475  76 type
     7    325   0   582184   3  13811659  79 dict of module
     8   1361   1   554072   3  14365731  82 dict (no owner)
     9   1018   1   547080   3  14912811  85 dict of type
<287 more rows. Type e.g. '_.more' to view.>Partition of a set of 131536 objects. Total size = 17522203 bytes.
 Index  Count   %     Size   % Cumulative  % Kind (class / dict of class)
     0  32210  24  4770368  27   4770368  27 str
     1  31374  24  2394904  14   7165272  41 tuple
     2   7742   6  1858080  11   9023352  51 dict of evaluateFuncs.Cell
     3  15649  12  1203891   7  10227243  58 bytes
     4   7785   6  1125160   6  11352403  65 types.CodeType
     5   7307   6   993752   6  12346155  70 function
     6   1018   1   883480   5  13229635  76 type
     7    325   0   582184   3  13811819  79 dict of module
     8   1361   1   555016   3  14366835  82 dict (no owner)
     9   1018   1   547080   3  14913915  85 dict of type
<287 more rows. Type e.g. '_.more' to view.>Partition of a set of 139400 objects. Total size = 18751615 bytes.
 Index  Count   %     Size   % Cumulative  % Kind (class / dict of class)
     0  32210  23  4770368  25   4770368  25 str
     1  11613   8  2787120  15   7557488  40 dict of evaluateFuncs.Cell
     2  31377  23  2395088  13   9952576  53 tuple
     3  15649  11  1203891   6  11156467  59 bytes
     4   7785   6  1125160   6  12281627  65 types.CodeType
     5   7307   5   993752   5  13275379  71 function
     6   1018   1   883480   5  14158859  76 type
     7  11613   8   650328   3  14809187  79 evaluateFuncs.Cell
     8    325   0   582184   3  15391371  82 dict of module
     9   1361   1   555016   3  15946387  85 dict (no owner)
<287 more rows. Type e.g. '_.more' to view.>Partition of a set of 139400 objects. Total size = 18751079 bytes.
 Index  Count   %     Size   % Cumulative  % Kind (class / dict of class)
     0  32210  23  4770368  25   4770368  25 str
     1  11613   8  2787120  15   7557488  40 dict of evaluateFuncs.Cell
     2  31377  23  2395088  13   9952576  53 tuple
     3  15649  11  1203891   6  11156467  59 bytes
     4   7785   6  1125160   6  12281627  65 types.CodeType
     5   7307   5   993752   5  13275379  71 function
     6   1018   1   883480   5  14158859  76 type
     7  11613   8   650328   3  14809187  79 evaluateFuncs.Cell
     8    325   0   582184   3  15391371  82 dict of module
     9   1361   1   554480   3  15945851  85 dict (no owner)
<287 more rows. Type e.g. '_.more' to view.>Partition of a set of 139399 objects. Total size = 18750951 bytes.
 Index  Count   %     Size   % Cumulative  % Kind (class / dict of class)
     0  32210  23  4770368  25   4770368  25 str
     1  11613   8  2787120  15   7557488  40 dict of evaluateFuncs.Cell
     2  31377  23  2395088  13   9952576  53 tuple
     3  15649  11  1203891   6  11156467  59 bytes
     4   7785   6  1125160   6  12281627  65 types.CodeType
     5   7307   5   993752   5  13275379  71 function
     6   1018   1   883480   5  14158859  76 type
     7  11613   8   650328   3  14809187  79 evaluateFuncs.Cell
     8    325   0   582184   3  15391371  82 dict of module
     9   1361   1   554480   3  15945851  85 dict (no owner)
<287 more rows. Type e.g. '_.more' to view.>Partition of a set of 139399 objects. Total size = 18750951 bytes.
 Index  Count   %     Size   % Cumulative  % Kind (class / dict of class)
     0  32210  23  4770368  25   4770368  25 str
     1  11613   8  2787120  15   7557488  40 dict of evaluateFuncs.Cell
     2  31377  23  2395088  13   9952576  53 tuple
     3  15649  11  1203891   6  11156467  59 bytes
     4   7785   6  1125160   6  12281627  65 types.CodeType
     5   7307   5   993752   5  13275379  71 function
     6   1018   1   883480   5  14158859  76 type
     7  11613   8   650328   3  14809187  79 evaluateFuncs.Cell
     8    325   0   582184   3  15391371  82 dict of module
     9   1361   1   554480   3  15945851  85 dict (no owner)
<287 more rows. Type e.g. '_.more' to view.>Partition of a set of 139398 objects. Total size = 18750855 bytes.
 Index  Count   %     Size   % Cumulative  % Kind (class / dict of class)
     0  32210  23  4770368  25   4770368  25 str
     1  11613   8  2787120  15   7557488  40 dict of evaluateFuncs.Cell
     2  31377  23  2395088  13   9952576  53 tuple
     3  15649  11  1203891   6  11156467  59 bytes
     4   7785   6  1125160   6  12281627  65 types.CodeType
     5   7307   5   993752   5  13275379  71 function
     6   1018   1   883480   5  14158859  76 type
     7  11613   8   650328   3  14809187  79 evaluateFuncs.Cell
     8    325   0   582184   3  15391371  82 dict of module
     9   1361   1   554480   3  15945851  85 dict (no owner)
<287 more rows. Type e.g. '_.more' to view.>Partition of a set of 139394 objects. Total size = 18750159 bytes.
 Index  Count   %     Size   % Cumulative  % Kind (class / dict of class)
     0  32210  23  4770368  25   4770368  25 str
     1  11613   8  2787120  15   7557488  40 dict of evaluateFuncs.Cell
     2  31377  23  2395088  13   9952576  53 tuple
     3  15649  11  1203891   6  11156467  60 bytes
     4   7785   6  1125160   6  12281627  66 types.CodeType
     5   7307   5   993752   5  13275379  71 function
     6   1018   1   883480   5  14158859  76 type
     7  11613   8   650328   3  14809187  79 evaluateFuncs.Cell
     8    325   0   582184   3  15391371  82 dict of module
     9   1361   1   554200   3  15945571  85 dict (no owner)
<287 more rows. Type e.g. '_.more' to view.>Partition of a set of 139397 objects. Total size = 18750351 bytes.
 Index  Count   %     Size   % Cumulative  % Kind (class / dict of class)
     0  32210  23  4770368  25   4770368  25 str
     1  11613   8  2787120  15   7557488  40 dict of evaluateFuncs.Cell
     2  31377  23  2395088  13   9952576  53 tuple
     3  15649  11  1203891   6  11156467  60 bytes
     4   7785   6  1125160   6  12281627  66 types.CodeType
     5   7307   5   993752   5  13275379  71 function
     6   1018   1   883480   5  14158859  76 type
     7  11613   8   650328   3  14809187  79 evaluateFuncs.Cell
     8    325   0   582184   3  15391371  82 dict of module
     9   1361   1   554072   3  15945443  85 dict (no owner)
<287 more rows. Type e.g. '_.more' to view.>Partition of a set of 139403 objects. Total size = 18750959 bytes.
 Index  Count   %     Size   % Cumulative  % Kind (class / dict of class)
     0  32210  23  4770368  25   4770368  25 str
     1  11613   8  2787120  15   7557488  40 dict of evaluateFuncs.Cell
     2  31377  23  2395088  13   9952576  53 tuple
     3  15649  11  1203891   6  11156467  59 bytes
     4   7785   6  1125160   6  12281627  65 types.CodeType
     5   7307   5   993752   5  13275379  71 function
     6   1018   1   883480   5  14158859  76 type
     7  11613   8   650328   3  14809187  79 evaluateFuncs.Cell
     8    325   0   582184   3  15391371  82 dict of module
     9   1361   1   554072   3  15945443  85 dict (no owner)
<287 more rows. Type e.g. '_.more' to view.>Partition of a set of 139402 objects. Total size = 18750863 bytes.
 Index  Count   %     Size   % Cumulative  % Kind (class / dict of class)
     0  32210  23  4770368  25   4770368  25 str
     1  11613   8  2787120  15   7557488  40 dict of evaluateFuncs.Cell
     2  31377  23  2395088  13   9952576  53 tuple
     3  15649  11  1203891   6  11156467  59 bytes
     4   7785   6  1125160   6  12281627  65 types.CodeType
     5   7307   5   993752   5  13275379  71 function
     6   1018   1   883480   5  14158859  76 type
     7  11613   8   650328   3  14809187  79 evaluateFuncs.Cell
     8    325   0   582184   3  15391371  82 dict of module
     9   1361   1   554072   3  15945443  85 dict (no owner)
<287 more rows. Type e.g. '_.more' to view.>Partition of a set of 131484 objects. Total size = 17518779 bytes.
 Index  Count   %     Size   % Cumulative  % Kind (class / dict of class)
     0  32210  24  4770368  27   4770368  27 str
     1  31374  24  2394904  14   7165272  41 tuple
     2   7742   6  1858080  11   9023352  52 dict of evaluateFuncs.Cell
     3  15649  12  1203891   7  10227243  58 bytes
     4   7785   6  1125160   6  11352403  65 types.CodeType
     5   7307   6   993752   6  12346155  70 function
     6   1018   1   883480   5  13229635  76 type
     7    325   0   582184   3  13811819  79 dict of module
     8   1361   1   554072   3  14365891  82 dict (no owner)
     9   1018   1   547080   3  14912971  85 dict of type
<287 more rows. Type e.g. '_.more' to view.>Partition of a set of 139400 objects. Total size = 18750671 bytes.
 Index  Count   %     Size   % Cumulative  % Kind (class / dict of class)
     0  32210  23  4770368  25   4770368  25 str
     1  11613   8  2787120  15   7557488  40 dict of evaluateFuncs.Cell
     2  31377  23  2395088  13   9952576  53 tuple
     3  15649  11  1203891   6  11156467  59 bytes
     4   7785   6  1125160   6  12281627  65 types.CodeType
     5   7307   5   993752   5  13275379  71 function
     6   1018   1   883480   5  14158859  76 type
     7  11613   8   650328   3  14809187  79 evaluateFuncs.Cell
     8    325   0   582184   3  15391371  82 dict of module
     9   1361   1   554072   3  15945443  85 dict (no owner)
<287 more rows. Type e.g. '_.more' to view.>Partition of a set of 139398 objects. Total size = 18750447 bytes.
 Index  Count   %     Size   % Cumulative  % Kind (class / dict of class)
     0  32210  23  4770368  25   4770368  25 str
     1  11613   8  2787120  15   7557488  40 dict of evaluateFuncs.Cell
     2  31377  23  2395088  13   9952576  53 tuple
     3  15649  11  1203891   6  11156467  59 bytes
     4   7785   6  1125160   6  12281627  66 types.CodeType
     5   7307   5   993752   5  13275379  71 function
     6   1018   1   883480   5  14158859  76 type
     7  11613   8   650328   3  14809187  79 evaluateFuncs.Cell
     8    325   0   582184   3  15391371  82 dict of module
     9   1361   1   554072   3  15945443  85 dict (no owner)
<287 more rows. Type e.g. '_.more' to view.>Partition of a set of 139395 objects. Total size = 18750127 bytes.
 Index  Count   %     Size   % Cumulative  % Kind (class / dict of class)
     0  32210  23  4770368  25   4770368  25 str
     1  11613   8  2787120  15   7557488  40 dict of evaluateFuncs.Cell
     2  31377  23  2395088  13   9952576  53 tuple
     3  15649  11  1203891   6  11156467  60 bytes
     4   7785   6  1125160   6  12281627  66 types.CodeType
     5   7307   5   993752   5  13275379  71 function
     6   1018   1   883480   5  14158859  76 type
     7  11613   8   650328   3  14809187  79 evaluateFuncs.Cell
     8    325   0   582184   3  15391371  82 dict of module
     9   1361   1   554072   3  15945443  85 dict (no owner)
<287 more rows. Type e.g. '_.more' to view.>Partition of a set of 139394 objects. Total size = 18750031 bytes.
 Index  Count   %     Size   % Cumulative  % Kind (class / dict of class)
     0  32210  23  4770368  25   4770368  25 str
     1  11613   8  2787120  15   7557488  40 dict of evaluateFuncs.Cell
     2  31377  23  2395088  13   9952576  53 tuple
     3  15649  11  1203891   6  11156467  60 bytes
     4   7785   6  1125160   6  12281627  66 types.CodeType
     5   7307   5   993752   5  13275379  71 function
     6   1018   1   883480   5  14158859  76 type
     7  11613   8   650328   3  14809187  79 evaluateFuncs.Cell
     8    325   0   582184   3  15391371  82 dict of module
     9   1361   1   554072   3  15945443  85 dict (no owner)
<287 more rows. Type e.g. '_.more' to view.>Partition of a set of 139394 objects. Total size = 18750031 bytes.
 Index  Count   %     Size   % Cumulative  % Kind (class / dict of class)
     0  32210  23  4770368  25   4770368  25 str
     1  11613   8  2787120  15   7557488  40 dict of evaluateFuncs.Cell
     2  31377  23  2395088  13   9952576  53 tuple
     3  15649  11  1203891   6  11156467  60 bytes
     4   7785   6  1125160   6  12281627  66 types.CodeType
     5   7307   5   993752   5  13275379  71 function
     6   1018   1   883480   5  14158859  76 type
     7  11613   8   650328   3  14809187  79 evaluateFuncs.Cell
     8    325   0   582184   3  15391371  82 dict of module
     9   1361   1   554072   3  15945443  85 dict (no owner)
<287 more rows. Type e.g. '_.more' to view.>Partition of a set of 139395 objects. Total size = 18750127 bytes.
 Index  Count   %     Size   % Cumulative  % Kind (class / dict of class)
     0  32210  23  4770368  25   4770368  25 str
     1  11613   8  2787120  15   7557488  40 dict of evaluateFuncs.Cell
     2  31377  23  2395088  13   9952576  53 tuple
     3  15649  11  1203891   6  11156467  60 bytes
     4   7785   6  1125160   6  12281627  66 types.CodeType
     5   7307   5   993752   5  13275379  71 function
     6   1018   1   883480   5  14158859  76 type
     7  11613   8   650328   3  14809187  79 evaluateFuncs.Cell
     8    325   0   582184   3  15391371  82 dict of module
     9   1361   1   554072   3  15945443  85 dict (no owner)
<287 more rows. Type e.g. '_.more' to view.>Partition of a set of 139394 objects. Total size = 18750031 bytes.
 Index  Count   %     Size   % Cumulative  % Kind (class / dict of class)
     0  32210  23  4770368  25   4770368  25 str
     1  11613   8  2787120  15   7557488  40 dict of evaluateFuncs.Cell
     2  31377  23  2395088  13   9952576  53 tuple
     3  15649  11  1203891   6  11156467  60 bytes
     4   7785   6  1125160   6  12281627  66 types.CodeType
     5   7307   5   993752   5  13275379  71 function
     6   1018   1   883480   5  14158859  76 type
     7  11613   8   650328   3  14809187  79 evaluateFuncs.Cell
     8    325   0   582184   3  15391371  82 dict of module
     9   1361   1   554072   3  15945443  85 dict (no owner)
<287 more rows. Type e.g. '_.more' to view.>Partition of a set of 139392 objects. Total size = 18749839 bytes.
 Index  Count   %     Size   % Cumulative  % Kind (class / dict of class)
     0  32210  23  4770368  25   4770368  25 str
     1  11613   8  2787120  15   7557488  40 dict of evaluateFuncs.Cell
     2  31377  23  2395088  13   9952576  53 tuple
     3  15649  11  1203891   6  11156467  60 bytes
     4   7785   6  1125160   6  12281627  66 types.CodeType
     5   7307   5   993752   5  13275379  71 function
     6   1018   1   883480   5  14158859  76 type
     7  11613   8   650328   3  14809187  79 evaluateFuncs.Cell
     8    325   0   582184   3  15391371  82 dict of module
     9   1361   1   554072   3  15945443  85 dict (no owner)
<287 more rows. Type e.g. '_.more' to view.>Partition of a set of 139395 objects. Total size = 18750127 bytes.
 Index  Count   %     Size   % Cumulative  % Kind (class / dict of class)
     0  32210  23  4770368  25   4770368  25 str
     1  11613   8  2787120  15   7557488  40 dict of evaluateFuncs.Cell
     2  31377  23  2395088  13   9952576  53 tuple
     3  15649  11  1203891   6  11156467  60 bytes
     4   7785   6  1125160   6  12281627  66 types.CodeType
     5   7307   5   993752   5  13275379  71 function
     6   1018   1   883480   5  14158859  76 type
     7  11613   8   650328   3  14809187  79 evaluateFuncs.Cell
     8    325   0   582184   3  15391371  82 dict of module
     9   1361   1   554072   3  15945443  85 dict (no owner)
<287 more rows. Type e.g. '_.more' to view.>Partition of a set of 139400 objects. Total size = 18750639 bytes.
 Index  Count   %     Size   % Cumulative  % Kind (class / dict of class)
     0  32210  23  4770368  25   4770368  25 str
     1  11613   8  2787120  15   7557488  40 dict of evaluateFuncs.Cell
     2  31377  23  2395088  13   9952576  53 tuple
     3  15649  11  1203891   6  11156467  59 bytes
     4   7785   6  1125160   6  12281627  65 types.CodeType
     5   7307   5   993752   5  13275379  71 function
     6   1018   1   883480   5  14158859  76 type
     7  11613   8   650328   3  14809187  79 evaluateFuncs.Cell
     8    325   0   582184   3  15391371  82 dict of module
     9   1361   1   554072   3  15945443  85 dict (no owner)
<287 more rows. Type e.g. '_.more' to view.>Partition of a set of 131484 objects. Total size = 17518323 bytes.
 Index  Count   %     Size   % Cumulative  % Kind (class / dict of class)
     0  32210  24  4770368  27   4770368  27 str
     1  31374  24  2394904  14   7165272  41 tuple
     2   7742   6  1858080  11   9023352  52 dict of evaluateFuncs.Cell
     3  15649  12  1203891   7  10227243  58 bytes
     4   7785   6  1125160   6  11352403  65 types.CodeType
     5   7307   6   993752   6  12346155  70 function
     6   1018   1   883480   5  13229635  76 type
     7    325   0   582184   3  13811819  79 dict of module
     8   1361   1   554072   3  14365891  82 dict (no owner)
     9   1018   1   547080   3  14912971  85 dict of type
<287 more rows. Type e.g. '_.more' to view.>Partition of a set of 131511 objects. Total size = 17519393 bytes.
 Index  Count   %     Size   % Cumulative  % Kind (class / dict of class)
     0  32209  24  4770310  27   4770310  27 str
     1  31370  24  2394680  14   7164990  41 tuple
     2   7742   6  1858080  11   9023070  52 dict of evaluateFuncs.Cell
     3  15649  12  1203891   7  10226961  58 bytes
     4   7785   6  1125160   6  11352121  65 types.CodeType
     5   7307   6   993752   6  12345873  70 function
     6   1018   1   883480   5  13229353  76 type
     7    325   0   582184   3  13811537  79 dict of module
     8   1361   1   555016   3  14366553  82 dict (no owner)
     9   1018   1   547080   3  14913633  85 dict of type
<287 more rows. Type e.g. '_.more' to view.>Partition of a set of 139374 objects. Total size = 18748677 bytes.
 Index  Count   %     Size   % Cumulative  % Kind (class / dict of class)
     0  32209  23  4770310  25   4770310  25 str
     1  11613   8  2787120  15   7557430  40 dict of evaluateFuncs.Cell
     2  31373  23  2394864  13   9952294  53 tuple
     3  15649  11  1203891   6  11156185  60 bytes
     4   7785   6  1125160   6  12281345  66 types.CodeType
     5   7307   5   993752   5  13275097  71 function
     6   1018   1   883480   5  14158577  76 type
     7  11613   8   650328   3  14808905  79 evaluateFuncs.Cell
     8    325   0   582184   3  15391089  82 dict of module
     9   1361   1   555016   3  15946105  85 dict (no owner)
<287 more rows. Type e.g. '_.more' to view.>Partition of a set of 139374 objects. Total size = 18748141 bytes.
 Index  Count   %     Size   % Cumulative  % Kind (class / dict of class)
     0  32209  23  4770310  25   4770310  25 str
     1  11613   8  2787120  15   7557430  40 dict of evaluateFuncs.Cell
     2  31373  23  2394864  13   9952294  53 tuple
     3  15649  11  1203891   6  11156185  60 bytes
     4   7785   6  1125160   6  12281345  66 types.CodeType
     5   7307   5   993752   5  13275097  71 function
     6   1018   1   883480   5  14158577  76 type
     7  11613   8   650328   3  14808905  79 evaluateFuncs.Cell
     8    325   0   582184   3  15391089  82 dict of module
     9   1361   1   554480   3  15945569  85 dict (no owner)
<287 more rows. Type e.g. '_.more' to view.>Partition of a set of 139372 objects. Total size = 18747949 bytes.
 Index  Count   %     Size   % Cumulative  % Kind (class / dict of class)
     0  32209  23  4770310  25   4770310  25 str
     1  11613   8  2787120  15   7557430  40 dict of evaluateFuncs.Cell
     2  31373  23  2394864  13   9952294  53 tuple
     3  15649  11  1203891   6  11156185  60 bytes
     4   7785   6  1125160   6  12281345  66 types.CodeType
     5   7307   5   993752   5  13275097  71 function
     6   1018   1   883480   5  14158577  76 type
     7  11613   8   650328   3  14808905  79 evaluateFuncs.Cell
     8    325   0   582184   3  15391089  82 dict of module
     9   1361   1   554480   3  15945569  85 dict (no owner)
<287 more rows. Type e.g. '_.more' to view.>Partition of a set of 139370 objects. Total size = 18747757 bytes.
 Index  Count   %     Size   % Cumulative  % Kind (class / dict of class)
     0  32209  23  4770310  25   4770310  25 str
     1  11613   8  2787120  15   7557430  40 dict of evaluateFuncs.Cell
     2  31373  23  2394864  13   9952294  53 tuple
     3  15649  11  1203891   6  11156185  60 bytes
     4   7785   6  1125160   6  12281345  66 types.CodeType
     5   7307   5   993752   5  13275097  71 function
     6   1018   1   883480   5  14158577  76 type
     7  11613   8   650328   3  14808905  79 evaluateFuncs.Cell
     8    325   0   582184   3  15391089  82 dict of module
     9   1361   1   554480   3  15945569  85 dict (no owner)
<287 more rows. Type e.g. '_.more' to view.>Partition of a set of 139371 objects. Total size = 18747853 bytes.
 Index  Count   %     Size   % Cumulative  % Kind (class / dict of class)
     0  32209  23  4770310  25   4770310  25 str
     1  11613   8  2787120  15   7557430  40 dict of evaluateFuncs.Cell
     2  31373  23  2394864  13   9952294  53 tuple
     3  15649  11  1203891   6  11156185  60 bytes
     4   7785   6  1125160   6  12281345  66 types.CodeType
     5   7307   5   993752   5  13275097  71 function
     6   1018   1   883480   5  14158577  76 type
     7  11613   8   650328   3  14808905  79 evaluateFuncs.Cell
     8    325   0   582184   3  15391089  82 dict of module
     9   1361   1   554480   3  15945569  85 dict (no owner)
<287 more rows. Type e.g. '_.more' to view.>Partition of a set of 139373 objects. Total size = 18747765 bytes.
 Index  Count   %     Size   % Cumulative  % Kind (class / dict of class)
     0  32209  23  4770310  25   4770310  25 str
     1  11613   8  2787120  15   7557430  40 dict of evaluateFuncs.Cell
     2  31373  23  2394864  13   9952294  53 tuple
     3  15649  11  1203891   6  11156185  60 bytes
     4   7785   6  1125160   6  12281345  66 types.CodeType
     5   7307   5   993752   5  13275097  71 function
     6   1018   1   883480   5  14158577  76 type
     7  11613   8   650328   3  14808905  79 evaluateFuncs.Cell
     8    325   0   582184   3  15391089  82 dict of module
     9   1361   1   554200   3  15945289  85 dict (no owner)
<287 more rows. Type e.g. '_.more' to view.>Partition of a set of 139374 objects. Total size = 18747733 bytes.
 Index  Count   %     Size   % Cumulative  % Kind (class / dict of class)
     0  32209  23  4770310  25   4770310  25 str
     1  11613   8  2787120  15   7557430  40 dict of evaluateFuncs.Cell
     2  31373  23  2394864  13   9952294  53 tuple
     3  15649  11  1203891   6  11156185  60 bytes
     4   7785   6  1125160   6  12281345  66 types.CodeType
     5   7307   5   993752   5  13275097  71 function
     6   1018   1   883480   5  14158577  76 type
     7  11613   8   650328   3  14808905  79 evaluateFuncs.Cell
     8    325   0   582184   3  15391089  82 dict of module
     9   1361   1   554072   3  15945161  85 dict (no owner)
<287 more rows. Type e.g. '_.more' to view.>Partition of a set of 139373 objects. Total size = 18747637 bytes.
 Index  Count   %     Size   % Cumulative  % Kind (class / dict of class)
     0  32209  23  4770310  25   4770310  25 str
     1  11613   8  2787120  15   7557430  40 dict of evaluateFuncs.Cell
     2  31373  23  2394864  13   9952294  53 tuple
     3  15649  11  1203891   6  11156185  60 bytes
     4   7785   6  1125160   6  12281345  66 types.CodeType
     5   7307   5   993752   5  13275097  71 function
     6   1018   1   883480   5  14158577  76 type
     7  11613   8   650328   3  14808905  79 evaluateFuncs.Cell
     8    325   0   582184   3  15391089  82 dict of module
     9   1361   1   554072   3  15945161  85 dict (no owner)
<287 more rows. Type e.g. '_.more' to view.>Partition of a set of 139372 objects. Total size = 18747541 bytes.
 Index  Count   %     Size   % Cumulative  % Kind (class / dict of class)
     0  32209  23  4770310  25   4770310  25 str
     1  11613   8  2787120  15   7557430  40 dict of evaluateFuncs.Cell
     2  31373  23  2394864  13   9952294  53 tuple
     3  15649  11  1203891   6  11156185  60 bytes
     4   7785   6  1125160   6  12281345  66 types.CodeType
     5   7307   5   993752   5  13275097  71 function
     6   1018   1   883480   5  14158577  76 type
     7  11613   8   650328   3  14808905  79 evaluateFuncs.Cell
     8    325   0   582184   3  15391089  82 dict of module
     9   1361   1   554072   3  15945161  85 dict (no owner)
<287 more rows. Type e.g. '_.more' to view.>Partition of a set of 131459 objects. Total size = 17515969 bytes.
 Index  Count   %     Size   % Cumulative  % Kind (class / dict of class)
     0  32209  25  4770310  27   4770310  27 str
     1  31370  24  2394680  14   7164990  41 tuple
     2   7742   6  1858080  11   9023070  52 dict of evaluateFuncs.Cell
     3  15649  12  1203891   7  10226961  58 bytes
     4   7785   6  1125160   6  11352121  65 types.CodeType
     5   7307   6   993752   6  12345873  70 function
     6   1018   1   883480   5  13229353  76 type
     7    325   0   582184   3  13811537  79 dict of module
     8   1361   1   554072   3  14365609  82 dict (no owner)
     9   1018   1   547080   3  14912689  85 dict of type
<287 more rows. Type e.g. '_.more' to view.>Partition of a set of 139374 objects. Total size = 18747733 bytes.
 Index  Count   %     Size   % Cumulative  % Kind (class / dict of class)
     0  32209  23  4770310  25   4770310  25 str
     1  11613   8  2787120  15   7557430  40 dict of evaluateFuncs.Cell
     2  31373  23  2394864  13   9952294  53 tuple
     3  15649  11  1203891   6  11156185  60 bytes
     4   7785   6  1125160   6  12281345  66 types.CodeType
     5   7307   5   993752   5  13275097  71 function
     6   1018   1   883480   5  14158577  76 type
     7  11613   8   650328   3  14808905  79 evaluateFuncs.Cell
     8    325   0   582184   3  15391089  82 dict of module
     9   1361   1   554072   3  15945161  85 dict (no owner)
<287 more rows. Type e.g. '_.more' to view.>Partition of a set of 139373 objects. Total size = 18747637 bytes.
 Index  Count   %     Size   % Cumulative  % Kind (class / dict of class)
     0  32209  23  4770310  25   4770310  25 str
     1  11613   8  2787120  15   7557430  40 dict of evaluateFuncs.Cell
     2  31373  23  2394864  13   9952294  53 tuple
     3  15649  11  1203891   6  11156185  60 bytes
     4   7785   6  1125160   6  12281345  66 types.CodeType
     5   7307   5   993752   5  13275097  71 function
     6   1018   1   883480   5  14158577  76 type
     7  11613   8   650328   3  14808905  79 evaluateFuncs.Cell
     8    325   0   582184   3  15391089  82 dict of module
     9   1361   1   554072   3  15945161  85 dict (no owner)
<287 more rows. Type e.g. '_.more' to view.>Partition of a set of 139371 objects. Total size = 18747445 bytes.
 Index  Count   %     Size   % Cumulative  % Kind (class / dict of class)
     0  32209  23  4770310  25   4770310  25 str
     1  11613   8  2787120  15   7557430  40 dict of evaluateFuncs.Cell
     2  31373  23  2394864  13   9952294  53 tuple
     3  15649  11  1203891   6  11156185  60 bytes
     4   7785   6  1125160   6  12281345  66 types.CodeType
     5   7307   5   993752   5  13275097  71 function
     6   1018   1   883480   5  14158577  76 type
     7  11613   8   650328   3  14808905  79 evaluateFuncs.Cell
     8    325   0   582184   3  15391089  82 dict of module
     9   1361   1   554072   3  15945161  85 dict (no owner)
<287 more rows. Type e.g. '_.more' to view.>Partition of a set of 139372 objects. Total size = 18747541 bytes.
 Index  Count   %     Size   % Cumulative  % Kind (class / dict of class)
     0  32209  23  4770310  25   4770310  25 str
     1  11613   8  2787120  15   7557430  40 dict of evaluateFuncs.Cell
     2  31373  23  2394864  13   9952294  53 tuple
     3  15649  11  1203891   6  11156185  60 bytes
     4   7785   6  1125160   6  12281345  66 types.CodeType
     5   7307   5   993752   5  13275097  71 function
     6   1018   1   883480   5  14158577  76 type
     7  11613   8   650328   3  14808905  79 evaluateFuncs.Cell
     8    325   0   582184   3  15391089  82 dict of module
     9   1361   1   554072   3  15945161  85 dict (no owner)
<287 more rows. Type e.g. '_.more' to view.>Partition of a set of 139373 objects. Total size = 18747637 bytes.
 Index  Count   %     Size   % Cumulative  % Kind (class / dict of class)
     0  32209  23  4770310  25   4770310  25 str
     1  11613   8  2787120  15   7557430  40 dict of evaluateFuncs.Cell
     2  31373  23  2394864  13   9952294  53 tuple
     3  15649  11  1203891   6  11156185  60 bytes
     4   7785   6  1125160   6  12281345  66 types.CodeType
     5   7307   5   993752   5  13275097  71 function
     6   1018   1   883480   5  14158577  76 type
     7  11613   8   650328   3  14808905  79 evaluateFuncs.Cell
     8    325   0   582184   3  15391089  82 dict of module
     9   1361   1   554072   3  15945161  85 dict (no owner)
<287 more rows. Type e.g. '_.more' to view.>Partition of a set of 139374 objects. Total size = 18747765 bytes.
 Index  Count   %     Size   % Cumulative  % Kind (class / dict of class)
     0  32209  23  4770310  25   4770310  25 str
     1  11613   8  2787120  15   7557430  40 dict of evaluateFuncs.Cell
     2  31373  23  2394864  13   9952294  53 tuple
     3  15649  11  1203891   6  11156185  60 bytes
     4   7785   6  1125160   6  12281345  66 types.CodeType
     5   7307   5   993752   5  13275097  71 function
     6   1018   1   883480   5  14158577  76 type
     7  11613   8   650328   3  14808905  79 evaluateFuncs.Cell
     8    325   0   582184   3  15391089  82 dict of module
     9   1361   1   554072   3  15945161  85 dict (no owner)
<287 more rows. Type e.g. '_.more' to view.>Partition of a set of 139376 objects. Total size = 18747989 bytes.
 Index  Count   %     Size   % Cumulative  % Kind (class / dict of class)
     0  32209  23  4770310  25   4770310  25 str
     1  11613   8  2787120  15   7557430  40 dict of evaluateFuncs.Cell
     2  31373  23  2394864  13   9952294  53 tuple
     3  15649  11  1203891   6  11156185  60 bytes
     4   7785   6  1125160   6  12281345  66 types.CodeType
     5   7307   5   993752   5  13275097  71 function
     6   1018   1   883480   5  14158577  76 type
     7  11613   8   650328   3  14808905  79 evaluateFuncs.Cell
     8    325   0   582184   3  15391089  82 dict of module
     9   1361   1   554072   3  15945161  85 dict (no owner)
<287 more rows. Type e.g. '_.more' to view.>Partition of a set of 131459 objects. Total size = 17515513 bytes.
 Index  Count   %     Size   % Cumulative  % Kind (class / dict of class)
     0  32209  25  4770310  27   4770310  27 str
     1  31370  24  2394680  14   7164990  41 tuple
     2   7742   6  1858080  11   9023070  52 dict of evaluateFuncs.Cell
     3  15649  12  1203891   7  10226961  58 bytes
     4   7785   6  1125160   6  11352121  65 types.CodeType
     5   7307   6   993752   6  12345873  70 function
     6   1018   1   883480   5  13229353  76 type
     7    325   0   582184   3  13811537  79 dict of module
     8   1361   1   554072   3  14365609  82 dict (no owner)
     9   1018   1   547080   3  14912689  85 dict of type
<287 more rows. Type e.g. '_.more' to view.>Partition of a set of 131474 objects. Total size = 17515074 bytes.
 Index  Count   %     Size   % Cumulative  % Kind (class / dict of class)
     0  32208  24  4770255  27   4770255  27 str
     1  31365  24  2394408  14   7164663  41 tuple
     2   7742   6  1858080  11   9022743  52 dict of evaluateFuncs.Cell
     3  15649  12  1203955   7  10226698  58 bytes
     4   7785   6  1125160   6  11351858  65 types.CodeType
     5   7307   6   993752   6  12345610  70 function
     6   1018   1   883480   5  13229090  76 type
     7    325   0   582184   3  13811274  79 dict of module
     8   1361   1   555016   3  14366290  82 dict (no owner)
     9   1018   1   547080   3  14913370  85 dict of type
<287 more rows. Type e.g. '_.more' to view.>Partition of a set of 139338 objects. Total size = 18744486 bytes.
 Index  Count   %     Size   % Cumulative  % Kind (class / dict of class)
     0  32208  23  4770255  25   4770255  25 str
     1  11613   8  2787120  15   7557375  40 dict of evaluateFuncs.Cell
     2  31368  23  2394592  13   9951967  53 tuple
     3  15649  11  1203955   6  11155922  60 bytes
     4   7785   6  1125160   6  12281082  66 types.CodeType
     5   7307   5   993752   5  13274834  71 function
     6   1018   1   883480   5  14158314  76 type
     7  11613   8   650328   3  14808642  79 evaluateFuncs.Cell
     8    325   0   582184   3  15390826  82 dict of module
     9   1361   1   555016   3  15945842  85 dict (no owner)
<287 more rows. Type e.g. '_.more' to view.>Partition of a set of 139338 objects. Total size = 18743950 bytes.
 Index  Count   %     Size   % Cumulative  % Kind (class / dict of class)
     0  32208  23  4770255  25   4770255  25 str
     1  11613   8  2787120  15   7557375  40 dict of evaluateFuncs.Cell
     2  31368  23  2394592  13   9951967  53 tuple
     3  15649  11  1203955   6  11155922  60 bytes
     4   7785   6  1125160   6  12281082  66 types.CodeType
     5   7307   5   993752   5  13274834  71 function
     6   1018   1   883480   5  14158314  76 type
     7  11613   8   650328   3  14808642  79 evaluateFuncs.Cell
     8    325   0   582184   3  15390826  82 dict of module
     9   1361   1   554480   3  15945306  85 dict (no owner)
<287 more rows. Type e.g. '_.more' to view.>Partition of a set of 139336 objects. Total size = 18743726 bytes.
 Index  Count   %     Size   % Cumulative  % Kind (class / dict of class)
     0  32208  23  4770255  25   4770255  25 str
     1  11613   8  2787120  15   7557375  40 dict of evaluateFuncs.Cell
     2  31368  23  2394592  13   9951967  53 tuple
     3  15649  11  1203955   6  11155922  60 bytes
     4   7785   6  1125160   6  12281082  66 types.CodeType
     5   7307   5   993752   5  13274834  71 function
     6   1018   1   883480   5  14158314  76 type
     7  11613   8   650328   3  14808642  79 evaluateFuncs.Cell
     8    325   0   582184   3  15390826  82 dict of module
     9   1361   1   554480   3  15945306  85 dict (no owner)
<287 more rows. Type e.g. '_.more' to view.>Partition of a set of 139338 objects. Total size = 18743950 bytes.
 Index  Count   %     Size   % Cumulative  % Kind (class / dict of class)
     0  32208  23  4770255  25   4770255  25 str
     1  11613   8  2787120  15   7557375  40 dict of evaluateFuncs.Cell
     2  31368  23  2394592  13   9951967  53 tuple
     3  15649  11  1203955   6  11155922  60 bytes
     4   7785   6  1125160   6  12281082  66 types.CodeType
     5   7307   5   993752   5  13274834  71 function
     6   1018   1   883480   5  14158314  76 type
     7  11613   8   650328   3  14808642  79 evaluateFuncs.Cell
     8    325   0   582184   3  15390826  82 dict of module
     9   1361   1   554480   3  15945306  85 dict (no owner)
<287 more rows. Type e.g. '_.more' to view.>Partition of a set of 139341 objects. Total size = 18744270 bytes.
 Index  Count   %     Size   % Cumulative  % Kind (class / dict of class)
     0  32208  23  4770255  25   4770255  25 str
     1  11613   8  2787120  15   7557375  40 dict of evaluateFuncs.Cell
     2  31368  23  2394592  13   9951967  53 tuple
     3  15649  11  1203955   6  11155922  60 bytes
     4   7785   6  1125160   6  12281082  66 types.CodeType
     5   7307   5   993752   5  13274834  71 function
     6   1018   1   883480   5  14158314  76 type
     7  11613   8   650328   3  14808642  79 evaluateFuncs.Cell
     8    325   0   582184   3  15390826  82 dict of module
     9   1361   1   554480   3  15945306  85 dict (no owner)
<287 more rows. Type e.g. '_.more' to view.>Partition of a set of 139341 objects. Total size = 18743990 bytes.
 Index  Count   %     Size   % Cumulative  % Kind (class / dict of class)
     0  32208  23  4770255  25   4770255  25 str
     1  11613   8  2787120  15   7557375  40 dict of evaluateFuncs.Cell
     2  31368  23  2394592  13   9951967  53 tuple
     3  15649  11  1203955   6  11155922  60 bytes
     4   7785   6  1125160   6  12281082  66 types.CodeType
     5   7307   5   993752   5  13274834  71 function
     6   1018   1   883480   5  14158314  76 type
     7  11613   8   650328   3  14808642  79 evaluateFuncs.Cell
     8    325   0   582184   3  15390826  82 dict of module
     9   1361   1   554200   3  15945026  85 dict (no owner)
<287 more rows. Type e.g. '_.more' to view.>Partition of a set of 139337 objects. Total size = 18743446 bytes.
 Index  Count   %     Size   % Cumulative  % Kind (class / dict of class)
     0  32208  23  4770255  25   4770255  25 str
     1  11613   8  2787120  15   7557375  40 dict of evaluateFuncs.Cell
     2  31368  23  2394592  13   9951967  53 tuple
     3  15649  11  1203955   6  11155922  60 bytes
     4   7785   6  1125160   6  12281082  66 types.CodeType
     5   7307   5   993752   5  13274834  71 function
     6   1018   1   883480   5  14158314  76 type
     7  11613   8   650328   3  14808642  79 evaluateFuncs.Cell
     8    325   0   582184   3  15390826  82 dict of module
     9   1361   1   554072   3  15944898  85 dict (no owner)
<287 more rows. Type e.g. '_.more' to view.>Partition of a set of 139338 objects. Total size = 18743542 bytes.
 Index  Count   %     Size   % Cumulative  % Kind (class / dict of class)
     0  32208  23  4770255  25   4770255  25 str
     1  11613   8  2787120  15   7557375  40 dict of evaluateFuncs.Cell
     2  31368  23  2394592  13   9951967  53 tuple
     3  15649  11  1203955   6  11155922  60 bytes
     4   7785   6  1125160   6  12281082  66 types.CodeType
     5   7307   5   993752   5  13274834  71 function
     6   1018   1   883480   5  14158314  76 type
     7  11613   8   650328   3  14808642  79 evaluateFuncs.Cell
     8    325   0   582184   3  15390826  82 dict of module
     9   1361   1   554072   3  15944898  85 dict (no owner)
<287 more rows. Type e.g. '_.more' to view.>Partition of a set of 139339 objects. Total size = 18743638 bytes.
 Index  Count   %     Size   % Cumulative  % Kind (class / dict of class)
     0  32208  23  4770255  25   4770255  25 str
     1  11613   8  2787120  15   7557375  40 dict of evaluateFuncs.Cell
     2  31368  23  2394592  13   9951967  53 tuple
     3  15649  11  1203955   6  11155922  60 bytes
     4   7785   6  1125160   6  12281082  66 types.CodeType
     5   7307   5   993752   5  13274834  71 function
     6   1018   1   883480   5  14158314  76 type
     7  11613   8   650328   3  14808642  79 evaluateFuncs.Cell
     8    325   0   582184   3  15390826  82 dict of module
     9   1361   1   554072   3  15944898  85 dict (no owner)
<287 more rows. Type e.g. '_.more' to view.>Partition of a set of 131422 objects. Total size = 17511650 bytes.
 Index  Count   %     Size   % Cumulative  % Kind (class / dict of class)
     0  32208  25  4770255  27   4770255  27 str
     1  31365  24  2394408  14   7164663  41 tuple
     2   7742   6  1858080  11   9022743  52 dict of evaluateFuncs.Cell
     3  15649  12  1203955   7  10226698  58 bytes
     4   7785   6  1125160   6  11351858  65 types.CodeType
     5   7307   6   993752   6  12345610  70 function
     6   1018   1   883480   5  13229090  76 type
     7    325   0   582184   3  13811274  79 dict of module
     8   1361   1   554072   3  14365346  82 dict (no owner)
     9   1018   1   547080   3  14912426  85 dict of type
<287 more rows. Type e.g. '_.more' to view.>Partition of a set of 139335 objects. Total size = 18743222 bytes.
 Index  Count   %     Size   % Cumulative  % Kind (class / dict of class)
     0  32208  23  4770255  25   4770255  25 str
     1  11613   8  2787120  15   7557375  40 dict of evaluateFuncs.Cell
     2  31368  23  2394592  13   9951967  53 tuple
     3  15649  11  1203955   6  11155922  60 bytes
     4   7785   6  1125160   6  12281082  66 types.CodeType
     5   7307   5   993752   5  13274834  71 function
     6   1018   1   883480   5  14158314  76 type
     7  11613   8   650328   3  14808642  79 evaluateFuncs.Cell
     8    325   0   582184   3  15390826  82 dict of module
     9   1361   1   554072   3  15944898  85 dict (no owner)
<287 more rows. Type e.g. '_.more' to view.>Partition of a set of 139334 objects. Total size = 18743126 bytes.
 Index  Count   %     Size   % Cumulative  % Kind (class / dict of class)
     0  32208  23  4770255  25   4770255  25 str
     1  11613   8  2787120  15   7557375  40 dict of evaluateFuncs.Cell
     2  31368  23  2394592  13   9951967  53 tuple
     3  15649  11  1203955   6  11155922  60 bytes
     4   7785   6  1125160   6  12281082  66 types.CodeType
     5   7307   5   993752   5  13274834  71 function
     6   1018   1   883480   5  14158314  76 type
     7  11613   8   650328   3  14808642  79 evaluateFuncs.Cell
     8    325   0   582184   3  15390826  82 dict of module
     9   1361   1   554072   3  15944898  85 dict (no owner)
<287 more rows. Type e.g. '_.more' to view.>Partition of a set of 131422 objects. Total size = 17511194 bytes.
 Index  Count   %     Size   % Cumulative  % Kind (class / dict of class)
     0  32208  25  4770255  27   4770255  27 str
     1  31365  24  2394408  14   7164663  41 tuple
     2   7742   6  1858080  11   9022743  52 dict of evaluateFuncs.Cell
     3  15649  12  1203955   7  10226698  58 bytes
     4   7785   6  1125160   6  11351858  65 types.CodeType
     5   7307   6   993752   6  12345610  71 function
     6   1018   1   883480   5  13229090  76 type
     7    325   0   582184   3  13811274  79 dict of module
     8   1361   1   554072   3  14365346  82 dict (no owner)
     9   1018   1   547080   3  14912426  85 dict of type
<287 more rows. Type e.g. '_.more' to view.>Partition of a set of 131471 objects. Total size = 17514670 bytes.
 Index  Count   %     Size   % Cumulative  % Kind (class / dict of class)
     0  32208  24  4770253  27   4770253  27 str
     1  31365  24  2394384  14   7164637  41 tuple
     2   7742   6  1858080  11   9022717  52 dict of evaluateFuncs.Cell
     3  15649  12  1203729   7  10226446  58 bytes
     4   7785   6  1125160   6  11351606  65 types.CodeType
     5   7307   6   993752   6  12345358  70 function
     6   1018   1   883480   5  13228838  76 type
     7    325   0   582184   3  13811022  79 dict of module
     8   1361   1   555016   3  14366038  82 dict (no owner)
     9   1018   1   547080   3  14913118  85 dict of type
<287 more rows. Type e.g. '_.more' to view.>Partition of a set of 139334 objects. Total size = 18743954 bytes.
 Index  Count   %     Size   % Cumulative  % Kind (class / dict of class)
     0  32208  23  4770253  25   4770253  25 str
     1  11613   8  2787120  15   7557373  40 dict of evaluateFuncs.Cell
     2  31368  23  2394568  13   9951941  53 tuple
     3  15649  11  1203729   6  11155670  60 bytes
     4   7785   6  1125160   6  12280830  66 types.CodeType
     5   7307   5   993752   5  13274582  71 function
     6   1018   1   883480   5  14158062  76 type
     7  11613   8   650328   3  14808390  79 evaluateFuncs.Cell
     8    325   0   582184   3  15390574  82 dict of module
     9   1361   1   555016   3  15945590  85 dict (no owner)
<287 more rows. Type e.g. '_.more' to view.>Partition of a set of 139335 objects. Total size = 18743514 bytes.
 Index  Count   %     Size   % Cumulative  % Kind (class / dict of class)
     0  32208  23  4770253  25   4770253  25 str
     1  11613   8  2787120  15   7557373  40 dict of evaluateFuncs.Cell
     2  31368  23  2394568  13   9951941  53 tuple
     3  15649  11  1203729   6  11155670  60 bytes
     4   7785   6  1125160   6  12280830  66 types.CodeType
     5   7307   5   993752   5  13274582  71 function
     6   1018   1   883480   5  14158062  76 type
     7  11613   8   650328   3  14808390  79 evaluateFuncs.Cell
     8    325   0   582184   3  15390574  82 dict of module
     9   1361   1   554480   3  15945054  85 dict (no owner)
<287 more rows. Type e.g. '_.more' to view.>Partition of a set of 139333 objects. Total size = 18743322 bytes.
 Index  Count   %     Size   % Cumulative  % Kind (class / dict of class)
     0  32208  23  4770253  25   4770253  25 str
     1  11613   8  2787120  15   7557373  40 dict of evaluateFuncs.Cell
     2  31368  23  2394568  13   9951941  53 tuple
     3  15649  11  1203729   6  11155670  60 bytes
     4   7785   6  1125160   6  12280830  66 types.CodeType
     5   7307   5   993752   5  13274582  71 function
     6   1018   1   883480   5  14158062  76 type
     7  11613   8   650328   3  14808390  79 evaluateFuncs.Cell
     8    325   0   582184   3  15390574  82 dict of module
     9   1361   1   554480   3  15945054  85 dict (no owner)
<287 more rows. Type e.g. '_.more' to view.>Partition of a set of 139335 objects. Total size = 18743546 bytes.
 Index  Count   %     Size   % Cumulative  % Kind (class / dict of class)
     0  32208  23  4770253  25   4770253  25 str
     1  11613   8  2787120  15   7557373  40 dict of evaluateFuncs.Cell
     2  31368  23  2394568  13   9951941  53 tuple
     3  15649  11  1203729   6  11155670  60 bytes
     4   7785   6  1125160   6  12280830  66 types.CodeType
     5   7307   5   993752   5  13274582  71 function
     6   1018   1   883480   5  14158062  76 type
     7  11613   8   650328   3  14808390  79 evaluateFuncs.Cell
     8    325   0   582184   3  15390574  82 dict of module
     9   1361   1   554480   3  15945054  85 dict (no owner)
<287 more rows. Type e.g. '_.more' to view.>Partition of a set of 139336 objects. Total size = 18743642 bytes.
 Index  Count   %     Size   % Cumulative  % Kind (class / dict of class)
     0  32208  23  4770253  25   4770253  25 str
     1  11613   8  2787120  15   7557373  40 dict of evaluateFuncs.Cell
     2  31368  23  2394568  13   9951941  53 tuple
     3  15649  11  1203729   6  11155670  60 bytes
     4   7785   6  1125160   6  12280830  66 types.CodeType
     5   7307   5   993752   5  13274582  71 function
     6   1018   1   883480   5  14158062  76 type
     7  11613   8   650328   3  14808390  79 evaluateFuncs.Cell
     8    325   0   582184   3  15390574  82 dict of module
     9   1361   1   554480   3  15945054  85 dict (no owner)
<287 more rows. Type e.g. '_.more' to view.>Partition of a set of 139335 objects. Total size = 18743234 bytes.
 Index  Count   %     Size   % Cumulative  % Kind (class / dict of class)
     0  32208  23  4770253  25   4770253  25 str
     1  11613   8  2787120  15   7557373  40 dict of evaluateFuncs.Cell
     2  31368  23  2394568  13   9951941  53 tuple
     3  15649  11  1203729   6  11155670  60 bytes
     4   7785   6  1125160   6  12280830  66 types.CodeType
     5   7307   5   993752   5  13274582  71 function
     6   1018   1   883480   5  14158062  76 type
     7  11613   8   650328   3  14808390  79 evaluateFuncs.Cell
     8    325   0   582184   3  15390574  82 dict of module
     9   1361   1   554200   3  15944774  85 dict (no owner)
<287 more rows. Type e.g. '_.more' to view.>Partition of a set of 139334 objects. Total size = 18743010 bytes.
 Index  Count   %     Size   % Cumulative  % Kind (class / dict of class)
     0  32208  23  4770253  25   4770253  25 str
     1  11613   8  2787120  15   7557373  40 dict of evaluateFuncs.Cell
     2  31368  23  2394568  13   9951941  53 tuple
     3  15649  11  1203729   6  11155670  60 bytes
     4   7785   6  1125160   6  12280830  66 types.CodeType
     5   7307   5   993752   5  13274582  71 function
     6   1018   1   883480   5  14158062  76 type
     7  11613   8   650328   3  14808390  79 evaluateFuncs.Cell
     8    325   0   582184   3  15390574  82 dict of module
     9   1361   1   554072   3  15944646  85 dict (no owner)
<287 more rows. Type e.g. '_.more' to view.>Partition of a set of 139334 objects. Total size = 18743010 bytes.
 Index  Count   %     Size   % Cumulative  % Kind (class / dict of class)
     0  32208  23  4770253  25   4770253  25 str
     1  11613   8  2787120  15   7557373  40 dict of evaluateFuncs.Cell
     2  31368  23  2394568  13   9951941  53 tuple
     3  15649  11  1203729   6  11155670  60 bytes
     4   7785   6  1125160   6  12280830  66 types.CodeType
     5   7307   5   993752   5  13274582  71 function
     6   1018   1   883480   5  14158062  76 type
     7  11613   8   650328   3  14808390  79 evaluateFuncs.Cell
     8    325   0   582184   3  15390574  82 dict of module
     9   1361   1   554072   3  15944646  85 dict (no owner)
<287 more rows. Type e.g. '_.more' to view.>Partition of a set of 139336 objects. Total size = 18743202 bytes.
 Index  Count   %     Size   % Cumulative  % Kind (class / dict of class)
     0  32208  23  4770253  25   4770253  25 str
     1  11613   8  2787120  15   7557373  40 dict of evaluateFuncs.Cell
     2  31368  23  2394568  13   9951941  53 tuple
     3  15649  11  1203729   6  11155670  60 bytes
     4   7785   6  1125160   6  12280830  66 types.CodeType
     5   7307   5   993752   5  13274582  71 function
     6   1018   1   883480   5  14158062  76 type
     7  11613   8   650328   3  14808390  79 evaluateFuncs.Cell
     8    325   0   582184   3  15390574  82 dict of module
     9   1361   1   554072   3  15944646  85 dict (no owner)
<287 more rows. Type e.g. '_.more' to view.>Partition of a set of 131421 objects. Total size = 17511438 bytes.
 Index  Count   %     Size   % Cumulative  % Kind (class / dict of class)
     0  32208  25  4770253  27   4770253  27 str
     1  31365  24  2394384  14   7164637  41 tuple
     2   7742   6  1858080  11   9022717  52 dict of evaluateFuncs.Cell
     3  15649  12  1203729   7  10226446  58 bytes
     4   7785   6  1125160   6  11351606  65 types.CodeType
     5   7307   6   993752   6  12345358  70 function
     6   1018   1   883480   5  13228838  76 type
     7    325   0   582184   3  13811022  79 dict of module
     8   1361   1   554072   3  14365094  82 dict (no owner)
     9   1018   1   547080   3  14912174  85 dict of type
<287 more rows. Type e.g. '_.more' to view.>Partition of a set of 139338 objects. Total size = 18743426 bytes.
 Index  Count   %     Size   % Cumulative  % Kind (class / dict of class)
     0  32208  23  4770253  25   4770253  25 str
     1  11613   8  2787120  15   7557373  40 dict of evaluateFuncs.Cell
     2  31368  23  2394568  13   9951941  53 tuple
     3  15649  11  1203729   6  11155670  60 bytes
     4   7785   6  1125160   6  12280830  66 types.CodeType
     5   7307   5   993752   5  13274582  71 function
     6   1018   1   883480   5  14158062  76 type
     7  11613   8   650328   3  14808390  79 evaluateFuncs.Cell
     8    325   0   582184   3  15390574  82 dict of module
     9   1361   1   554072   3  15944646  85 dict (no owner)
<287 more rows. Type e.g. '_.more' to view.>Partition of a set of 139340 objects. Total size = 18743650 bytes.
 Index  Count   %     Size   % Cumulative  % Kind (class / dict of class)
     0  32208  23  4770253  25   4770253  25 str
     1  11613   8  2787120  15   7557373  40 dict of evaluateFuncs.Cell
     2  31368  23  2394568  13   9951941  53 tuple
     3  15649  11  1203729   6  11155670  60 bytes
     4   7785   6  1125160   6  12280830  66 types.CodeType
     5   7307   5   993752   5  13274582  71 function
     6   1018   1   883480   5  14158062  76 type
     7  11613   8   650328   3  14808390  79 evaluateFuncs.Cell
     8    325   0   582184   3  15390574  82 dict of module
     9   1361   1   554072   3  15944646  85 dict (no owner)
<287 more rows. Type e.g. '_.more' to view.>Partition of a set of 131421 objects. Total size = 17510982 bytes.
 Index  Count   %     Size   % Cumulative  % Kind (class / dict of class)
     0  32208  25  4770253  27   4770253  27 str
     1  31365  24  2394384  14   7164637  41 tuple
     2   7742   6  1858080  11   9022717  52 dict of evaluateFuncs.Cell
     3  15649  12  1203729   7  10226446  58 bytes
     4   7785   6  1125160   6  11351606  65 types.CodeType
     5   7307   6   993752   6  12345358  71 function
     6   1018   1   883480   5  13228838  76 type
     7    325   0   582184   3  13811022  79 dict of module
     8   1361   1   554072   3  14365094  82 dict (no owner)
     9   1018   1   547080   3  14912174  85 dict of type
<287 more rows. Type e.g. '_.more' to view.>Partition of a set of 131442 objects. Total size = 17510680 bytes.
 Index  Count   %     Size   % Cumulative  % Kind (class / dict of class)
     0  32208  25  4770255  27   4770255  27 str
     1  31360  24  2394112  14   7164367  41 tuple
     2   7742   6  1858080  11   9022447  52 dict of evaluateFuncs.Cell
     3  15649  12  1203745   7  10226192  58 bytes
     4   7785   6  1125160   6  11351352  65 types.CodeType
     5   7307   6   993752   6  12345104  71 function
     6   1018   1   883480   5  13228584  76 type
     7    325   0   582184   3  13810768  79 dict of module
     8   1361   1   555016   3  14365784  82 dict (no owner)
     9   1018   1   547080   3  14912864  85 dict of type
<287 more rows. Type e.g. '_.more' to view.>Partition of a set of 139305 objects. Total size = 18739964 bytes.
 Index  Count   %     Size   % Cumulative  % Kind (class / dict of class)
     0  32208  23  4770255  25   4770255  25 str
     1  11613   8  2787120  15   7557375  40 dict of evaluateFuncs.Cell
     2  31363  23  2394296  13   9951671  53 tuple
     3  15649  11  1203745   6  11155416  60 bytes
     4   7785   6  1125160   6  12280576  66 types.CodeType
     5   7307   5   993752   5  13274328  71 function
     6   1018   1   883480   5  14157808  76 type
     7  11613   8   650328   3  14808136  79 evaluateFuncs.Cell
     8    325   0   582184   3  15390320  82 dict of module
     9   1361   1   555016   3  15945336  85 dict (no owner)
<287 more rows. Type e.g. '_.more' to view.>Partition of a set of 139306 objects. Total size = 18739524 bytes.
 Index  Count   %     Size   % Cumulative  % Kind (class / dict of class)
     0  32208  23  4770255  25   4770255  25 str
     1  11613   8  2787120  15   7557375  40 dict of evaluateFuncs.Cell
     2  31363  23  2394296  13   9951671  53 tuple
     3  15649  11  1203745   6  11155416  60 bytes
     4   7785   6  1125160   6  12280576  66 types.CodeType
     5   7307   5   993752   5  13274328  71 function
     6   1018   1   883480   5  14157808  76 type
     7  11613   8   650328   3  14808136  79 evaluateFuncs.Cell
     8    325   0   582184   3  15390320  82 dict of module
     9   1361   1   554480   3  15944800  85 dict (no owner)
<287 more rows. Type e.g. '_.more' to view.>Partition of a set of 139305 objects. Total size = 18739428 bytes.
 Index  Count   %     Size   % Cumulative  % Kind (class / dict of class)
     0  32208  23  4770255  25   4770255  25 str
     1  11613   8  2787120  15   7557375  40 dict of evaluateFuncs.Cell
     2  31363  23  2394296  13   9951671  53 tuple
     3  15649  11  1203745   6  11155416  60 bytes
     4   7785   6  1125160   6  12280576  66 types.CodeType
     5   7307   5   993752   5  13274328  71 function
     6   1018   1   883480   5  14157808  76 type
     7  11613   8   650328   3  14808136  79 evaluateFuncs.Cell
     8    325   0   582184   3  15390320  82 dict of module
     9   1361   1   554480   3  15944800  85 dict (no owner)
<287 more rows. Type e.g. '_.more' to view.>Partition of a set of 139308 objects. Total size = 18739748 bytes.
 Index  Count   %     Size   % Cumulative  % Kind (class / dict of class)
     0  32208  23  4770255  25   4770255  25 str
     1  11613   8  2787120  15   7557375  40 dict of evaluateFuncs.Cell
     2  31363  23  2394296  13   9951671  53 tuple
     3  15649  11  1203745   6  11155416  60 bytes
     4   7785   6  1125160   6  12280576  66 types.CodeType
     5   7307   5   993752   5  13274328  71 function
     6   1018   1   883480   5  14157808  76 type
     7  11613   8   650328   3  14808136  79 evaluateFuncs.Cell
     8    325   0   582184   3  15390320  82 dict of module
     9   1361   1   554480   3  15944800  85 dict (no owner)
<287 more rows. Type e.g. '_.more' to view.>Partition of a set of 131390 objects. Total size = 17507664 bytes.
 Index  Count   %     Size   % Cumulative  % Kind (class / dict of class)
     0  32208  25  4770255  27   4770255  27 str
     1  31360  24  2394112  14   7164367  41 tuple
     2   7742   6  1858080  11   9022447  52 dict of evaluateFuncs.Cell
     3  15649  12  1203745   7  10226192  58 bytes
     4   7785   6  1125160   6  11351352  65 types.CodeType
     5   7307   6   993752   6  12345104  71 function
     6   1018   1   883480   5  13228584  76 type
     7    325   0   582184   3  13810768  79 dict of module
     8   1361   1   554480   3  14365248  82 dict (no owner)
     9   1018   1   547080   3  14912328  85 dict of type
<287 more rows. Type e.g. '_.more' to view.>Partition of a set of 139304 objects. Total size = 18739052 bytes.
 Index  Count   %     Size   % Cumulative  % Kind (class / dict of class)
     0  32208  23  4770255  25   4770255  25 str
     1  11613   8  2787120  15   7557375  40 dict of evaluateFuncs.Cell
     2  31363  23  2394296  13   9951671  53 tuple
     3  15649  11  1203745   6  11155416  60 bytes
     4   7785   6  1125160   6  12280576  66 types.CodeType
     5   7307   5   993752   5  13274328  71 function
     6   1018   1   883480   5  14157808  76 type
     7  11613   8   650328   3  14808136  79 evaluateFuncs.Cell
     8    325   0   582184   3  15390320  82 dict of module
     9   1361   1   554200   3  15944520  85 dict (no owner)
<287 more rows. Type e.g. '_.more' to view.>Partition of a set of 139306 objects. Total size = 18739148 bytes.
 Index  Count   %     Size   % Cumulative  % Kind (class / dict of class)
     0  32208  23  4770255  25   4770255  25 str
     1  11613   8  2787120  15   7557375  40 dict of evaluateFuncs.Cell
     2  31363  23  2394296  13   9951671  53 tuple
     3  15649  11  1203745   6  11155416  60 bytes
     4   7785   6  1125160   6  12280576  66 types.CodeType
     5   7307   5   993752   5  13274328  71 function
     6   1018   1   883480   5  14157808  76 type
     7  11613   8   650328   3  14808136  79 evaluateFuncs.Cell
     8    325   0   582184   3  15390320  82 dict of module
     9   1361   1   554072   3  15944392  85 dict (no owner)
<287 more rows. Type e.g. '_.more' to view.>Partition of a set of 131390 objects. Total size = 17506800 bytes.
 Index  Count   %     Size   % Cumulative  % Kind (class / dict of class)
     0  32208  25  4770255  27   4770255  27 str
     1  31360  24  2394112  14   7164367  41 tuple
     2   7742   6  1858080  11   9022447  52 dict of evaluateFuncs.Cell
     3  15649  12  1203745   7  10226192  58 bytes
     4   7785   6  1125160   6  11351352  65 types.CodeType
     5   7307   6   993752   6  12345104  71 function
     6   1018   1   883480   5  13228584  76 type
     7    325   0   582184   3  13810768  79 dict of module
     8   1361   1   554072   3  14364840  82 dict (no owner)
     9   1018   1   547080   3  14911920  85 dict of type
<287 more rows. Type e.g. '_.more' to view.>Partition of a set of 131436 objects. Total size = 17509944 bytes.
 Index  Count   %     Size   % Cumulative  % Kind (class / dict of class)
     0  32208  25  4770255  27   4770255  27 str
     1  31359  24  2394064  14   7164319  41 tuple
     2   7742   6  1858080  11   9022399  52 dict of evaluateFuncs.Cell
     3  15649  12  1203753   7  10226152  58 bytes
     4   7785   6  1125160   6  11351312  65 types.CodeType
     5   7307   6   993752   6  12345064  71 function
     6   1018   1   883480   5  13228544  76 type
     7    325   0   582184   3  13810728  79 dict of module
     8   1361   1   555016   3  14365744  82 dict (no owner)
     9   1018   1   547080   3  14912824  85 dict of type
<287 more rows. Type e.g. '_.more' to view.>Partition of a set of 139298 objects. Total size = 18739132 bytes.
 Index  Count   %     Size   % Cumulative  % Kind (class / dict of class)
     0  32208  23  4770255  25   4770255  25 str
     1  11613   8  2787120  15   7557375  40 dict of evaluateFuncs.Cell
     2  31362  23  2394248  13   9951623  53 tuple
     3  15649  11  1203753   6  11155376  60 bytes
     4   7785   6  1125160   6  12280536  66 types.CodeType
     5   7307   5   993752   5  13274288  71 function
     6   1018   1   883480   5  14157768  76 type
     7  11613   8   650328   3  14808096  79 evaluateFuncs.Cell
     8    325   0   582184   3  15390280  82 dict of module
     9   1361   1   555016   3  15945296  85 dict (no owner)
<287 more rows. Type e.g. '_.more' to view.>Partition of a set of 139297 objects. Total size = 18738500 bytes.
 Index  Count   %     Size   % Cumulative  % Kind (class / dict of class)
     0  32208  23  4770255  25   4770255  25 str
     1  11613   8  2787120  15   7557375  40 dict of evaluateFuncs.Cell
     2  31362  23  2394248  13   9951623  53 tuple
     3  15649  11  1203753   6  11155376  60 bytes
     4   7785   6  1125160   6  12280536  66 types.CodeType
     5   7307   5   993752   5  13274288  71 function
     6   1018   1   883480   5  14157768  76 type
     7  11613   8   650328   3  14808096  79 evaluateFuncs.Cell
     8    325   0   582184   3  15390280  82 dict of module
     9   1361   1   554480   3  15944760  85 dict (no owner)
<287 more rows. Type e.g. '_.more' to view.>Partition of a set of 139298 objects. Total size = 18738596 bytes.
 Index  Count   %     Size   % Cumulative  % Kind (class / dict of class)
     0  32208  23  4770255  25   4770255  25 str
     1  11613   8  2787120  15   7557375  40 dict of evaluateFuncs.Cell
     2  31362  23  2394248  13   9951623  53 tuple
     3  15649  11  1203753   6  11155376  60 bytes
     4   7785   6  1125160   6  12280536  66 types.CodeType
     5   7307   5   993752   5  13274288  71 function
     6   1018   1   883480   5  14157768  76 type
     7  11613   8   650328   3  14808096  79 evaluateFuncs.Cell
     8    325   0   582184   3  15390280  82 dict of module
     9   1361   1   554480   3  15944760  85 dict (no owner)
<287 more rows. Type e.g. '_.more' to view.>Partition of a set of 139301 objects. Total size = 18738916 bytes.
 Index  Count   %     Size   % Cumulative  % Kind (class / dict of class)
     0  32208  23  4770255  25   4770255  25 str
     1  11613   8  2787120  15   7557375  40 dict of evaluateFuncs.Cell
     2  31362  23  2394248  13   9951623  53 tuple
     3  15649  11  1203753   6  11155376  60 bytes
     4   7785   6  1125160   6  12280536  66 types.CodeType
     5   7307   5   993752   5  13274288  71 function
     6   1018   1   883480   5  14157768  76 type
     7  11613   8   650328   3  14808096  79 evaluateFuncs.Cell
     8    325   0   582184   3  15390280  82 dict of module
     9   1361   1   554480   3  15944760  85 dict (no owner)
<287 more rows. Type e.g. '_.more' to view.>Partition of a set of 131384 objects. Total size = 17506928 bytes.
 Index  Count   %     Size   % Cumulative  % Kind (class / dict of class)
     0  32208  25  4770255  27   4770255  27 str
     1  31359  24  2394064  14   7164319  41 tuple
     2   7742   6  1858080  11   9022399  52 dict of evaluateFuncs.Cell
     3  15649  12  1203753   7  10226152  58 bytes
     4   7785   6  1125160   6  11351312  65 types.CodeType
     5   7307   6   993752   6  12345064  71 function
     6   1018   1   883480   5  13228544  76 type
     7    325   0   582184   3  13810728  79 dict of module
     8   1361   1   554480   3  14365208  82 dict (no owner)
     9   1018   1   547080   3  14912288  85 dict of type
<287 more rows. Type e.g. '_.more' to view.>Partition of a set of 139297 objects. Total size = 18738220 bytes.
 Index  Count   %     Size   % Cumulative  % Kind (class / dict of class)
     0  32208  23  4770255  25   4770255  25 str
     1  11613   8  2787120  15   7557375  40 dict of evaluateFuncs.Cell
     2  31362  23  2394248  13   9951623  53 tuple
     3  15649  11  1203753   6  11155376  60 bytes
     4   7785   6  1125160   6  12280536  66 types.CodeType
     5   7307   5   993752   5  13274288  71 function
     6   1018   1   883480   5  14157768  76 type
     7  11613   8   650328   3  14808096  79 evaluateFuncs.Cell
     8    325   0   582184   3  15390280  82 dict of module
     9   1361   1   554200   3  15944480  85 dict (no owner)
<287 more rows. Type e.g. '_.more' to view.>Partition of a set of 131384 objects. Total size = 17506064 bytes.
 Index  Count   %     Size   % Cumulative  % Kind (class / dict of class)
     0  32208  25  4770255  27   4770255  27 str
     1  31359  24  2394064  14   7164319  41 tuple
     2   7742   6  1858080  11   9022399  52 dict of evaluateFuncs.Cell
     3  15649  12  1203753   7  10226152  58 bytes
     4   7785   6  1125160   6  11351312  65 types.CodeType
     5   7307   6   993752   6  12345064  71 function
     6   1018   1   883480   5  13228544  76 type
     7    325   0   582184   3  13810728  79 dict of module
     8   1361   1   554072   3  14364800  82 dict (no owner)
     9   1018   1   547080   3  14911880  85 dict of type
<287 more rows. Type e.g. '_.more' to view.>Partition of a set of 131444 objects. Total size = 17510986 bytes.
 Index  Count   %     Size   % Cumulative  % Kind (class / dict of class)
     0  32208  25  4770255  27   4770255  27 str
     1  31360  24  2394144  14   7164399  41 tuple
     2   7742   6  1858080  11   9022479  52 dict of evaluateFuncs.Cell
     3  15649  12  1203963   7  10226442  58 bytes
     4   7785   6  1125160   6  11351602  65 types.CodeType
     5   7307   6   993752   6  12345354  71 function
     6   1018   1   883480   5  13228834  76 type
     7    325   0   582184   3  13811018  79 dict of module
     8   1361   1   555016   3  14366034  82 dict (no owner)
     9   1018   1   547080   3  14913114  85 dict of type
<287 more rows. Type e.g. '_.more' to view.>Partition of a set of 139307 objects. Total size = 18740270 bytes.
 Index  Count   %     Size   % Cumulative  % Kind (class / dict of class)
     0  32208  23  4770255  25   4770255  25 str
     1  11613   8  2787120  15   7557375  40 dict of evaluateFuncs.Cell
     2  31363  23  2394328  13   9951703  53 tuple
     3  15649  11  1203963   6  11155666  60 bytes
     4   7785   6  1125160   6  12280826  66 types.CodeType
     5   7307   5   993752   5  13274578  71 function
     6   1018   1   883480   5  14158058  76 type
     7  11613   8   650328   3  14808386  79 evaluateFuncs.Cell
     8    325   0   582184   3  15390570  82 dict of module
     9   1361   1   555016   3  15945586  85 dict (no owner)
<287 more rows. Type e.g. '_.more' to view.>Partition of a set of 139308 objects. Total size = 18739830 bytes.
 Index  Count   %     Size   % Cumulative  % Kind (class / dict of class)
     0  32208  23  4770255  25   4770255  25 str
     1  11613   8  2787120  15   7557375  40 dict of evaluateFuncs.Cell
     2  31363  23  2394328  13   9951703  53 tuple
     3  15649  11  1203963   6  11155666  60 bytes
     4   7785   6  1125160   6  12280826  66 types.CodeType
     5   7307   5   993752   5  13274578  71 function
     6   1018   1   883480   5  14158058  76 type
     7  11613   8   650328   3  14808386  79 evaluateFuncs.Cell
     8    325   0   582184   3  15390570  82 dict of module
     9   1361   1   554480   3  15945050  85 dict (no owner)
<287 more rows. Type e.g. '_.more' to view.>Partition of a set of 139309 objects. Total size = 18739958 bytes.
 Index  Count   %     Size   % Cumulative  % Kind (class / dict of class)
     0  32208  23  4770255  25   4770255  25 str
     1  11613   8  2787120  15   7557375  40 dict of evaluateFuncs.Cell
     2  31363  23  2394328  13   9951703  53 tuple
     3  15649  11  1203963   6  11155666  60 bytes
     4   7785   6  1125160   6  12280826  66 types.CodeType
     5   7307   5   993752   5  13274578  71 function
     6   1018   1   883480   5  14158058  76 type
     7  11613   8   650328   3  14808386  79 evaluateFuncs.Cell
     8    325   0   582184   3  15390570  82 dict of module
     9   1361   1   554480   3  15945050  85 dict (no owner)
<287 more rows. Type e.g. '_.more' to view.>Partition of a set of 139310 objects. Total size = 18740086 bytes.
 Index  Count   %     Size   % Cumulative  % Kind (class / dict of class)
     0  32208  23  4770255  25   4770255  25 str
     1  11613   8  2787120  15   7557375  40 dict of evaluateFuncs.Cell
     2  31363  23  2394328  13   9951703  53 tuple
     3  15649  11  1203963   6  11155666  60 bytes
     4   7785   6  1125160   6  12280826  66 types.CodeType
     5   7307   5   993752   5  13274578  71 function
     6   1018   1   883480   5  14158058  76 type
     7  11613   8   650328   3  14808386  79 evaluateFuncs.Cell
     8    325   0   582184   3  15390570  82 dict of module
     9   1361   1   554480   3  15945050  85 dict (no owner)
<287 more rows. Type e.g. '_.more' to view.>Partition of a set of 131392 objects. Total size = 17507970 bytes.
 Index  Count   %     Size   % Cumulative  % Kind (class / dict of class)
     0  32208  25  4770255  27   4770255  27 str
     1  31360  24  2394144  14   7164399  41 tuple
     2   7742   6  1858080  11   9022479  52 dict of evaluateFuncs.Cell
     3  15649  12  1203963   7  10226442  58 bytes
     4   7785   6  1125160   6  11351602  65 types.CodeType
     5   7307   6   993752   6  12345354  71 function
     6   1018   1   883480   5  13228834  76 type
     7    325   0   582184   3  13811018  79 dict of module
     8   1361   1   554480   3  14365498  82 dict (no owner)
     9   1018   1   547080   3  14912578  85 dict of type
<287 more rows. Type e.g. '_.more' to view.>Partition of a set of 139308 objects. Total size = 18739582 bytes.
 Index  Count   %     Size   % Cumulative  % Kind (class / dict of class)
     0  32208  23  4770255  25   4770255  25 str
     1  11613   8  2787120  15   7557375  40 dict of evaluateFuncs.Cell
     2  31363  23  2394328  13   9951703  53 tuple
     3  15649  11  1203963   6  11155666  60 bytes
     4   7785   6  1125160   6  12280826  66 types.CodeType
     5   7307   5   993752   5  13274578  71 function
     6   1018   1   883480   5  14158058  76 type
     7  11613   8   650328   3  14808386  79 evaluateFuncs.Cell
     8    325   0   582184   3  15390570  82 dict of module
     9   1361   1   554200   3  15944770  85 dict (no owner)
<287 more rows. Type e.g. '_.more' to view.>Partition of a set of 139309 objects. Total size = 18739550 bytes.
 Index  Count   %     Size   % Cumulative  % Kind (class / dict of class)
     0  32208  23  4770255  25   4770255  25 str
     1  11613   8  2787120  15   7557375  40 dict of evaluateFuncs.Cell
     2  31363  23  2394328  13   9951703  53 tuple
     3  15649  11  1203963   6  11155666  60 bytes
     4   7785   6  1125160   6  12280826  66 types.CodeType
     5   7307   5   993752   5  13274578  71 function
     6   1018   1   883480   5  14158058  76 type
     7  11613   8   650328   3  14808386  79 evaluateFuncs.Cell
     8    325   0   582184   3  15390570  82 dict of module
     9   1361   1   554072   3  15944642  85 dict (no owner)
<287 more rows. Type e.g. '_.more' to view.>Partition of a set of 131392 objects. Total size = 17507106 bytes.
 Index  Count   %     Size   % Cumulative  % Kind (class / dict of class)
     0  32208  25  4770255  27   4770255  27 str
     1  31360  24  2394144  14   7164399  41 tuple
     2   7742   6  1858080  11   9022479  52 dict of evaluateFuncs.Cell
     3  15649  12  1203963   7  10226442  58 bytes
     4   7785   6  1125160   6  11351602  65 types.CodeType
     5   7307   6   993752   6  12345354  71 function
     6   1018   1   883480   5  13228834  76 type
     7    325   0   582184   3  13811018  79 dict of module
     8   1361   1   554072   3  14365090  82 dict (no owner)
     9   1018   1   547080   3  14912170  85 dict of type
<287 more rows. Type e.g. '_.more' to view.>Partition of a set of 131437 objects. Total size = 17510227 bytes.
 Index  Count   %     Size   % Cumulative  % Kind (class / dict of class)
     0  32208  25  4770344  27   4770344  27 str
     1  31359  24  2394088  14   7164432  41 tuple
     2   7742   6  1858080  11   9022512  52 dict of evaluateFuncs.Cell
     3  15649  12  1203963   7  10226475  58 bytes
     4   7785   6  1125160   6  11351635  65 types.CodeType
     5   7307   6   993752   6  12345387  71 function
     6   1018   1   883480   5  13228867  76 type
     7    325   0   582184   3  13811051  79 dict of module
     8   1361   1   555016   3  14366067  82 dict (no owner)
     9   1018   1   547080   3  14913147  85 dict of type
<287 more rows. Type e.g. '_.more' to view.>Partition of a set of 139298 objects. Total size = 18739319 bytes.
 Index  Count   %     Size   % Cumulative  % Kind (class / dict of class)
     0  32208  23  4770344  25   4770344  25 str
     1  11613   8  2787120  15   7557464  40 dict of evaluateFuncs.Cell
     2  31362  23  2394272  13   9951736  53 tuple
     3  15649  11  1203963   6  11155699  60 bytes
     4   7785   6  1125160   6  12280859  66 types.CodeType
     5   7307   5   993752   5  13274611  71 function
     6   1018   1   883480   5  14158091  76 type
     7  11613   8   650328   3  14808419  79 evaluateFuncs.Cell
     8    325   0   582184   3  15390603  82 dict of module
     9   1361   1   555016   3  15945619  85 dict (no owner)
<287 more rows. Type e.g. '_.more' to view.>Partition of a set of 139298 objects. Total size = 18738783 bytes.
 Index  Count   %     Size   % Cumulative  % Kind (class / dict of class)
     0  32208  23  4770344  25   4770344  25 str
     1  11613   8  2787120  15   7557464  40 dict of evaluateFuncs.Cell
     2  31362  23  2394272  13   9951736  53 tuple
     3  15649  11  1203963   6  11155699  60 bytes
     4   7785   6  1125160   6  12280859  66 types.CodeType
     5   7307   5   993752   5  13274611  71 function
     6   1018   1   883480   5  14158091  76 type
     7  11613   8   650328   3  14808419  79 evaluateFuncs.Cell
     8    325   0   582184   3  15390603  82 dict of module
     9   1361   1   554480   3  15945083  85 dict (no owner)
<287 more rows. Type e.g. '_.more' to view.>Partition of a set of 139297 objects. Total size = 18738687 bytes.
 Index  Count   %     Size   % Cumulative  % Kind (class / dict of class)
     0  32208  23  4770344  25   4770344  25 str
     1  11613   8  2787120  15   7557464  40 dict of evaluateFuncs.Cell
     2  31362  23  2394272  13   9951736  53 tuple
     3  15649  11  1203963   6  11155699  60 bytes
     4   7785   6  1125160   6  12280859  66 types.CodeType
     5   7307   5   993752   5  13274611  71 function
     6   1018   1   883480   5  14158091  76 type
     7  11613   8   650328   3  14808419  79 evaluateFuncs.Cell
     8    325   0   582184   3  15390603  82 dict of module
     9   1361   1   554480   3  15945083  85 dict (no owner)
<287 more rows. Type e.g. '_.more' to view.>Partition of a set of 139299 objects. Total size = 18738911 bytes.
 Index  Count   %     Size   % Cumulative  % Kind (class / dict of class)
     0  32208  23  4770344  25   4770344  25 str
     1  11613   8  2787120  15   7557464  40 dict of evaluateFuncs.Cell
     2  31362  23  2394272  13   9951736  53 tuple
     3  15649  11  1203963   6  11155699  60 bytes
     4   7785   6  1125160   6  12280859  66 types.CodeType
     5   7307   5   993752   5  13274611  71 function
     6   1018   1   883480   5  14158091  76 type
     7  11613   8   650328   3  14808419  79 evaluateFuncs.Cell
     8    325   0   582184   3  15390603  82 dict of module
     9   1361   1   554480   3  15945083  85 dict (no owner)
<287 more rows. Type e.g. '_.more' to view.>Partition of a set of 131385 objects. Total size = 17507211 bytes.
 Index  Count   %     Size   % Cumulative  % Kind (class / dict of class)
     0  32208  25  4770344  27   4770344  27 str
     1  31359  24  2394088  14   7164432  41 tuple
     2   7742   6  1858080  11   9022512  52 dict of evaluateFuncs.Cell
     3  15649  12  1203963   7  10226475  58 bytes
     4   7785   6  1125160   6  11351635  65 types.CodeType
     5   7307   6   993752   6  12345387  71 function
     6   1018   1   883480   5  13228867  76 type
     7    325   0   582184   3  13811051  79 dict of module
     8   1361   1   554480   3  14365531  82 dict (no owner)
     9   1018   1   547080   3  14912611  85 dict of type
<287 more rows. Type e.g. '_.more' to view.>Partition of a set of 139299 objects. Total size = 18738599 bytes.
 Index  Count   %     Size   % Cumulative  % Kind (class / dict of class)
     0  32208  23  4770344  25   4770344  25 str
     1  11613   8  2787120  15   7557464  40 dict of evaluateFuncs.Cell
     2  31362  23  2394272  13   9951736  53 tuple
     3  15649  11  1203963   6  11155699  60 bytes
     4   7785   6  1125160   6  12280859  66 types.CodeType
     5   7307   5   993752   5  13274611  71 function
     6   1018   1   883480   5  14158091  76 type
     7  11613   8   650328   3  14808419  79 evaluateFuncs.Cell
     8    325   0   582184   3  15390603  82 dict of module
     9   1361   1   554200   3  15944803  85 dict (no owner)
<287 more rows. Type e.g. '_.more' to view.>Partition of a set of 131385 objects. Total size = 17506347 bytes.
 Index  Count   %     Size   % Cumulative  % Kind (class / dict of class)
     0  32208  25  4770344  27   4770344  27 str
     1  31359  24  2394088  14   7164432  41 tuple
     2   7742   6  1858080  11   9022512  52 dict of evaluateFuncs.Cell
     3  15649  12  1203963   7  10226475  58 bytes
     4   7785   6  1125160   6  11351635  65 types.CodeType
     5   7307   6   993752   6  12345387  71 function
     6   1018   1   883480   5  13228867  76 type
     7    325   0   582184   3  13811051  79 dict of module
     8   1361   1   554072   3  14365123  82 dict (no owner)
     9   1018   1   547080   3  14912203  85 dict of type
<287 more rows. Type e.g. '_.more' to view.>Partition of a set of 131436 objects. Total size = 17510088 bytes.
 Index  Count   %     Size   % Cumulative  % Kind (class / dict of class)
     0  32208  25  4770253  27   4770253  27 str
     1  31359  24  2394112  14   7164365  41 tuple
     2   7742   6  1858080  11   9022445  52 dict of evaluateFuncs.Cell
     3  15649  12  1203987   7  10226432  58 bytes
     4   7785   6  1125160   6  11351592  65 types.CodeType
     5   7307   6   993752   6  12345344  71 function
     6   1018   1   883480   5  13228824  76 type
     7    325   0   582184   3  13811008  79 dict of module
     8   1361   1   555016   3  14366024  82 dict (no owner)
     9   1018   1   547080   3  14913104  85 dict of type
<287 more rows. Type e.g. '_.more' to view.>Partition of a set of 139297 objects. Total size = 18739180 bytes.
 Index  Count   %     Size   % Cumulative  % Kind (class / dict of class)
     0  32208  23  4770253  25   4770253  25 str
     1  11613   8  2787120  15   7557373  40 dict of evaluateFuncs.Cell
     2  31362  23  2394296  13   9951669  53 tuple
     3  15649  11  1203987   6  11155656  60 bytes
     4   7785   6  1125160   6  12280816  66 types.CodeType
     5   7307   5   993752   5  13274568  71 function
     6   1018   1   883480   5  14158048  76 type
     7  11613   8   650328   3  14808376  79 evaluateFuncs.Cell
     8    325   0   582184   3  15390560  82 dict of module
     9   1361   1   555016   3  15945576  85 dict (no owner)
<287 more rows. Type e.g. '_.more' to view.>Partition of a set of 139299 objects. Total size = 18738836 bytes.
 Index  Count   %     Size   % Cumulative  % Kind (class / dict of class)
     0  32208  23  4770253  25   4770253  25 str
     1  11613   8  2787120  15   7557373  40 dict of evaluateFuncs.Cell
     2  31362  23  2394296  13   9951669  53 tuple
     3  15649  11  1203987   6  11155656  60 bytes
     4   7785   6  1125160   6  12280816  66 types.CodeType
     5   7307   5   993752   5  13274568  71 function
     6   1018   1   883480   5  14158048  76 type
     7  11613   8   650328   3  14808376  79 evaluateFuncs.Cell
     8    325   0   582184   3  15390560  82 dict of module
     9   1361   1   554480   3  15945040  85 dict (no owner)
<287 more rows. Type e.g. '_.more' to view.>Partition of a set of 139300 objects. Total size = 18738932 bytes.
 Index  Count   %     Size   % Cumulative  % Kind (class / dict of class)
     0  32208  23  4770253  25   4770253  25 str
     1  11613   8  2787120  15   7557373  40 dict of evaluateFuncs.Cell
     2  31362  23  2394296  13   9951669  53 tuple
     3  15649  11  1203987   6  11155656  60 bytes
     4   7785   6  1125160   6  12280816  66 types.CodeType
     5   7307   5   993752   5  13274568  71 function
     6   1018   1   883480   5  14158048  76 type
     7  11613   8   650328   3  14808376  79 evaluateFuncs.Cell
     8    325   0   582184   3  15390560  82 dict of module
     9   1361   1   554480   3  15945040  85 dict (no owner)
<287 more rows. Type e.g. '_.more' to view.>Partition of a set of 139300 objects. Total size = 18738932 bytes.
 Index  Count   %     Size   % Cumulative  % Kind (class / dict of class)
     0  32208  23  4770253  25   4770253  25 str
     1  11613   8  2787120  15   7557373  40 dict of evaluateFuncs.Cell
     2  31362  23  2394296  13   9951669  53 tuple
     3  15649  11  1203987   6  11155656  60 bytes
     4   7785   6  1125160   6  12280816  66 types.CodeType
     5   7307   5   993752   5  13274568  71 function
     6   1018   1   883480   5  14158048  76 type
     7  11613   8   650328   3  14808376  79 evaluateFuncs.Cell
     8    325   0   582184   3  15390560  82 dict of module
     9   1361   1   554480   3  15945040  85 dict (no owner)
<287 more rows. Type e.g. '_.more' to view.>Partition of a set of 131384 objects. Total size = 17507072 bytes.
 Index  Count   %     Size   % Cumulative  % Kind (class / dict of class)
     0  32208  25  4770253  27   4770253  27 str
     1  31359  24  2394112  14   7164365  41 tuple
     2   7742   6  1858080  11   9022445  52 dict of evaluateFuncs.Cell
     3  15649  12  1203987   7  10226432  58 bytes
     4   7785   6  1125160   6  11351592  65 types.CodeType
     5   7307   6   993752   6  12345344  71 function
     6   1018   1   883480   5  13228824  76 type
     7    325   0   582184   3  13811008  79 dict of module
     8   1361   1   554480   3  14365488  82 dict (no owner)
     9   1018   1   547080   3  14912568  85 dict of type
<287 more rows. Type e.g. '_.more' to view.>Partition of a set of 139299 objects. Total size = 18738556 bytes.
 Index  Count   %     Size   % Cumulative  % Kind (class / dict of class)
     0  32208  23  4770253  25   4770253  25 str
     1  11613   8  2787120  15   7557373  40 dict of evaluateFuncs.Cell
     2  31362  23  2394296  13   9951669  53 tuple
     3  15649  11  1203987   6  11155656  60 bytes
     4   7785   6  1125160   6  12280816  66 types.CodeType
     5   7307   5   993752   5  13274568  71 function
     6   1018   1   883480   5  14158048  76 type
     7  11613   8   650328   3  14808376  79 evaluateFuncs.Cell
     8    325   0   582184   3  15390560  82 dict of module
     9   1361   1   554200   3  15944760  85 dict (no owner)
<287 more rows. Type e.g. '_.more' to view.>Partition of a set of 131384 objects. Total size = 17506208 bytes.
 Index  Count   %     Size   % Cumulative  % Kind (class / dict of class)
     0  32208  25  4770253  27   4770253  27 str
     1  31359  24  2394112  14   7164365  41 tuple
     2   7742   6  1858080  11   9022445  52 dict of evaluateFuncs.Cell
     3  15649  12  1203987   7  10226432  58 bytes
     4   7785   6  1125160   6  11351592  65 types.CodeType
     5   7307   6   993752   6  12345344  71 function
     6   1018   1   883480   5  13228824  76 type
     7    325   0   582184   3  13811008  79 dict of module
     8   1361   1   554072   3  14365080  82 dict (no owner)
     9   1018   1   547080   3  14912160  85 dict of type
<287 more rows. Type e.g. '_.more' to view.>Partition of a set of 131428 objects. Total size = 17509418 bytes.
 Index  Count   %     Size   % Cumulative  % Kind (class / dict of class)
     0  32209  25  4770367  27   4770367  27 str
     1  31359  24  2394104  14   7164471  41 tuple
     2   7742   6  1858080  11   9022551  52 dict of evaluateFuncs.Cell
     3  15649  12  1203975   7  10226526  58 bytes
     4   7785   6  1125160   6  11351686  65 types.CodeType
     5   7307   6   993752   6  12345438  71 function
     6   1018   1   883480   5  13228918  76 type
     7    325   0   582184   3  13811102  79 dict of module
     8   1361   1   555016   3  14366118  82 dict (no owner)
     9   1018   1   547080   3  14913198  85 dict of type
<287 more rows. Type e.g. '_.more' to view.>Partition of a set of 139289 objects. Total size = 18738510 bytes.
 Index  Count   %     Size   % Cumulative  % Kind (class / dict of class)
     0  32209  23  4770367  25   4770367  25 str
     1  11613   8  2787120  15   7557487  40 dict of evaluateFuncs.Cell
     2  31362  23  2394288  13   9951775  53 tuple
     3  15649  11  1203975   6  11155750  60 bytes
     4   7785   6  1125160   6  12280910  66 types.CodeType
     5   7307   5   993752   5  13274662  71 function
     6   1018   1   883480   5  14158142  76 type
     7  11613   8   650328   3  14808470  79 evaluateFuncs.Cell
     8    325   0   582184   3  15390654  82 dict of module
     9   1361   1   555016   3  15945670  85 dict (no owner)
<287 more rows. Type e.g. '_.more' to view.>Partition of a set of 139288 objects. Total size = 18737846 bytes.
 Index  Count   %     Size   % Cumulative  % Kind (class / dict of class)
     0  32209  23  4770367  25   4770367  25 str
     1  11613   8  2787120  15   7557487  40 dict of evaluateFuncs.Cell
     2  31362  23  2394288  13   9951775  53 tuple
     3  15649  11  1203975   6  11155750  60 bytes
     4   7785   6  1125160   6  12280910  66 types.CodeType
     5   7307   5   993752   5  13274662  71 function
     6   1018   1   883480   5  14158142  76 type
     7  11613   8   650328   3  14808470  79 evaluateFuncs.Cell
     8    325   0   582184   3  15390654  82 dict of module
     9   1361   1   554480   3  15945134  85 dict (no owner)
<287 more rows. Type e.g. '_.more' to view.>Partition of a set of 139290 objects. Total size = 18738038 bytes.
 Index  Count   %     Size   % Cumulative  % Kind (class / dict of class)
     0  32209  23  4770367  25   4770367  25 str
     1  11613   8  2787120  15   7557487  40 dict of evaluateFuncs.Cell
     2  31362  23  2394288  13   9951775  53 tuple
     3  15649  11  1203975   6  11155750  60 bytes
     4   7785   6  1125160   6  12280910  66 types.CodeType
     5   7307   5   993752   5  13274662  71 function
     6   1018   1   883480   5  14158142  76 type
     7  11613   8   650328   3  14808470  79 evaluateFuncs.Cell
     8    325   0   582184   3  15390654  82 dict of module
     9   1361   1   554480   3  15945134  85 dict (no owner)
<287 more rows. Type e.g. '_.more' to view.>Partition of a set of 139290 objects. Total size = 18738038 bytes.
 Index  Count   %     Size   % Cumulative  % Kind (class / dict of class)
     0  32209  23  4770367  25   4770367  25 str
     1  11613   8  2787120  15   7557487  40 dict of evaluateFuncs.Cell
     2  31362  23  2394288  13   9951775  53 tuple
     3  15649  11  1203975   6  11155750  60 bytes
     4   7785   6  1125160   6  12280910  66 types.CodeType
     5   7307   5   993752   5  13274662  71 function
     6   1018   1   883480   5  14158142  76 type
     7  11613   8   650328   3  14808470  79 evaluateFuncs.Cell
     8    325   0   582184   3  15390654  82 dict of module
     9   1361   1   554480   3  15945134  85 dict (no owner)
<287 more rows. Type e.g. '_.more' to view.>Partition of a set of 131375 objects. Total size = 17506274 bytes.
 Index  Count   %     Size   % Cumulative  % Kind (class / dict of class)
     0  32209  25  4770367  27   4770367  27 str
     1  31359  24  2394104  14   7164471  41 tuple
     2   7742   6  1858080  11   9022551  52 dict of evaluateFuncs.Cell
     3  15649  12  1203975   7  10226526  58 bytes
     4   7785   6  1125160   6  11351686  65 types.CodeType
     5   7307   6   993752   6  12345438  71 function
     6   1018   1   883480   5  13228918  76 type
     7    325   0   582184   3  13811102  79 dict of module
     8   1361   1   554480   3  14365582  82 dict (no owner)
     9   1018   1   547080   3  14912662  85 dict of type
<287 more rows. Type e.g. '_.more' to view.>Partition of a set of 131375 objects. Total size = 17505538 bytes.
 Index  Count   %     Size   % Cumulative  % Kind (class / dict of class)
     0  32209  25  4770367  27   4770367  27 str
     1  31359  24  2394104  14   7164471  41 tuple
     2   7742   6  1858080  11   9022551  52 dict of evaluateFuncs.Cell
     3  15649  12  1203975   7  10226526  58 bytes
     4   7785   6  1125160   6  11351686  65 types.CodeType
     5   7307   6   993752   6  12345438  71 function
     6   1018   1   883480   5  13228918  76 type
     7    325   0   582184   3  13811102  79 dict of module
     8   1361   1   554200   3  14365302  82 dict (no owner)
     9   1018   1   547080   3  14912382  85 dict of type
<287 more rows. Type e.g. '_.more' to view.>Partition of a set of 131420 objects. Total size = 17508989 bytes.
 Index  Count   %     Size   % Cumulative  % Kind (class / dict of class)
     0  32208  25  4770278  27   4770278  27 str
     1  31358  24  2394048  14   7164326  41 tuple
     2   7742   6  1858080  11   9022406  52 dict of evaluateFuncs.Cell
     3  15649  12  1203975   7  10226381  58 bytes
     4   7785   6  1125160   6  11351541  65 types.CodeType
     5   7307   6   993752   6  12345293  71 function
     6   1018   1   883480   5  13228773  76 type
     7    325   0   582184   3  13810957  79 dict of module
     8   1361   1   555016   3  14365973  82 dict (no owner)
     9   1018   1   547080   3  14913053  85 dict of type
<287 more rows. Type e.g. '_.more' to view.>Partition of a set of 139282 objects. Total size = 18738177 bytes.
 Index  Count   %     Size   % Cumulative  % Kind (class / dict of class)
     0  32208  23  4770278  25   4770278  25 str
     1  11613   8  2787120  15   7557398  40 dict of evaluateFuncs.Cell
     2  31361  23  2394232  13   9951630  53 tuple
     3  15649  11  1203975   6  11155605  60 bytes
     4   7785   6  1125160   6  12280765  66 types.CodeType
     5   7307   5   993752   5  13274517  71 function
     6   1018   1   883480   5  14157997  76 type
     7  11613   8   650328   3  14808325  79 evaluateFuncs.Cell
     8    325   0   582184   3  15390509  82 dict of module
     9   1361   1   555016   3  15945525  85 dict (no owner)
<287 more rows. Type e.g. '_.more' to view.>Partition of a set of 139281 objects. Total size = 18737513 bytes.
 Index  Count   %     Size   % Cumulative  % Kind (class / dict of class)
     0  32208  23  4770278  25   4770278  25 str
     1  11613   8  2787120  15   7557398  40 dict of evaluateFuncs.Cell
     2  31361  23  2394232  13   9951630  53 tuple
     3  15649  11  1203975   6  11155605  60 bytes
     4   7785   6  1125160   6  12280765  66 types.CodeType
     5   7307   5   993752   5  13274517  71 function
     6   1018   1   883480   5  14157997  76 type
     7  11613   8   650328   3  14808325  79 evaluateFuncs.Cell
     8    325   0   582184   3  15390509  82 dict of module
     9   1361   1   554480   3  15944989  85 dict (no owner)
<287 more rows. Type e.g. '_.more' to view.>Partition of a set of 139284 objects. Total size = 18737833 bytes.
 Index  Count   %     Size   % Cumulative  % Kind (class / dict of class)
     0  32208  23  4770278  25   4770278  25 str
     1  11613   8  2787120  15   7557398  40 dict of evaluateFuncs.Cell
     2  31361  23  2394232  13   9951630  53 tuple
     3  15649  11  1203975   6  11155605  60 bytes
     4   7785   6  1125160   6  12280765  66 types.CodeType
     5   7307   5   993752   5  13274517  71 function
     6   1018   1   883480   5  14157997  76 type
     7  11613   8   650328   3  14808325  79 evaluateFuncs.Cell
     8    325   0   582184   3  15390509  82 dict of module
     9   1361   1   554480   3  15944989  85 dict (no owner)
<287 more rows. Type e.g. '_.more' to view.>Partition of a set of 139285 objects. Total size = 18737961 bytes.
 Index  Count   %     Size   % Cumulative  % Kind (class / dict of class)
     0  32208  23  4770278  25   4770278  25 str
     1  11613   8  2787120  15   7557398  40 dict of evaluateFuncs.Cell
     2  31361  23  2394232  13   9951630  53 tuple
     3  15649  11  1203975   6  11155605  60 bytes
     4   7785   6  1125160   6  12280765  66 types.CodeType
     5   7307   5   993752   5  13274517  71 function
     6   1018   1   883480   5  14157997  76 type
     7  11613   8   650328   3  14808325  79 evaluateFuncs.Cell
     8    325   0   582184   3  15390509  82 dict of module
     9   1361   1   554480   3  15944989  85 dict (no owner)
<287 more rows. Type e.g. '_.more' to view.>Partition of a set of 131368 objects. Total size = 17505973 bytes.
 Index  Count   %     Size   % Cumulative  % Kind (class / dict of class)
     0  32208  25  4770278  27   4770278  27 str
     1  31358  24  2394048  14   7164326  41 tuple
     2   7742   6  1858080  11   9022406  52 dict of evaluateFuncs.Cell
     3  15649  12  1203975   7  10226381  58 bytes
     4   7785   6  1125160   6  11351541  65 types.CodeType
     5   7307   6   993752   6  12345293  71 function
     6   1018   1   883480   5  13228773  76 type
     7    325   0   582184   3  13810957  79 dict of module
     8   1361   1   554480   3  14365437  82 dict (no owner)
     9   1018   1   547080   3  14912517  85 dict of type
<287 more rows. Type e.g. '_.more' to view.>Partition of a set of 131368 objects. Total size = 17505237 bytes.
 Index  Count   %     Size   % Cumulative  % Kind (class / dict of class)
     0  32208  25  4770278  27   4770278  27 str
     1  31358  24  2394048  14   7164326  41 tuple
     2   7742   6  1858080  11   9022406  52 dict of evaluateFuncs.Cell
     3  15649  12  1203975   7  10226381  58 bytes
     4   7785   6  1125160   6  11351541  65 types.CodeType
     5   7307   6   993752   6  12345293  71 function
     6   1018   1   883480   5  13228773  76 type
     7    325   0   582184   3  13810957  79 dict of module
     8   1361   1   554200   3  14365157  82 dict (no owner)
     9   1018   1   547080   3  14912237  85 dict of type
<287 more rows. Type e.g. '_.more' to view.>Partition of a set of 131439 objects. Total size = 17510906 bytes.
 Index  Count   %     Size   % Cumulative  % Kind (class / dict of class)
     0  32209  25  4770367  27   4770367  27 str
     1  31360  24  2394160  14   7164527  41 tuple
     2   7742   6  1858080  11   9022607  52 dict of evaluateFuncs.Cell
     3  15649  12  1203975   7  10226582  58 bytes
     4   7785   6  1125160   6  11351742  65 types.CodeType
     5   7307   6   993752   6  12345494  71 function
     6   1018   1   883480   5  13228974  76 type
     7    325   0   582184   3  13811158  79 dict of module
     8   1361   1   555016   3  14366174  82 dict (no owner)
     9   1018   1   547080   3  14913254  85 dict of type
<287 more rows. Type e.g. '_.more' to view.>Partition of a set of 139301 objects. Total size = 18740094 bytes.
 Index  Count   %     Size   % Cumulative  % Kind (class / dict of class)
     0  32209  23  4770367  25   4770367  25 str
     1  11613   8  2787120  15   7557487  40 dict of evaluateFuncs.Cell
     2  31363  23  2394344  13   9951831  53 tuple
     3  15649  11  1203975   6  11155806  60 bytes
     4   7785   6  1125160   6  12280966  66 types.CodeType
     5   7307   5   993752   5  13274718  71 function
     6   1018   1   883480   5  14158198  76 type
     7  11613   8   650328   3  14808526  79 evaluateFuncs.Cell
     8    325   0   582184   3  15390710  82 dict of module
     9   1361   1   555016   3  15945726  85 dict (no owner)
<287 more rows. Type e.g. '_.more' to view.>Partition of a set of 139299 objects. Total size = 18739366 bytes.
 Index  Count   %     Size   % Cumulative  % Kind (class / dict of class)
     0  32209  23  4770367  25   4770367  25 str
     1  11613   8  2787120  15   7557487  40 dict of evaluateFuncs.Cell
     2  31363  23  2394344  13   9951831  53 tuple
     3  15649  11  1203975   6  11155806  60 bytes
     4   7785   6  1125160   6  12280966  66 types.CodeType
     5   7307   5   993752   5  13274718  71 function
     6   1018   1   883480   5  14158198  76 type
     7  11613   8   650328   3  14808526  79 evaluateFuncs.Cell
     8    325   0   582184   3  15390710  82 dict of module
     9   1361   1   554480   3  15945190  85 dict (no owner)
<287 more rows. Type e.g. '_.more' to view.>Partition of a set of 139301 objects. Total size = 18739590 bytes.
 Index  Count   %     Size   % Cumulative  % Kind (class / dict of class)
     0  32209  23  4770367  25   4770367  25 str
     1  11613   8  2787120  15   7557487  40 dict of evaluateFuncs.Cell
     2  31363  23  2394344  13   9951831  53 tuple
     3  15649  11  1203975   6  11155806  60 bytes
     4   7785   6  1125160   6  12280966  66 types.CodeType
     5   7307   5   993752   5  13274718  71 function
     6   1018   1   883480   5  14158198  76 type
     7  11613   8   650328   3  14808526  79 evaluateFuncs.Cell
     8    325   0   582184   3  15390710  82 dict of module
     9   1361   1   554480   3  15945190  85 dict (no owner)
<287 more rows. Type e.g. '_.more' to view.>Partition of a set of 139303 objects. Total size = 18739782 bytes.
 Index  Count   %     Size   % Cumulative  % Kind (class / dict of class)
     0  32209  23  4770367  25   4770367  25 str
     1  11613   8  2787120  15   7557487  40 dict of evaluateFuncs.Cell
     2  31363  23  2394344  13   9951831  53 tuple
     3  15649  11  1203975   6  11155806  60 bytes
     4   7785   6  1125160   6  12280966  66 types.CodeType
     5   7307   5   993752   5  13274718  71 function
     6   1018   1   883480   5  14158198  76 type
     7  11613   8   650328   3  14808526  79 evaluateFuncs.Cell
     8    325   0   582184   3  15390710  82 dict of module
     9   1361   1   554480   3  15945190  85 dict (no owner)
<287 more rows. Type e.g. '_.more' to view.>Partition of a set of 131387 objects. Total size = 17507890 bytes.
 Index  Count   %     Size   % Cumulative  % Kind (class / dict of class)
     0  32209  25  4770367  27   4770367  27 str
     1  31360  24  2394160  14   7164527  41 tuple
     2   7742   6  1858080  11   9022607  52 dict of evaluateFuncs.Cell
     3  15649  12  1203975   7  10226582  58 bytes
     4   7785   6  1125160   6  11351742  65 types.CodeType
     5   7307   6   993752   6  12345494  71 function
     6   1018   1   883480   5  13228974  76 type
     7    325   0   582184   3  13811158  79 dict of module
     8   1361   1   554480   3  14365638  82 dict (no owner)
     9   1018   1   547080   3  14912718  85 dict of type
<287 more rows. Type e.g. '_.more' to view.>Partition of a set of 139302 objects. Total size = 18739374 bytes.
 Index  Count   %     Size   % Cumulative  % Kind (class / dict of class)
     0  32209  23  4770367  25   4770367  25 str
     1  11613   8  2787120  15   7557487  40 dict of evaluateFuncs.Cell
     2  31363  23  2394344  13   9951831  53 tuple
     3  15649  11  1203975   6  11155806  60 bytes
     4   7785   6  1125160   6  12280966  66 types.CodeType
     5   7307   5   993752   5  13274718  71 function
     6   1018   1   883480   5  14158198  76 type
     7  11613   8   650328   3  14808526  79 evaluateFuncs.Cell
     8    325   0   582184   3  15390710  82 dict of module
     9   1361   1   554200   3  15944910  85 dict (no owner)
<287 more rows. Type e.g. '_.more' to view.>Partition of a set of 139301 objects. Total size = 18739150 bytes.
 Index  Count   %     Size   % Cumulative  % Kind (class / dict of class)
     0  32209  23  4770367  25   4770367  25 str
     1  11613   8  2787120  15   7557487  40 dict of evaluateFuncs.Cell
     2  31363  23  2394344  13   9951831  53 tuple
     3  15649  11  1203975   6  11155806  60 bytes
     4   7785   6  1125160   6  12280966  66 types.CodeType
     5   7307   5   993752   5  13274718  71 function
     6   1018   1   883480   5  14158198  76 type
     7  11613   8   650328   3  14808526  79 evaluateFuncs.Cell
     8    325   0   582184   3  15390710  82 dict of module
     9   1361   1   554072   3  15944782  85 dict (no owner)
<287 more rows. Type e.g. '_.more' to view.>Partition of a set of 131387 objects. Total size = 17507026 bytes.
 Index  Count   %     Size   % Cumulative  % Kind (class / dict of class)
     0  32209  25  4770367  27   4770367  27 str
     1  31360  24  2394160  14   7164527  41 tuple
     2   7742   6  1858080  11   9022607  52 dict of evaluateFuncs.Cell
     3  15649  12  1203975   7  10226582  58 bytes
     4   7785   6  1125160   6  11351742  65 types.CodeType
     5   7307   6   993752   6  12345494  71 function
     6   1018   1   883480   5  13228974  76 type
     7    325   0   582184   3  13811158  79 dict of module
     8   1361   1   554072   3  14365230  82 dict (no owner)
     9   1018   1   547080   3  14912310  85 dict of type
<287 more rows. Type e.g. '_.more' to view.>Partition of a set of 131431 objects. Total size = 17509413 bytes.
 Index  Count   %     Size   % Cumulative  % Kind (class / dict of class)
     0  32210  25  4770446  27   4770446  27 str
     1  31358  24  2394048  14   7164494  41 tuple
     2   7742   6  1858080  11   9022574  52 dict of evaluateFuncs.Cell
     3  15649  12  1203975   7  10226549  58 bytes
     4   7785   6  1125160   6  11351709  65 types.CodeType
     5   7307   6   993752   6  12345461  71 function
     6   1018   1   883480   5  13228941  76 type
     7    325   0   582184   3  13811125  79 dict of module
     8   1361   1   555016   3  14366141  82 dict (no owner)
     9   1018   1   547080   3  14913221  85 dict of type
<287 more rows. Type e.g. '_.more' to view.>Partition of a set of 139292 objects. Total size = 18738505 bytes.
 Index  Count   %     Size   % Cumulative  % Kind (class / dict of class)
     0  32210  23  4770446  25   4770446  25 str
     1  11613   8  2787120  15   7557566  40 dict of evaluateFuncs.Cell
     2  31361  23  2394232  13   9951798  53 tuple
     3  15649  11  1203975   6  11155773  60 bytes
     4   7785   6  1125160   6  12280933  66 types.CodeType
     5   7307   5   993752   5  13274685  71 function
     6   1018   1   883480   5  14158165  76 type
     7  11613   8   650328   3  14808493  79 evaluateFuncs.Cell
     8    325   0   582184   3  15390677  82 dict of module
     9   1361   1   555016   3  15945693  85 dict (no owner)
<287 more rows. Type e.g. '_.more' to view.>Partition of a set of 139292 objects. Total size = 18737969 bytes.
 Index  Count   %     Size   % Cumulative  % Kind (class / dict of class)
     0  32210  23  4770446  25   4770446  25 str
     1  11613   8  2787120  15   7557566  40 dict of evaluateFuncs.Cell
     2  31361  23  2394232  13   9951798  53 tuple
     3  15649  11  1203975   6  11155773  60 bytes
     4   7785   6  1125160   6  12280933  66 types.CodeType
     5   7307   5   993752   5  13274685  71 function
     6   1018   1   883480   5  14158165  76 type
     7  11613   8   650328   3  14808493  79 evaluateFuncs.Cell
     8    325   0   582184   3  15390677  82 dict of module
     9   1361   1   554480   3  15945157  85 dict (no owner)
<287 more rows. Type e.g. '_.more' to view.>Partition of a set of 139293 objects. Total size = 18738065 bytes.
 Index  Count   %     Size   % Cumulative  % Kind (class / dict of class)
     0  32210  23  4770446  25   4770446  25 str
     1  11613   8  2787120  15   7557566  40 dict of evaluateFuncs.Cell
     2  31361  23  2394232  13   9951798  53 tuple
     3  15649  11  1203975   6  11155773  60 bytes
     4   7785   6  1125160   6  12280933  66 types.CodeType
     5   7307   5   993752   5  13274685  71 function
     6   1018   1   883480   5  14158165  76 type
     7  11613   8   650328   3  14808493  79 evaluateFuncs.Cell
     8    325   0   582184   3  15390677  82 dict of module
     9   1361   1   554480   3  15945157  85 dict (no owner)
<287 more rows. Type e.g. '_.more' to view.>Partition of a set of 139294 objects. Total size = 18738161 bytes.
 Index  Count   %     Size   % Cumulative  % Kind (class / dict of class)
     0  32210  23  4770446  25   4770446  25 str
     1  11613   8  2787120  15   7557566  40 dict of evaluateFuncs.Cell
     2  31361  23  2394232  13   9951798  53 tuple
     3  15649  11  1203975   6  11155773  60 bytes
     4   7785   6  1125160   6  12280933  66 types.CodeType
     5   7307   5   993752   5  13274685  71 function
     6   1018   1   883480   5  14158165  76 type
     7  11613   8   650328   3  14808493  79 evaluateFuncs.Cell
     8    325   0   582184   3  15390677  82 dict of module
     9   1361   1   554480   3  15945157  85 dict (no owner)
<287 more rows. Type e.g. '_.more' to view.>Partition of a set of 131379 objects. Total size = 17506397 bytes.
 Index  Count   %     Size   % Cumulative  % Kind (class / dict of class)
     0  32210  25  4770446  27   4770446  27 str
     1  31358  24  2394048  14   7164494  41 tuple
     2   7742   6  1858080  11   9022574  52 dict of evaluateFuncs.Cell
     3  15649  12  1203975   7  10226549  58 bytes
     4   7785   6  1125160   6  11351709  65 types.CodeType
     5   7307   6   993752   6  12345461  71 function
     6   1018   1   883480   5  13228941  76 type
     7    325   0   582184   3  13811125  79 dict of module
     8   1361   1   554480   3  14365605  82 dict (no owner)
     9   1018   1   547080   3  14912685  85 dict of type
<287 more rows. Type e.g. '_.more' to view.>Partition of a set of 131379 objects. Total size = 17505661 bytes.
 Index  Count   %     Size   % Cumulative  % Kind (class / dict of class)
     0  32210  25  4770446  27   4770446  27 str
     1  31358  24  2394048  14   7164494  41 tuple
     2   7742   6  1858080  11   9022574  52 dict of evaluateFuncs.Cell
     3  15649  12  1203975   7  10226549  58 bytes
     4   7785   6  1125160   6  11351709  65 types.CodeType
     5   7307   6   993752   6  12345461  71 function
     6   1018   1   883480   5  13228941  76 type
     7    325   0   582184   3  13811125  79 dict of module
     8   1361   1   554200   3  14365325  82 dict (no owner)
     9   1018   1   547080   3  14912405  85 dict of type
<287 more rows. Type e.g. '_.more' to view.>Partition of a set of 131437 objects. Total size = 17510325 bytes.
 Index  Count   %     Size   % Cumulative  % Kind (class / dict of class)
     0  32211  25  4770442  27   4770442  27 str
     1  31359  24  2394144  14   7164586  41 tuple
     2   7742   6  1858080  11   9022666  52 dict of evaluateFuncs.Cell
     3  15649  12  1204127   7  10226793  58 bytes
     4   7785   6  1125160   6  11351953  65 types.CodeType
     5   7307   6   993752   6  12345705  71 function
     6   1018   1   883480   5  13229185  76 type
     7    325   0   582184   3  13811369  79 dict of module
     8   1361   1   555016   3  14366385  82 dict (no owner)
     9   1018   1   547080   3  14913465  85 dict of type
<287 more rows. Type e.g. '_.more' to view.>Partition of a set of 139299 objects. Total size = 18739513 bytes.
 Index  Count   %     Size   % Cumulative  % Kind (class / dict of class)
     0  32211  23  4770442  25   4770442  25 str
     1  11613   8  2787120  15   7557562  40 dict of evaluateFuncs.Cell
     2  31362  23  2394328  13   9951890  53 tuple
     3  15649  11  1204127   6  11156017  60 bytes
     4   7785   6  1125160   6  12281177  66 types.CodeType
     5   7307   5   993752   5  13274929  71 function
     6   1018   1   883480   5  14158409  76 type
     7  11613   8   650328   3  14808737  79 evaluateFuncs.Cell
     8    325   0   582184   3  15390921  82 dict of module
     9   1361   1   555016   3  15945937  85 dict (no owner)
<287 more rows. Type e.g. '_.more' to view.>Partition of a set of 139301 objects. Total size = 18739101 bytes.
 Index  Count   %     Size   % Cumulative  % Kind (class / dict of class)
     0  32211  23  4770442  25   4770442  25 str
     1  11613   8  2787120  15   7557562  40 dict of evaluateFuncs.Cell
     2  31362  23  2394328  13   9951890  53 tuple
     3  15649  11  1204127   6  11156017  60 bytes
     4   7785   6  1125160   6  12281177  66 types.CodeType
     5   7307   5   993752   5  13274929  71 function
     6   1018   1   883480   5  14158409  76 type
     7  11613   8   650328   3  14808737  79 evaluateFuncs.Cell
     8    325   0   582184   3  15390921  82 dict of module
     9   1361   1   554480   3  15945401  85 dict (no owner)
<287 more rows. Type e.g. '_.more' to view.>Partition of a set of 139300 objects. Total size = 18739005 bytes.
 Index  Count   %     Size   % Cumulative  % Kind (class / dict of class)
     0  32211  23  4770442  25   4770442  25 str
     1  11613   8  2787120  15   7557562  40 dict of evaluateFuncs.Cell
     2  31362  23  2394328  13   9951890  53 tuple
     3  15649  11  1204127   6  11156017  60 bytes
     4   7785   6  1125160   6  12281177  66 types.CodeType
     5   7307   5   993752   5  13274929  71 function
     6   1018   1   883480   5  14158409  76 type
     7  11613   8   650328   3  14808737  79 evaluateFuncs.Cell
     8    325   0   582184   3  15390921  82 dict of module
     9   1361   1   554480   3  15945401  85 dict (no owner)
<287 more rows. Type e.g. '_.more' to view.>Partition of a set of 139302 objects. Total size = 18739197 bytes.
 Index  Count   %     Size   % Cumulative  % Kind (class / dict of class)
     0  32211  23  4770442  25   4770442  25 str
     1  11613   8  2787120  15   7557562  40 dict of evaluateFuncs.Cell
     2  31362  23  2394328  13   9951890  53 tuple
     3  15649  11  1204127   6  11156017  60 bytes
     4   7785   6  1125160   6  12281177  66 types.CodeType
     5   7307   5   993752   5  13274929  71 function
     6   1018   1   883480   5  14158409  76 type
     7  11613   8   650328   3  14808737  79 evaluateFuncs.Cell
     8    325   0   582184   3  15390921  82 dict of module
     9   1361   1   554480   3  15945401  85 dict (no owner)
<287 more rows. Type e.g. '_.more' to view.>Partition of a set of 131385 objects. Total size = 17507309 bytes.
 Index  Count   %     Size   % Cumulative  % Kind (class / dict of class)
     0  32211  25  4770442  27   4770442  27 str
     1  31359  24  2394144  14   7164586  41 tuple
     2   7742   6  1858080  11   9022666  52 dict of evaluateFuncs.Cell
     3  15649  12  1204127   7  10226793  58 bytes
     4   7785   6  1125160   6  11351953  65 types.CodeType
     5   7307   6   993752   6  12345705  71 function
     6   1018   1   883480   5  13229185  76 type
     7    325   0   582184   3  13811369  79 dict of module
     8   1361   1   554480   3  14365849  82 dict (no owner)
     9   1018   1   547080   3  14912929  85 dict of type
<287 more rows. Type e.g. '_.more' to view.>Partition of a set of 139299 objects. Total size = 18738697 bytes.
 Index  Count   %     Size   % Cumulative  % Kind (class / dict of class)
     0  32211  23  4770442  25   4770442  25 str
     1  11613   8  2787120  15   7557562  40 dict of evaluateFuncs.Cell
     2  31362  23  2394328  13   9951890  53 tuple
     3  15649  11  1204127   6  11156017  60 bytes
     4   7785   6  1125160   6  12281177  66 types.CodeType
     5   7307   5   993752   5  13274929  71 function
     6   1018   1   883480   5  14158409  76 type
     7  11613   8   650328   3  14808737  79 evaluateFuncs.Cell
     8    325   0   582184   3  15390921  82 dict of module
     9   1361   1   554200   3  15945121  85 dict (no owner)
<287 more rows. Type e.g. '_.more' to view.>Partition of a set of 131385 objects. Total size = 17506445 bytes.
 Index  Count   %     Size   % Cumulative  % Kind (class / dict of class)
     0  32211  25  4770442  27   4770442  27 str
     1  31359  24  2394144  14   7164586  41 tuple
     2   7742   6  1858080  11   9022666  52 dict of evaluateFuncs.Cell
     3  15649  12  1204127   7  10226793  58 bytes
     4   7785   6  1125160   6  11351953  65 types.CodeType
     5   7307   6   993752   6  12345705  71 function
     6   1018   1   883480   5  13229185  76 type
     7    325   0   582184   3  13811369  79 dict of module
     8   1361   1   554072   3  14365441  82 dict (no owner)
     9   1018   1   547080   3  14912521  85 dict of type
<287 more rows. Type e.g. '_.more' to view.>Partition of a set of 131451 objects. Total size = 17511686 bytes.
 Index  Count   %     Size   % Cumulative  % Kind (class / dict of class)
     0  32215  25  4770735  27   4770735  27 str
     1  31360  24  2394200  14   7164935  41 tuple
     2   7742   6  1858080  11   9023015  52 dict of evaluateFuncs.Cell
     3  15649  12  1204127   7  10227142  58 bytes
     4   7785   6  1125160   6  11352302  65 types.CodeType
     5   7307   6   993752   6  12346054  71 function
     6   1018   1   883480   5  13229534  76 type
     7    325   0   582184   3  13811718  79 dict of module
     8   1361   1   555016   3  14366734  82 dict (no owner)
     9   1018   1   547080   3  14913814  85 dict of type
<287 more rows. Type e.g. '_.more' to view.>Partition of a set of 139314 objects. Total size = 18740970 bytes.
 Index  Count   %     Size   % Cumulative  % Kind (class / dict of class)
     0  32215  23  4770735  25   4770735  25 str
     1  11613   8  2787120  15   7557855  40 dict of evaluateFuncs.Cell
     2  31363  23  2394384  13   9952239  53 tuple
     3  15649  11  1204127   6  11156366  60 bytes
     4   7785   6  1125160   6  12281526  66 types.CodeType
     5   7307   5   993752   5  13275278  71 function
     6   1018   1   883480   5  14158758  76 type
     7  11613   8   650328   3  14809086  79 evaluateFuncs.Cell
     8    325   0   582184   3  15391270  82 dict of module
     9   1361   1   555016   3  15946286  85 dict (no owner)
<287 more rows. Type e.g. '_.more' to view.>Partition of a set of 139312 objects. Total size = 18740310 bytes.
 Index  Count   %     Size   % Cumulative  % Kind (class / dict of class)
     0  32215  23  4770735  25   4770735  25 str
     1  11613   8  2787120  15   7557855  40 dict of evaluateFuncs.Cell
     2  31363  23  2394384  13   9952239  53 tuple
     3  15649  11  1204127   6  11156366  60 bytes
     4   7785   6  1125160   6  12281526  66 types.CodeType
     5   7307   5   993752   5  13275278  71 function
     6   1018   1   883480   5  14158758  76 type
     7  11613   8   650328   3  14809086  79 evaluateFuncs.Cell
     8    325   0   582184   3  15391270  82 dict of module
     9   1361   1   554480   3  15945750  85 dict (no owner)
<287 more rows. Type e.g. '_.more' to view.>Partition of a set of 139310 objects. Total size = 18740118 bytes.
 Index  Count   %     Size   % Cumulative  % Kind (class / dict of class)
     0  32215  23  4770735  25   4770735  25 str
     1  11613   8  2787120  15   7557855  40 dict of evaluateFuncs.Cell
     2  31363  23  2394384  13   9952239  53 tuple
     3  15649  11  1204127   6  11156366  60 bytes
     4   7785   6  1125160   6  12281526  66 types.CodeType
     5   7307   5   993752   5  13275278  71 function
     6   1018   1   883480   5  14158758  76 type
     7  11613   8   650328   3  14809086  79 evaluateFuncs.Cell
     8    325   0   582184   3  15391270  82 dict of module
     9   1361   1   554480   3  15945750  85 dict (no owner)
<287 more rows. Type e.g. '_.more' to view.>Partition of a set of 139314 objects. Total size = 18740466 bytes.
 Index  Count   %     Size   % Cumulative  % Kind (class / dict of class)
     0  32215  23  4770735  25   4770735  25 str
     1  11613   8  2787120  15   7557855  40 dict of evaluateFuncs.Cell
     2  31363  23  2394384  13   9952239  53 tuple
     3  15649  11  1204127   6  11156366  60 bytes
     4   7785   6  1125160   6  12281526  66 types.CodeType
     5   7307   5   993752   5  13275278  71 function
     6   1018   1   883480   5  14158758  76 type
     7  11613   8   650328   3  14809086  79 evaluateFuncs.Cell
     8    325   0   582184   3  15391270  82 dict of module
     9   1361   1   554480   3  15945750  85 dict (no owner)
<287 more rows. Type e.g. '_.more' to view.>Partition of a set of 131399 objects. Total size = 17508670 bytes.
 Index  Count   %     Size   % Cumulative  % Kind (class / dict of class)
     0  32215  25  4770735  27   4770735  27 str
     1  31360  24  2394200  14   7164935  41 tuple
     2   7742   6  1858080  11   9023015  52 dict of evaluateFuncs.Cell
     3  15649  12  1204127   7  10227142  58 bytes
     4   7785   6  1125160   6  11352302  65 types.CodeType
     5   7307   6   993752   6  12346054  71 function
     6   1018   1   883480   5  13229534  76 type
     7    325   0   582184   3  13811718  79 dict of module
     8   1361   1   554480   3  14366198  82 dict (no owner)
     9   1018   1   547080   3  14913278  85 dict of type
<287 more rows. Type e.g. '_.more' to view.>Partition of a set of 139313 objects. Total size = 18740058 bytes.
 Index  Count   %     Size   % Cumulative  % Kind (class / dict of class)
     0  32215  23  4770735  25   4770735  25 str
     1  11613   8  2787120  15   7557855  40 dict of evaluateFuncs.Cell
     2  31363  23  2394384  13   9952239  53 tuple
     3  15649  11  1204127   6  11156366  60 bytes
     4   7785   6  1125160   6  12281526  66 types.CodeType
     5   7307   5   993752   5  13275278  71 function
     6   1018   1   883480   5  14158758  76 type
     7  11613   8   650328   3  14809086  79 evaluateFuncs.Cell
     8    325   0   582184   3  15391270  82 dict of module
     9   1361   1   554200   3  15945470  85 dict (no owner)
<287 more rows. Type e.g. '_.more' to view.>Partition of a set of 139312 objects. Total size = 18739834 bytes.
 Index  Count   %     Size   % Cumulative  % Kind (class / dict of class)
     0  32215  23  4770735  25   4770735  25 str
     1  11613   8  2787120  15   7557855  40 dict of evaluateFuncs.Cell
     2  31363  23  2394384  13   9952239  53 tuple
     3  15649  11  1204127   6  11156366  60 bytes
     4   7785   6  1125160   6  12281526  66 types.CodeType
     5   7307   5   993752   5  13275278  71 function
     6   1018   1   883480   5  14158758  76 type
     7  11613   8   650328   3  14809086  79 evaluateFuncs.Cell
     8    325   0   582184   3  15391270  82 dict of module
     9   1361   1   554072   3  15945342  85 dict (no owner)
<287 more rows. Type e.g. '_.more' to view.>Partition of a set of 131399 objects. Total size = 17507806 bytes.
 Index  Count   %     Size   % Cumulative  % Kind (class / dict of class)
     0  32215  25  4770735  27   4770735  27 str
     1  31360  24  2394200  14   7164935  41 tuple
     2   7742   6  1858080  11   9023015  52 dict of evaluateFuncs.Cell
     3  15649  12  1204127   7  10227142  58 bytes
     4   7785   6  1125160   6  11352302  65 types.CodeType
     5   7307   6   993752   6  12346054  71 function
     6   1018   1   883480   5  13229534  76 type
     7    325   0   582184   3  13811718  79 dict of module
     8   1361   1   554072   3  14365790  82 dict (no owner)
     9   1018   1   547080   3  14912870  85 dict of type
<287 more rows. Type e.g. '_.more' to view.>Partition of a set of 131449 objects. Total size = 17511492 bytes.
 Index  Count   %     Size   % Cumulative  % Kind (class / dict of class)
     0  32215  25  4770733  27   4770733  27 str
     1  31360  24  2394200  14   7164933  41 tuple
     2   7742   6  1858080  11   9023013  52 dict of evaluateFuncs.Cell
     3  15649  12  1204127   7  10227140  58 bytes
     4   7785   6  1125160   6  11352300  65 types.CodeType
     5   7307   6   993752   6  12346052  71 function
     6   1018   1   883480   5  13229532  76 type
     7    325   0   582184   3  13811716  79 dict of module
     8   1361   1   555016   3  14366732  82 dict (no owner)
     9   1018   1   547080   3  14913812  85 dict of type
<287 more rows. Type e.g. '_.more' to view.>Partition of a set of 139310 objects. Total size = 18740584 bytes.
 Index  Count   %     Size   % Cumulative  % Kind (class / dict of class)
     0  32215  23  4770733  25   4770733  25 str
     1  11613   8  2787120  15   7557853  40 dict of evaluateFuncs.Cell
     2  31363  23  2394384  13   9952237  53 tuple
     3  15649  11  1204127   6  11156364  60 bytes
     4   7785   6  1125160   6  12281524  66 types.CodeType
     5   7307   5   993752   5  13275276  71 function
     6   1018   1   883480   5  14158756  76 type
     7  11613   8   650328   3  14809084  79 evaluateFuncs.Cell
     8    325   0   582184   3  15391268  82 dict of module
     9   1361   1   555016   3  15946284  85 dict (no owner)
<287 more rows. Type e.g. '_.more' to view.>Partition of a set of 139313 objects. Total size = 18740336 bytes.
 Index  Count   %     Size   % Cumulative  % Kind (class / dict of class)
     0  32215  23  4770733  25   4770733  25 str
     1  11613   8  2787120  15   7557853  40 dict of evaluateFuncs.Cell
     2  31363  23  2394384  13   9952237  53 tuple
     3  15649  11  1204127   6  11156364  60 bytes
     4   7785   6  1125160   6  12281524  66 types.CodeType
     5   7307   5   993752   5  13275276  71 function
     6   1018   1   883480   5  14158756  76 type
     7  11613   8   650328   3  14809084  79 evaluateFuncs.Cell
     8    325   0   582184   3  15391268  82 dict of module
     9   1361   1   554480   3  15945748  85 dict (no owner)
<287 more rows. Type e.g. '_.more' to view.>Partition of a set of 139315 objects. Total size = 18740528 bytes.
 Index  Count   %     Size   % Cumulative  % Kind (class / dict of class)
     0  32215  23  4770733  25   4770733  25 str
     1  11613   8  2787120  15   7557853  40 dict of evaluateFuncs.Cell
     2  31363  23  2394384  13   9952237  53 tuple
     3  15649  11  1204127   6  11156364  60 bytes
     4   7785   6  1125160   6  12281524  66 types.CodeType
     5   7307   5   993752   5  13275276  71 function
     6   1018   1   883480   5  14158756  76 type
     7  11613   8   650328   3  14809084  79 evaluateFuncs.Cell
     8    325   0   582184   3  15391268  82 dict of module
     9   1361   1   554480   3  15945748  85 dict (no owner)
<287 more rows. Type e.g. '_.more' to view.>Partition of a set of 139315 objects. Total size = 18740528 bytes.
 Index  Count   %     Size   % Cumulative  % Kind (class / dict of class)
     0  32215  23  4770733  25   4770733  25 str
     1  11613   8  2787120  15   7557853  40 dict of evaluateFuncs.Cell
     2  31363  23  2394384  13   9952237  53 tuple
     3  15649  11  1204127   6  11156364  60 bytes
     4   7785   6  1125160   6  12281524  66 types.CodeType
     5   7307   5   993752   5  13275276  71 function
     6   1018   1   883480   5  14158756  76 type
     7  11613   8   650328   3  14809084  79 evaluateFuncs.Cell
     8    325   0   582184   3  15391268  82 dict of module
     9   1361   1   554480   3  15945748  85 dict (no owner)
<287 more rows. Type e.g. '_.more' to view.>Partition of a set of 131397 objects. Total size = 17508476 bytes.
 Index  Count   %     Size   % Cumulative  % Kind (class / dict of class)
     0  32215  25  4770733  27   4770733  27 str
     1  31360  24  2394200  14   7164933  41 tuple
     2   7742   6  1858080  11   9023013  52 dict of evaluateFuncs.Cell
     3  15649  12  1204127   7  10227140  58 bytes
     4   7785   6  1125160   6  11352300  65 types.CodeType
     5   7307   6   993752   6  12346052  71 function
     6   1018   1   883480   5  13229532  76 type
     7    325   0   582184   3  13811716  79 dict of module
     8   1361   1   554480   3  14366196  82 dict (no owner)
     9   1018   1   547080   3  14913276  85 dict of type
<287 more rows. Type e.g. '_.more' to view.>Partition of a set of 139311 objects. Total size = 18739864 bytes.
 Index  Count   %     Size   % Cumulative  % Kind (class / dict of class)
     0  32215  23  4770733  25   4770733  25 str
     1  11613   8  2787120  15   7557853  40 dict of evaluateFuncs.Cell
     2  31363  23  2394384  13   9952237  53 tuple
     3  15649  11  1204127   6  11156364  60 bytes
     4   7785   6  1125160   6  12281524  66 types.CodeType
     5   7307   5   993752   5  13275276  71 function
     6   1018   1   883480   5  14158756  76 type
     7  11613   8   650328   3  14809084  79 evaluateFuncs.Cell
     8    325   0   582184   3  15391268  82 dict of module
     9   1361   1   554200   3  15945468  85 dict (no owner)
<287 more rows. Type e.g. '_.more' to view.>Partition of a set of 131438 objects. Total size = 17510269 bytes.
 Index  Count   %     Size   % Cumulative  % Kind (class / dict of class)
     0  32211  25  4770442  27   4770442  27 str
     1  31359  24  2394144  14   7164586  41 tuple
     2   7742   6  1858080  11   9022666  52 dict of evaluateFuncs.Cell
     3  15649  12  1204043   7  10226709  58 bytes
     4   7785   6  1125160   6  11351869  65 types.CodeType
     5   7307   6   993752   6  12345621  71 function
     6   1018   1   883480   5  13229101  76 type
     7    325   0   582184   3  13811285  79 dict of module
     8   1361   1   555016   3  14366301  82 dict (no owner)
     9   1018   1   547080   3  14913381  85 dict of type
<287 more rows. Type e.g. '_.more' to view.>Partition of a set of 139298 objects. Total size = 18739265 bytes.
 Index  Count   %     Size   % Cumulative  % Kind (class / dict of class)
     0  32211  23  4770442  25   4770442  25 str
     1  11613   8  2787120  15   7557562  40 dict of evaluateFuncs.Cell
     2  31362  23  2394328  13   9951890  53 tuple
     3  15649  11  1204043   6  11155933  60 bytes
     4   7785   6  1125160   6  12281093  66 types.CodeType
     5   7307   5   993752   5  13274845  71 function
     6   1018   1   883480   5  14158325  76 type
     7  11613   8   650328   3  14808653  79 evaluateFuncs.Cell
     8    325   0   582184   3  15390837  82 dict of module
     9   1361   1   555016   3  15945853  85 dict (no owner)
<287 more rows. Type e.g. '_.more' to view.>Partition of a set of 139301 objects. Total size = 18739017 bytes.
 Index  Count   %     Size   % Cumulative  % Kind (class / dict of class)
     0  32211  23  4770442  25   4770442  25 str
     1  11613   8  2787120  15   7557562  40 dict of evaluateFuncs.Cell
     2  31362  23  2394328  13   9951890  53 tuple
     3  15649  11  1204043   6  11155933  60 bytes
     4   7785   6  1125160   6  12281093  66 types.CodeType
     5   7307   5   993752   5  13274845  71 function
     6   1018   1   883480   5  14158325  76 type
     7  11613   8   650328   3  14808653  79 evaluateFuncs.Cell
     8    325   0   582184   3  15390837  82 dict of module
     9   1361   1   554480   3  15945317  85 dict (no owner)
<287 more rows. Type e.g. '_.more' to view.>Partition of a set of 139304 objects. Total size = 18739305 bytes.
 Index  Count   %     Size   % Cumulative  % Kind (class / dict of class)
     0  32211  23  4770442  25   4770442  25 str
     1  11613   8  2787120  15   7557562  40 dict of evaluateFuncs.Cell
     2  31362  23  2394328  13   9951890  53 tuple
     3  15649  11  1204043   6  11155933  60 bytes
     4   7785   6  1125160   6  12281093  66 types.CodeType
     5   7307   5   993752   5  13274845  71 function
     6   1018   1   883480   5  14158325  76 type
     7  11613   8   650328   3  14808653  79 evaluateFuncs.Cell
     8    325   0   582184   3  15390837  82 dict of module
     9   1361   1   554480   3  15945317  85 dict (no owner)
<287 more rows. Type e.g. '_.more' to view.>Partition of a set of 139304 objects. Total size = 18739305 bytes.
 Index  Count   %     Size   % Cumulative  % Kind (class / dict of class)
     0  32211  23  4770442  25   4770442  25 str
     1  11613   8  2787120  15   7557562  40 dict of evaluateFuncs.Cell
     2  31362  23  2394328  13   9951890  53 tuple
     3  15649  11  1204043   6  11155933  60 bytes
     4   7785   6  1125160   6  12281093  66 types.CodeType
     5   7307   5   993752   5  13274845  71 function
     6   1018   1   883480   5  14158325  76 type
     7  11613   8   650328   3  14808653  79 evaluateFuncs.Cell
     8    325   0   582184   3  15390837  82 dict of module
     9   1361   1   554480   3  15945317  85 dict (no owner)
<287 more rows. Type e.g. '_.more' to view.>Partition of a set of 131386 objects. Total size = 17507253 bytes.
 Index  Count   %     Size   % Cumulative  % Kind (class / dict of class)
     0  32211  25  4770442  27   4770442  27 str
     1  31359  24  2394144  14   7164586  41 tuple
     2   7742   6  1858080  11   9022666  52 dict of evaluateFuncs.Cell
     3  15649  12  1204043   7  10226709  58 bytes
     4   7785   6  1125160   6  11351869  65 types.CodeType
     5   7307   6   993752   6  12345621  71 function
     6   1018   1   883480   5  13229101  76 type
     7    325   0   582184   3  13811285  79 dict of module
     8   1361   1   554480   3  14365765  82 dict (no owner)
     9   1018   1   547080   3  14912845  85 dict of type
<287 more rows. Type e.g. '_.more' to view.>Partition of a set of 139301 objects. Total size = 18738737 bytes.
 Index  Count   %     Size   % Cumulative  % Kind (class / dict of class)
     0  32211  23  4770442  25   4770442  25 str
     1  11613   8  2787120  15   7557562  40 dict of evaluateFuncs.Cell
     2  31362  23  2394328  13   9951890  53 tuple
     3  15649  11  1204043   6  11155933  60 bytes
     4   7785   6  1125160   6  12281093  66 types.CodeType
     5   7307   5   993752   5  13274845  71 function
     6   1018   1   883480   5  14158325  76 type
     7  11613   8   650328   3  14808653  79 evaluateFuncs.Cell
     8    325   0   582184   3  15390837  82 dict of module
     9   1361   1   554200   3  15945037  85 dict (no owner)
<287 more rows. Type e.g. '_.more' to view.>Partition of a set of 131386 objects. Total size = 17506389 bytes.
 Index  Count   %     Size   % Cumulative  % Kind (class / dict of class)
     0  32211  25  4770442  27   4770442  27 str
     1  31359  24  2394144  14   7164586  41 tuple
     2   7742   6  1858080  11   9022666  52 dict of evaluateFuncs.Cell
     3  15649  12  1204043   7  10226709  58 bytes
     4   7785   6  1125160   6  11351869  65 types.CodeType
     5   7307   6   993752   6  12345621  71 function
     6   1018   1   883480   5  13229101  76 type
     7    325   0   582184   3  13811285  79 dict of module
     8   1361   1   554072   3  14365357  82 dict (no owner)
     9   1018   1   547080   3  14912437  85 dict of type
<287 more rows. Type e.g. '_.more' to view.>Partition of a set of 131444 objects. Total size = 17510739 bytes.
 Index  Count   %     Size   % Cumulative  % Kind (class / dict of class)
     0  32215  25  4770648  27   4770648  27 str
     1  31359  24  2394160  14   7164808  41 tuple
     2   7742   6  1858080  11   9022888  52 dict of evaluateFuncs.Cell
     3  15649  12  1204099   7  10226987  58 bytes
     4   7785   6  1125160   6  11352147  65 types.CodeType
     5   7307   6   993752   6  12345899  71 function
     6   1018   1   883480   5  13229379  76 type
     7    325   0   582184   3  13811563  79 dict of module
     8   1361   1   555016   3  14366579  82 dict (no owner)
     9   1018   1   547080   3  14913659  85 dict of type
<287 more rows. Type e.g. '_.more' to view.>Partition of a set of 139309 objects. Total size = 18740247 bytes.
 Index  Count   %     Size   % Cumulative  % Kind (class / dict of class)
     0  32215  23  4770648  25   4770648  25 str
     1  11613   8  2787120  15   7557768  40 dict of evaluateFuncs.Cell
     2  31362  23  2394344  13   9952112  53 tuple
     3  15649  11  1204099   6  11156211  60 bytes
     4   7785   6  1125160   6  12281371  66 types.CodeType
     5   7307   5   993752   5  13275123  71 function
     6   1018   1   883480   5  14158603  76 type
     7  11613   8   650328   3  14808931  79 evaluateFuncs.Cell
     8    325   0   582184   3  15391115  82 dict of module
     9   1361   1   555016   3  15946131  85 dict (no owner)
<287 more rows. Type e.g. '_.more' to view.>Partition of a set of 139309 objects. Total size = 18739711 bytes.
 Index  Count   %     Size   % Cumulative  % Kind (class / dict of class)
     0  32215  23  4770648  25   4770648  25 str
     1  11613   8  2787120  15   7557768  40 dict of evaluateFuncs.Cell
     2  31362  23  2394344  13   9952112  53 tuple
     3  15649  11  1204099   6  11156211  60 bytes
     4   7785   6  1125160   6  12281371  66 types.CodeType
     5   7307   5   993752   5  13275123  71 function
     6   1018   1   883480   5  14158603  76 type
     7  11613   8   650328   3  14808931  79 evaluateFuncs.Cell
     8    325   0   582184   3  15391115  82 dict of module
     9   1361   1   554480   3  15945595  85 dict (no owner)
<287 more rows. Type e.g. '_.more' to view.>Partition of a set of 139308 objects. Total size = 18739615 bytes.
 Index  Count   %     Size   % Cumulative  % Kind (class / dict of class)
     0  32215  23  4770648  25   4770648  25 str
     1  11613   8  2787120  15   7557768  40 dict of evaluateFuncs.Cell
     2  31362  23  2394344  13   9952112  53 tuple
     3  15649  11  1204099   6  11156211  60 bytes
     4   7785   6  1125160   6  12281371  66 types.CodeType
     5   7307   5   993752   5  13275123  71 function
     6   1018   1   883480   5  14158603  76 type
     7  11613   8   650328   3  14808931  79 evaluateFuncs.Cell
     8    325   0   582184   3  15391115  82 dict of module
     9   1361   1   554480   3  15945595  85 dict (no owner)
<287 more rows. Type e.g. '_.more' to view.>Partition of a set of 139308 objects. Total size = 18739615 bytes.
 Index  Count   %     Size   % Cumulative  % Kind (class / dict of class)
     0  32215  23  4770648  25   4770648  25 str
     1  11613   8  2787120  15   7557768  40 dict of evaluateFuncs.Cell
     2  31362  23  2394344  13   9952112  53 tuple
     3  15649  11  1204099   6  11156211  60 bytes
     4   7785   6  1125160   6  12281371  66 types.CodeType
     5   7307   5   993752   5  13275123  71 function
     6   1018   1   883480   5  14158603  76 type
     7  11613   8   650328   3  14808931  79 evaluateFuncs.Cell
     8    325   0   582184   3  15391115  82 dict of module
     9   1361   1   554480   3  15945595  85 dict (no owner)
<287 more rows. Type e.g. '_.more' to view.>Partition of a set of 131392 objects. Total size = 17507723 bytes.
 Index  Count   %     Size   % Cumulative  % Kind (class / dict of class)
     0  32215  25  4770648  27   4770648  27 str
     1  31359  24  2394160  14   7164808  41 tuple
     2   7742   6  1858080  11   9022888  52 dict of evaluateFuncs.Cell
     3  15649  12  1204099   7  10226987  58 bytes
     4   7785   6  1125160   6  11352147  65 types.CodeType
     5   7307   6   993752   6  12345899  71 function
     6   1018   1   883480   5  13229379  76 type
     7    325   0   582184   3  13811563  79 dict of module
     8   1361   1   554480   3  14366043  82 dict (no owner)
     9   1018   1   547080   3  14913123  85 dict of type
<287 more rows. Type e.g. '_.more' to view.>Partition of a set of 139305 objects. Total size = 18739015 bytes.
 Index  Count   %     Size   % Cumulative  % Kind (class / dict of class)
     0  32215  23  4770648  25   4770648  25 str
     1  11613   8  2787120  15   7557768  40 dict of evaluateFuncs.Cell
     2  31362  23  2394344  13   9952112  53 tuple
     3  15649  11  1204099   6  11156211  60 bytes
     4   7785   6  1125160   6  12281371  66 types.CodeType
     5   7307   5   993752   5  13275123  71 function
     6   1018   1   883480   5  14158603  76 type
     7  11613   8   650328   3  14808931  79 evaluateFuncs.Cell
     8    325   0   582184   3  15391115  82 dict of module
     9   1361   1   554200   3  15945315  85 dict (no owner)
<287 more rows. Type e.g. '_.more' to view.>Partition of a set of 131392 objects. Total size = 17506859 bytes.
 Index  Count   %     Size   % Cumulative  % Kind (class / dict of class)
     0  32215  25  4770648  27   4770648  27 str
     1  31359  24  2394160  14   7164808  41 tuple
     2   7742   6  1858080  11   9022888  52 dict of evaluateFuncs.Cell
     3  15649  12  1204099   7  10226987  58 bytes
     4   7785   6  1125160   6  11352147  65 types.CodeType
     5   7307   6   993752   6  12345899  71 function
     6   1018   1   883480   5  13229379  76 type
     7    325   0   582184   3  13811563  79 dict of module
     8   1361   1   554072   3  14365635  82 dict (no owner)
     9   1018   1   547080   3  14912715  85 dict of type
<287 more rows. Type e.g. '_.more' to view.>Partition of a set of 131436 objects. Total size = 17509884 bytes.
 Index  Count   %     Size   % Cumulative  % Kind (class / dict of class)
     0  32215  25  4770737  27   4770737  27 str
     1  31358  24  2394104  14   7164841  41 tuple
     2   7742   6  1858080  11   9022921  52 dict of evaluateFuncs.Cell
     3  15649  12  1204099   7  10227020  58 bytes
     4   7785   6  1125160   6  11352180  65 types.CodeType
     5   7307   6   993752   6  12345932  71 function
     6   1018   1   883480   5  13229412  76 type
     7    325   0   582184   3  13811596  79 dict of module
     8   1361   1   555016   3  14366612  82 dict (no owner)
     9   1018   1   547080   3  14913692  85 dict of type
<287 more rows. Type e.g. '_.more' to view.>Partition of a set of 139298 objects. Total size = 18739072 bytes.
 Index  Count   %     Size   % Cumulative  % Kind (class / dict of class)
     0  32215  23  4770737  25   4770737  25 str
     1  11613   8  2787120  15   7557857  40 dict of evaluateFuncs.Cell
     2  31361  23  2394288  13   9952145  53 tuple
     3  15649  11  1204099   6  11156244  60 bytes
     4   7785   6  1125160   6  12281404  66 types.CodeType
     5   7307   5   993752   5  13275156  71 function
     6   1018   1   883480   5  14158636  76 type
     7  11613   8   650328   3  14808964  79 evaluateFuncs.Cell
     8    325   0   582184   3  15391148  82 dict of module
     9   1361   1   555016   3  15946164  85 dict (no owner)
<287 more rows. Type e.g. '_.more' to view.>Partition of a set of 139299 objects. Total size = 18738632 bytes.
 Index  Count   %     Size   % Cumulative  % Kind (class / dict of class)
     0  32215  23  4770737  25   4770737  25 str
     1  11613   8  2787120  15   7557857  40 dict of evaluateFuncs.Cell
     2  31361  23  2394288  13   9952145  53 tuple
     3  15649  11  1204099   6  11156244  60 bytes
     4   7785   6  1125160   6  12281404  66 types.CodeType
     5   7307   5   993752   5  13275156  71 function
     6   1018   1   883480   5  14158636  76 type
     7  11613   8   650328   3  14808964  79 evaluateFuncs.Cell
     8    325   0   582184   3  15391148  82 dict of module
     9   1361   1   554480   3  15945628  85 dict (no owner)
<287 more rows. Type e.g. '_.more' to view.>Partition of a set of 139299 objects. Total size = 18738632 bytes.
 Index  Count   %     Size   % Cumulative  % Kind (class / dict of class)
     0  32215  23  4770737  25   4770737  25 str
     1  11613   8  2787120  15   7557857  40 dict of evaluateFuncs.Cell
     2  31361  23  2394288  13   9952145  53 tuple
     3  15649  11  1204099   6  11156244  60 bytes
     4   7785   6  1125160   6  12281404  66 types.CodeType
     5   7307   5   993752   5  13275156  71 function
     6   1018   1   883480   5  14158636  76 type
     7  11613   8   650328   3  14808964  79 evaluateFuncs.Cell
     8    325   0   582184   3  15391148  82 dict of module
     9   1361   1   554480   3  15945628  85 dict (no owner)
<287 more rows. Type e.g. '_.more' to view.>Partition of a set of 139300 objects. Total size = 18738728 bytes.
 Index  Count   %     Size   % Cumulative  % Kind (class / dict of class)
     0  32215  23  4770737  25   4770737  25 str
     1  11613   8  2787120  15   7557857  40 dict of evaluateFuncs.Cell
     2  31361  23  2394288  13   9952145  53 tuple
     3  15649  11  1204099   6  11156244  60 bytes
     4   7785   6  1125160   6  12281404  66 types.CodeType
     5   7307   5   993752   5  13275156  71 function
     6   1018   1   883480   5  14158636  76 type
     7  11613   8   650328   3  14808964  79 evaluateFuncs.Cell
     8    325   0   582184   3  15391148  82 dict of module
     9   1361   1   554480   3  15945628  85 dict (no owner)
<287 more rows. Type e.g. '_.more' to view.>Partition of a set of 131384 objects. Total size = 17506868 bytes.
 Index  Count   %     Size   % Cumulative  % Kind (class / dict of class)
     0  32215  25  4770737  27   4770737  27 str
     1  31358  24  2394104  14   7164841  41 tuple
     2   7742   6  1858080  11   9022921  52 dict of evaluateFuncs.Cell
     3  15649  12  1204099   7  10227020  58 bytes
     4   7785   6  1125160   6  11352180  65 types.CodeType
     5   7307   6   993752   6  12345932  71 function
     6   1018   1   883480   5  13229412  76 type
     7    325   0   582184   3  13811596  79 dict of module
     8   1361   1   554480   3  14366076  82 dict (no owner)
     9   1018   1   547080   3  14913156  85 dict of type
<287 more rows. Type e.g. '_.more' to view.>Partition of a set of 131384 objects. Total size = 17506132 bytes.
 Index  Count   %     Size   % Cumulative  % Kind (class / dict of class)
     0  32215  25  4770737  27   4770737  27 str
     1  31358  24  2394104  14   7164841  41 tuple
     2   7742   6  1858080  11   9022921  52 dict of evaluateFuncs.Cell
     3  15649  12  1204099   7  10227020  58 bytes
     4   7785   6  1125160   6  11352180  65 types.CodeType
     5   7307   6   993752   6  12345932  71 function
     6   1018   1   883480   5  13229412  76 type
     7    325   0   582184   3  13811596  79 dict of module
     8   1361   1   554200   3  14365796  82 dict (no owner)
     9   1018   1   547080   3  14912876  85 dict of type
<287 more rows. Type e.g. '_.more' to view.>